#
# There is insufficient memory for the Java Runtime Environment to continue.
# Native memory allocation (malloc) failed to allocate 1040816 bytes for Chunk::new
# Possible reasons:
#   The system is out of physical RAM or swap space
#   The process is running with CompressedOops enabled, and the Java Heap may be blocking the growth of the native heap
# Possible solutions:
#   Reduce memory load on the system
#   Increase physical memory or swap space
#   Check if swap backing store is full
#   Decrease Java heap size (-Xmx/-Xms)
#   Decrease number of Java threads
#   Decrease Java thread stack sizes (-Xss)
#   Set larger code cache with -XX:ReservedCodeCacheSize=
#   JVM is running with Unscaled Compressed Oops mode in which the Java heap is
#     placed in the first 4GB address space. The Java Heap base address is the
#     maximum limit for the native heap growth. Please use -XX:HeapBaseMinAddress
#     to set the Java Heap base and to place the Java Heap above 4GB virtual address.
# This output file may be truncated or incomplete.
#
#  Out of Memory Error (arena.cpp:168), pid=4444, tid=21256
#
# JRE version: Java(TM) SE Runtime Environment (21.0.8+12) (build 21.0.8+12-LTS-250)
# Java VM: Java HotSpot(TM) 64-Bit Server VM (21.0.8+12-LTS-250, mixed mode, sharing, tiered, compressed oops, compressed class ptrs, g1 gc, windows-amd64)
# No core dump will be written. Minidumps are not enabled by default on client versions of Windows
#

---------------  S U M M A R Y ------------

Command Line: -XX:MaxMetaspaceSize=512m -XX:ReservedCodeCacheSize=128m -XX:+HeapDumpOnOutOfMemoryError --add-opens=java.base/java.util=ALL-UNNAMED --add-opens=java.base/java.lang=ALL-UNNAMED --add-opens=java.base/java.lang.invoke=ALL-UNNAMED --add-opens=java.prefs/java.util.prefs=ALL-UNNAMED --add-exports=jdk.compiler/com.sun.tools.javac.api=ALL-UNNAMED --add-exports=jdk.compiler/com.sun.tools.javac.util=ALL-UNNAMED --add-opens=java.base/java.nio.charset=ALL-UNNAMED --add-opens=java.base/java.net=ALL-UNNAMED --add-opens=java.base/java.util.concurrent.atomic=ALL-UNNAMED -Xmx2G -Dfile.encoding=utf8 -Duser.country=CM -Duser.language=fr -Duser.variant -javaagent:C:\Users\JEREMIE\.gradle\wrapper\dists\gradle-8.10.2-all\7iv73wktx1xtkvlq19urqw1wm\gradle-8.10.2\lib\agents\gradle-instrumentation-agent-8.10.2.jar org.gradle.launcher.daemon.bootstrap.GradleDaemon 8.10.2

Host: Intel(R) Core(TM) i7-8565U CPU @ 1.80GHz, 8 cores, 7G,  Windows 11 , 64 bit Build 22621 (10.0.22621.5415)
Time: Thu Feb 19 18:43:36 2026 Paris, Madrid elapsed time: 39.480461 seconds (0d 0h 0m 39s)

---------------  T H R E A D  ---------------

Current thread (0x00000230ff381690):  JavaThread "C2 CompilerThread0" daemon [_thread_in_native, id=21256, stack(0x0000004437e00000,0x0000004437f00000) (1024K)]


Current CompileTask:
C2:  39480 12881   !   4       org.gradle.internal.classloader.TransformReplacer::getInstrumentedClass (34 bytes)

Stack: [0x0000004437e00000,0x0000004437f00000]
Native frames: (J=compiled Java code, j=interpreted, Vv=VM code, C=native code)
V  [jvm.dll+0x6cc179]
V  [jvm.dll+0x8584c1]
V  [jvm.dll+0x85a9ee]
V  [jvm.dll+0x85b0c3]
V  [jvm.dll+0x27ebf6]
V  [jvm.dll+0xc4f4d]
V  [jvm.dll+0xc5483]
V  [jvm.dll+0x3b6a82]
V  [jvm.dll+0x382a35]
V  [jvm.dll+0x381eaa]
V  [jvm.dll+0x247670]
V  [jvm.dll+0x246c4f]
V  [jvm.dll+0x1c7a3e]
V  [jvm.dll+0x256359]
V  [jvm.dll+0x2548ea]
V  [jvm.dll+0x3efef6]
V  [jvm.dll+0x80279b]
V  [jvm.dll+0x6ca85d]
C  [ucrtbase.dll+0x29333]
C  [KERNEL32.DLL+0x1259d]
C  [ntdll.dll+0x5af78]


---------------  P R O C E S S  ---------------

Threads class SMR info:
_java_thread_list=0x00000230b04fdaa0, length=115, elements={
0x00000230f3880970, 0x00000230ff379e40, 0x00000230ff37ac50, 0x00000230ff37ca10,
0x00000230ff37f470, 0x00000230ff37fec0, 0x00000230ff380910, 0x00000230ff381690,
0x00000230ff384130, 0x00000230ff5a6530, 0x00000230ff6a1a90, 0x00000230abfc2740,
0x00000230ac93c630, 0x00000230ac868b60, 0x00000230ac8b23c0, 0x00000230ac8b8530,
0x00000230ac8ff6c0, 0x00000230ac900130, 0x00000230ac8f4130, 0x00000230aca3f8a0,
0x00000230aca3e4f0, 0x00000230aca3ff30, 0x00000230aca3eb80, 0x00000230aca3d7d0,
0x00000230aca3d140, 0x00000230aca3de60, 0x00000230aca3f210, 0x00000230aca405c0,
0x00000230ace27300, 0x00000230ace265e0, 0x00000230ace22440, 0x00000230ace26c70,
0x00000230ace237f0, 0x00000230ace23160, 0x00000230ace23e80, 0x00000230ace20370,
0x00000230ace21db0, 0x00000230ace20a00, 0x00000230ace258c0, 0x00000230ace21090,
0x00000230ad122d30, 0x00000230ad124770, 0x00000230ad124e00, 0x00000230ad125490,
0x00000230ad11eb90, 0x00000230ad1226a0, 0x00000230ad11e500, 0x00000230ad120c60,
0x00000230ad1233c0, 0x00000230ad1212f0, 0x00000230ad11f220, 0x00000230ad11f8b0,
0x00000230ad125b20, 0x00000230ad121980, 0x00000230ad11ff40, 0x00000230ad123a50,
0x00000230ad1205d0, 0x00000230ad122010, 0x00000230b03c7b50, 0x00000230b03c8870,
0x00000230b03ca2b0, 0x00000230b03cca10, 0x00000230b03c6110, 0x00000230b03c67a0,
0x00000230b03c8f00, 0x00000230b03c9590, 0x00000230b03cbcf0, 0x00000230b03ca940,
0x00000230b13fe780, 0x00000230b13fee10, 0x00000230b13ffb30, 0x00000230b13ff4a0,
0x00000230b14001c0, 0x00000230b13fb990, 0x00000230b13fc020, 0x00000230b13fc6b0,
0x00000230b13f9f50, 0x00000230b13f9230, 0x00000230b13fcd40, 0x00000230b13fa5e0,
0x00000230b13f98c0, 0x00000230b13fda60, 0x00000230b13fd3d0, 0x00000230b13fe0f0,
0x00000230b1400850, 0x00000230b13fac70, 0x00000230b13fb300, 0x00000230addcb040,
0x00000230addca9b0, 0x00000230addcb6d0, 0x00000230addcca80, 0x00000230addceb50,
0x00000230addcbd60, 0x00000230addcf1e0, 0x00000230addc8250, 0x00000230addcf870,
0x00000230addcc3f0, 0x00000230addc88e0, 0x00000230addcd110, 0x00000230addc8f70,
0x00000230addcde30, 0x00000230addcd7a0, 0x00000230addc9600, 0x00000230addca320,
0x00000230addc9c90, 0x00000230addce4c0, 0x00000230b03c9c20, 0x00000230b03cafd0,
0x00000230b03cc380, 0x00000230b03c74c0, 0x00000230b03cb660, 0x00000230ad1240e0,
0x00000230b05ec810, 0x00000230b05e72c0, 0x00000230b0306500
}

Java Threads: ( => current thread )
  0x00000230f3880970 JavaThread "main"                              [_thread_blocked, id=20808, stack(0x0000004437000000,0x0000004437100000) (1024K)]
  0x00000230ff379e40 JavaThread "Reference Handler"          daemon [_thread_blocked, id=36656, stack(0x0000004437800000,0x0000004437900000) (1024K)]
  0x00000230ff37ac50 JavaThread "Finalizer"                  daemon [_thread_blocked, id=16716, stack(0x0000004437900000,0x0000004437a00000) (1024K)]
  0x00000230ff37ca10 JavaThread "Signal Dispatcher"          daemon [_thread_blocked, id=35392, stack(0x0000004437a00000,0x0000004437b00000) (1024K)]
  0x00000230ff37f470 JavaThread "Attach Listener"            daemon [_thread_blocked, id=32300, stack(0x0000004437b00000,0x0000004437c00000) (1024K)]
  0x00000230ff37fec0 JavaThread "Service Thread"             daemon [_thread_blocked, id=12136, stack(0x0000004437c00000,0x0000004437d00000) (1024K)]
  0x00000230ff380910 JavaThread "Monitor Deflation Thread"   daemon [_thread_blocked, id=10680, stack(0x0000004437d00000,0x0000004437e00000) (1024K)]
=>0x00000230ff381690 JavaThread "C2 CompilerThread0"         daemon [_thread_in_native, id=21256, stack(0x0000004437e00000,0x0000004437f00000) (1024K)]
  0x00000230ff384130 JavaThread "C1 CompilerThread0"         daemon [_thread_blocked, id=38720, stack(0x0000004437f00000,0x0000004438000000) (1024K)]
  0x00000230ff5a6530 JavaThread "Common-Cleaner"             daemon [_thread_blocked, id=5228, stack(0x0000004438000000,0x0000004438100000) (1024K)]
  0x00000230ff6a1a90 JavaThread "Notification Thread"        daemon [_thread_blocked, id=11440, stack(0x0000004438100000,0x0000004438200000) (1024K)]
  0x00000230abfc2740 JavaThread "Daemon health stats"               [_thread_blocked, id=25844, stack(0x0000004438200000,0x0000004438300000) (1024K)]
  0x00000230ac93c630 JavaThread "Incoming local TCP Connector on port 7369"        [_thread_in_native, id=36616, stack(0x0000004438b00000,0x0000004438c00000) (1024K)]
  0x00000230ac868b60 JavaThread "Daemon periodic checks"            [_thread_blocked, id=29156, stack(0x0000004438c00000,0x0000004438d00000) (1024K)]
  0x00000230ac8b23c0 JavaThread "Daemon"                            [_thread_blocked, id=15352, stack(0x0000004438d00000,0x0000004438e00000) (1024K)]
  0x00000230ac8b8530 JavaThread "Handler for socket connection from /127.0.0.1:7369 to /127.0.0.1:7371"        [_thread_in_native, id=6224, stack(0x0000004438e00000,0x0000004438f00000) (1024K)]
  0x00000230ac8ff6c0 JavaThread "Cancel handler"                    [_thread_blocked, id=10688, stack(0x0000004438f00000,0x0000004439000000) (1024K)]
  0x00000230ac900130 JavaThread "Daemon worker"                     [_thread_in_vm, id=23044, stack(0x0000004439000000,0x0000004439100000) (1024K)]
  0x00000230ac8f4130 JavaThread "Asynchronous log dispatcher for DefaultDaemonConnection: socket connection from /127.0.0.1:7369 to /127.0.0.1:7371"        [_thread_blocked, id=1804, stack(0x0000004439100000,0x0000004439200000) (1024K)]
  0x00000230aca3f8a0 JavaThread "Stdin handler"                     [_thread_blocked, id=13060, stack(0x0000004439200000,0x0000004439300000) (1024K)]
  0x00000230aca3e4f0 JavaThread "Daemon client event forwarder"        [_thread_blocked, id=30436, stack(0x0000004439300000,0x0000004439400000) (1024K)]
  0x00000230aca3ff30 JavaThread "Cache worker for journal cache (C:\Users\JEREMIE\.gradle\caches\journal-1)"        [_thread_blocked, id=18100, stack(0x0000004439400000,0x0000004439500000) (1024K)]
  0x00000230aca3eb80 JavaThread "File lock request listener"        [_thread_in_native, id=14756, stack(0x0000004439500000,0x0000004439600000) (1024K)]
  0x00000230aca3d7d0 JavaThread "Cache worker for file hash cache (C:\Users\JEREMIE\.gradle\caches\8.10.2\fileHashes)"        [_thread_blocked, id=21488, stack(0x0000004439600000,0x0000004439700000) (1024K)]
  0x00000230aca3d140 JavaThread "File lock release action executor"        [_thread_blocked, id=30128, stack(0x0000004439700000,0x0000004439800000) (1024K)]
  0x00000230aca3de60 JavaThread "Cache worker for file hash cache (C:\Users\JEREMIE\Desktop\projet de soutenance\Application-de-paiement-qrcode-\qrcode\android\.gradle\8.10.2\fileHashes)"        [_thread_blocked, id=37804, stack(0x0000004439900000,0x0000004439a00000) (1024K)]
  0x00000230aca3f210 JavaThread "Cache worker for Build Output Cleanup Cache (C:\Users\JEREMIE\Desktop\projet de soutenance\Application-de-paiement-qrcode-\qrcode\android\.gradle\buildOutputCleanup)"        [_thread_blocked, id=22716, stack(0x0000004439a00000,0x0000004439b00000) (1024K)]
  0x00000230aca405c0 JavaThread "File watcher server"        daemon [_thread_in_native, id=18628, stack(0x0000004439b00000,0x0000004439c00000) (1024K)]
  0x00000230ace27300 JavaThread "File watcher consumer"      daemon [_thread_blocked, id=3956, stack(0x0000004439c00000,0x0000004439d00000) (1024K)]
  0x00000230ace265e0 JavaThread "Cache worker for checksums cache (C:\Users\JEREMIE\Desktop\projet de soutenance\Application-de-paiement-qrcode-\qrcode\android\.gradle\8.10.2\checksums)"        [_thread_blocked, id=22628, stack(0x0000004439d00000,0x0000004439e00000) (1024K)]
  0x00000230ace22440 JavaThread "Cache worker for file content cache (C:\Users\JEREMIE\.gradle\caches\8.10.2\fileContent)"        [_thread_blocked, id=38768, stack(0x0000004439e00000,0x0000004439f00000) (1024K)]
  0x00000230ace26c70 JavaThread "Cache worker for cache directory md-rule (C:\Users\JEREMIE\.gradle\caches\8.10.2\md-rule)"        [_thread_blocked, id=26040, stack(0x0000004439f00000,0x000000443a000000) (1024K)]
  0x00000230ace237f0 JavaThread "Cache worker for cache directory md-supplier (C:\Users\JEREMIE\.gradle\caches\8.10.2\md-supplier)"        [_thread_blocked, id=24904, stack(0x000000443a000000,0x000000443a100000) (1024K)]
  0x00000230ace23160 JavaThread "jar transforms"                    [_thread_blocked, id=12148, stack(0x0000004438a00000,0x0000004438b00000) (1024K)]
  0x00000230ace23e80 JavaThread "jar transforms Thread 2"           [_thread_blocked, id=13368, stack(0x000000443a100000,0x000000443a200000) (1024K)]
  0x00000230ace20370 JavaThread "Cache worker for Build Output Cleanup Cache (E:\Programme\flutter\flutter\packages\flutter_tools\gradle\.gradle\buildOutputCleanup)"        [_thread_blocked, id=22808, stack(0x000000443a300000,0x000000443a400000) (1024K)]
  0x00000230ace21db0 JavaThread "Unconstrained build operations"        [_thread_blocked, id=2120, stack(0x000000443a400000,0x000000443a500000) (1024K)]
  0x00000230ace20a00 JavaThread "Unconstrained build operations Thread 2"        [_thread_blocked, id=10092, stack(0x000000443a500000,0x000000443a600000) (1024K)]
  0x00000230ace258c0 JavaThread "Unconstrained build operations Thread 3"        [_thread_blocked, id=14740, stack(0x000000443a600000,0x000000443a700000) (1024K)]
  0x00000230ace21090 JavaThread "Unconstrained build operations Thread 4"        [_thread_blocked, id=9076, stack(0x000000443a700000,0x000000443a800000) (1024K)]
  0x00000230ad122d30 JavaThread "Unconstrained build operations Thread 5"        [_thread_blocked, id=18540, stack(0x000000443a800000,0x000000443a900000) (1024K)]
  0x00000230ad124770 JavaThread "Unconstrained build operations Thread 6"        [_thread_blocked, id=35632, stack(0x000000443a900000,0x000000443aa00000) (1024K)]
  0x00000230ad124e00 JavaThread "Unconstrained build operations Thread 7"        [_thread_blocked, id=27132, stack(0x000000443aa00000,0x000000443ab00000) (1024K)]
  0x00000230ad125490 JavaThread "Unconstrained build operations Thread 8"        [_thread_blocked, id=17084, stack(0x000000443ab00000,0x000000443ac00000) (1024K)]
  0x00000230ad11eb90 JavaThread "Unconstrained build operations Thread 9"        [_thread_blocked, id=38480, stack(0x000000443ac00000,0x000000443ad00000) (1024K)]
  0x00000230ad1226a0 JavaThread "Unconstrained build operations Thread 10"        [_thread_blocked, id=4652, stack(0x000000443ad00000,0x000000443ae00000) (1024K)]
  0x00000230ad11e500 JavaThread "Unconstrained build operations Thread 11"        [_thread_blocked, id=4496, stack(0x000000443ae00000,0x000000443af00000) (1024K)]
  0x00000230ad120c60 JavaThread "Unconstrained build operations Thread 12"        [_thread_blocked, id=5552, stack(0x000000443af00000,0x000000443b000000) (1024K)]
  0x00000230ad1233c0 JavaThread "Unconstrained build operations Thread 13"        [_thread_blocked, id=18124, stack(0x000000443b000000,0x000000443b100000) (1024K)]
  0x00000230ad1212f0 JavaThread "Unconstrained build operations Thread 14"        [_thread_blocked, id=37208, stack(0x000000443b100000,0x000000443b200000) (1024K)]
  0x00000230ad11f220 JavaThread "Unconstrained build operations Thread 15"        [_thread_blocked, id=12704, stack(0x000000443b200000,0x000000443b300000) (1024K)]
  0x00000230ad11f8b0 JavaThread "Unconstrained build operations Thread 16"        [_thread_blocked, id=7292, stack(0x000000443b300000,0x000000443b400000) (1024K)]
  0x00000230ad125b20 JavaThread "Unconstrained build operations Thread 17"        [_thread_blocked, id=18812, stack(0x000000443b400000,0x000000443b500000) (1024K)]
  0x00000230ad121980 JavaThread "Unconstrained build operations Thread 18"        [_thread_blocked, id=24328, stack(0x000000443b500000,0x000000443b600000) (1024K)]
  0x00000230ad11ff40 JavaThread "Unconstrained build operations Thread 19"        [_thread_blocked, id=8916, stack(0x000000443b600000,0x000000443b700000) (1024K)]
  0x00000230ad123a50 JavaThread "Unconstrained build operations Thread 20"        [_thread_blocked, id=2632, stack(0x000000443b700000,0x000000443b800000) (1024K)]
  0x00000230ad1205d0 JavaThread "Unconstrained build operations Thread 21"        [_thread_blocked, id=31532, stack(0x000000443b800000,0x000000443b900000) (1024K)]
  0x00000230ad122010 JavaThread "Memory manager"                    [_thread_blocked, id=10548, stack(0x000000443b900000,0x000000443ba00000) (1024K)]
  0x00000230b03c7b50 JavaThread "build event listener"              [_thread_blocked, id=26284, stack(0x000000443ba00000,0x000000443bb00000) (1024K)]
  0x00000230b03c8870 JavaThread "included builds"                   [_thread_blocked, id=4168, stack(0x000000443bb00000,0x000000443bc00000) (1024K)]
  0x00000230b03ca2b0 JavaThread "Execution worker"                  [_thread_blocked, id=13468, stack(0x000000443bc00000,0x000000443bd00000) (1024K)]
  0x00000230b03cca10 JavaThread "Execution worker Thread 2"         [_thread_blocked, id=2928, stack(0x000000443bd00000,0x000000443be00000) (1024K)]
  0x00000230b03c6110 JavaThread "Execution worker Thread 3"         [_thread_blocked, id=26564, stack(0x000000443be00000,0x000000443bf00000) (1024K)]
  0x00000230b03c67a0 JavaThread "Execution worker Thread 4"         [_thread_blocked, id=20012, stack(0x000000443bf00000,0x000000443c000000) (1024K)]
  0x00000230b03c8f00 JavaThread "Execution worker Thread 5"         [_thread_blocked, id=9524, stack(0x000000443c000000,0x000000443c100000) (1024K)]
  0x00000230b03c9590 JavaThread "Execution worker Thread 6"         [_thread_blocked, id=29924, stack(0x000000443c100000,0x000000443c200000) (1024K)]
  0x00000230b03cbcf0 JavaThread "Execution worker Thread 7"         [_thread_blocked, id=8348, stack(0x000000443c200000,0x000000443c300000) (1024K)]
  0x00000230b03ca940 JavaThread "Cache worker for execution history cache (E:\Programme\flutter\flutter\packages\flutter_tools\gradle\.gradle\8.10.2\executionHistory)"        [_thread_blocked, id=27200, stack(0x000000443c300000,0x000000443c400000) (1024K)]
  0x00000230b13fe780 JavaThread "Unconstrained build operations Thread 22"        [_thread_blocked, id=23100, stack(0x000000443c400000,0x000000443c500000) (1024K)]
  0x00000230b13fee10 JavaThread "Unconstrained build operations Thread 23"        [_thread_blocked, id=13456, stack(0x000000443c500000,0x000000443c600000) (1024K)]
  0x00000230b13ffb30 JavaThread "Unconstrained build operations Thread 24"        [_thread_blocked, id=35104, stack(0x000000443c600000,0x000000443c700000) (1024K)]
  0x00000230b13ff4a0 JavaThread "Unconstrained build operations Thread 25"        [_thread_blocked, id=32012, stack(0x000000443c700000,0x000000443c800000) (1024K)]
  0x00000230b14001c0 JavaThread "Unconstrained build operations Thread 26"        [_thread_blocked, id=35624, stack(0x000000443c800000,0x000000443c900000) (1024K)]
  0x00000230b13fb990 JavaThread "Unconstrained build operations Thread 27"        [_thread_blocked, id=3100, stack(0x000000443c900000,0x000000443ca00000) (1024K)]
  0x00000230b13fc020 JavaThread "Unconstrained build operations Thread 28"        [_thread_blocked, id=7300, stack(0x000000443ca00000,0x000000443cb00000) (1024K)]
  0x00000230b13fc6b0 JavaThread "Unconstrained build operations Thread 29"        [_thread_blocked, id=33112, stack(0x000000443cb00000,0x000000443cc00000) (1024K)]
  0x00000230b13f9f50 JavaThread "Unconstrained build operations Thread 30"        [_thread_blocked, id=26004, stack(0x000000443cc00000,0x000000443cd00000) (1024K)]
  0x00000230b13f9230 JavaThread "Unconstrained build operations Thread 31"        [_thread_blocked, id=11856, stack(0x000000443cd00000,0x000000443ce00000) (1024K)]
  0x00000230b13fcd40 JavaThread "Unconstrained build operations Thread 32"        [_thread_blocked, id=28584, stack(0x000000443ce00000,0x000000443cf00000) (1024K)]
  0x00000230b13fa5e0 JavaThread "Unconstrained build operations Thread 33"        [_thread_blocked, id=31860, stack(0x000000443cf00000,0x000000443d000000) (1024K)]
  0x00000230b13f98c0 JavaThread "Unconstrained build operations Thread 34"        [_thread_blocked, id=29992, stack(0x000000443d000000,0x000000443d100000) (1024K)]
  0x00000230b13fda60 JavaThread "Unconstrained build operations Thread 35"        [_thread_blocked, id=1328, stack(0x000000443d100000,0x000000443d200000) (1024K)]
  0x00000230b13fd3d0 JavaThread "Unconstrained build operations Thread 36"        [_thread_blocked, id=9128, stack(0x000000443d200000,0x000000443d300000) (1024K)]
  0x00000230b13fe0f0 JavaThread "Unconstrained build operations Thread 37"        [_thread_blocked, id=996, stack(0x000000443d300000,0x000000443d400000) (1024K)]
  0x00000230b1400850 JavaThread "Unconstrained build operations Thread 38"        [_thread_blocked, id=21160, stack(0x000000443d400000,0x000000443d500000) (1024K)]
  0x00000230b13fac70 JavaThread "Unconstrained build operations Thread 39"        [_thread_blocked, id=32880, stack(0x000000443d500000,0x000000443d600000) (1024K)]
  0x00000230b13fb300 JavaThread "Unconstrained build operations Thread 40"        [_thread_blocked, id=34324, stack(0x000000443d600000,0x000000443d700000) (1024K)]
  0x00000230addcb040 JavaThread "Unconstrained build operations Thread 41"        [_thread_blocked, id=19272, stack(0x000000443d700000,0x000000443d800000) (1024K)]
  0x00000230addca9b0 JavaThread "Unconstrained build operations Thread 42"        [_thread_blocked, id=1572, stack(0x000000443d800000,0x000000443d900000) (1024K)]
  0x00000230addcb6d0 JavaThread "Unconstrained build operations Thread 43"        [_thread_blocked, id=21912, stack(0x000000443d900000,0x000000443da00000) (1024K)]
  0x00000230addcca80 JavaThread "Unconstrained build operations Thread 44"        [_thread_blocked, id=26740, stack(0x000000443da00000,0x000000443db00000) (1024K)]
  0x00000230addceb50 JavaThread "Unconstrained build operations Thread 45"        [_thread_blocked, id=36356, stack(0x000000443db00000,0x000000443dc00000) (1024K)]
  0x00000230addcbd60 JavaThread "Unconstrained build operations Thread 46"        [_thread_blocked, id=1292, stack(0x000000443dc00000,0x000000443dd00000) (1024K)]
  0x00000230addcf1e0 JavaThread "Unconstrained build operations Thread 47"        [_thread_blocked, id=20256, stack(0x000000443dd00000,0x000000443de00000) (1024K)]
  0x00000230addc8250 JavaThread "Unconstrained build operations Thread 48"        [_thread_blocked, id=30024, stack(0x000000443de00000,0x000000443df00000) (1024K)]
  0x00000230addcf870 JavaThread "Unconstrained build operations Thread 49"        [_thread_blocked, id=3152, stack(0x000000443df00000,0x000000443e000000) (1024K)]
  0x00000230addcc3f0 JavaThread "Unconstrained build operations Thread 50"        [_thread_blocked, id=14308, stack(0x000000443e000000,0x000000443e100000) (1024K)]
  0x00000230addc88e0 JavaThread "Unconstrained build operations Thread 51"        [_thread_blocked, id=17652, stack(0x000000443e100000,0x000000443e200000) (1024K)]
  0x00000230addcd110 JavaThread "Unconstrained build operations Thread 52"        [_thread_blocked, id=27828, stack(0x000000443e200000,0x000000443e300000) (1024K)]
  0x00000230addc8f70 JavaThread "Unconstrained build operations Thread 53"        [_thread_blocked, id=36960, stack(0x000000443e300000,0x000000443e400000) (1024K)]
  0x00000230addcde30 JavaThread "Unconstrained build operations Thread 54"        [_thread_blocked, id=27396, stack(0x000000443e400000,0x000000443e500000) (1024K)]
  0x00000230addcd7a0 JavaThread "Unconstrained build operations Thread 55"        [_thread_blocked, id=20776, stack(0x000000443e500000,0x000000443e600000) (1024K)]
  0x00000230addc9600 JavaThread "Unconstrained build operations Thread 56"        [_thread_blocked, id=28936, stack(0x000000443e600000,0x000000443e700000) (1024K)]
  0x00000230addca320 JavaThread "Unconstrained build operations Thread 57"        [_thread_blocked, id=4700, stack(0x000000443e700000,0x000000443e800000) (1024K)]
  0x00000230addc9c90 JavaThread "Unconstrained build operations Thread 58"        [_thread_blocked, id=37528, stack(0x000000443e800000,0x000000443e900000) (1024K)]
  0x00000230addce4c0 JavaThread "Unconstrained build operations Thread 59"        [_thread_blocked, id=24168, stack(0x000000443e900000,0x000000443ea00000) (1024K)]
  0x00000230b03c9c20 JavaThread "Unconstrained build operations Thread 60"        [_thread_blocked, id=26032, stack(0x000000443ea00000,0x000000443eb00000) (1024K)]
  0x00000230b03cafd0 JavaThread "Unconstrained build operations Thread 61"        [_thread_blocked, id=31596, stack(0x000000443eb00000,0x000000443ec00000) (1024K)]
  0x00000230b03cc380 JavaThread "Unconstrained build operations Thread 62"        [_thread_blocked, id=10912, stack(0x000000443ec00000,0x000000443ed00000) (1024K)]
  0x00000230b03c74c0 JavaThread "Unconstrained build operations Thread 63"        [_thread_blocked, id=20240, stack(0x000000443ed00000,0x000000443ee00000) (1024K)]
  0x00000230b03cb660 JavaThread "Unconstrained build operations Thread 64"        [_thread_blocked, id=25452, stack(0x000000443ee00000,0x000000443ef00000) (1024K)]
  0x00000230ad1240e0 JavaThread "Unconstrained build operations Thread 65"        [_thread_blocked, id=6484, stack(0x000000443ef00000,0x000000443f000000) (1024K)]
  0x00000230b05ec810 JavaThread "Unconstrained build operations Thread 66"        [_thread_blocked, id=37332, stack(0x000000443f000000,0x000000443f100000) (1024K)]
  0x00000230b05e72c0 JavaThread "Unconstrained build operations Thread 67"        [_thread_blocked, id=21792, stack(0x000000443f100000,0x000000443f200000) (1024K)]
  0x00000230b0306500 JavaThread "build event listener"              [_thread_blocked, id=34264, stack(0x000000443a200000,0x000000443a300000) (1024K)]
Total: 115

Other Threads:
  0x00000230ff35f8a0 VMThread "VM Thread"                           [id=10060, stack(0x0000004437700000,0x0000004437800000) (1024K)]
  0x00000230ff34c0d0 WatcherThread "VM Periodic Task Thread"        [id=34352, stack(0x0000004437600000,0x0000004437700000) (1024K)]
  0x00000230f5add090 WorkerThread "GC Thread#0"                     [id=10528, stack(0x0000004437100000,0x0000004437200000) (1024K)]
  0x00000230ab4a6470 WorkerThread "GC Thread#1"                     [id=16828, stack(0x0000004438400000,0x0000004438500000) (1024K)]
  0x00000230ab364c50 WorkerThread "GC Thread#2"                     [id=37252, stack(0x0000004438500000,0x0000004438600000) (1024K)]
  0x00000230ab242830 WorkerThread "GC Thread#3"                     [id=33828, stack(0x0000004438600000,0x0000004438700000) (1024K)]
  0x00000230ac286080 WorkerThread "GC Thread#4"                     [id=30336, stack(0x0000004438700000,0x0000004438800000) (1024K)]
  0x00000230ac9e5c10 WorkerThread "GC Thread#5"                     [id=27428, stack(0x0000004438300000,0x0000004438400000) (1024K)]
  0x00000230ac8221b0 WorkerThread "GC Thread#6"                     [id=26280, stack(0x0000004438800000,0x0000004438900000) (1024K)]
  0x00000230ac822550 WorkerThread "GC Thread#7"                     [id=36324, stack(0x0000004438900000,0x0000004438a00000) (1024K)]
  0x00000230f5aee220 ConcurrentGCThread "G1 Main Marker"            [id=28924, stack(0x0000004437200000,0x0000004437300000) (1024K)]
  0x00000230f5aef4c0 WorkerThread "G1 Conc#0"                       [id=8940, stack(0x0000004437300000,0x0000004437400000) (1024K)]
  0x00000230aca07150 WorkerThread "G1 Conc#1"                       [id=17584, stack(0x0000004439800000,0x0000004439900000) (1024K)]
  0x00000230ff21fcb0 ConcurrentGCThread "G1 Refine#0"               [id=9904, stack(0x0000004437400000,0x0000004437500000) (1024K)]
  0x00000230ff220820 ConcurrentGCThread "G1 Service"                [id=25448, stack(0x0000004437500000,0x0000004437600000) (1024K)]
Total: 15

Threads with active compile tasks:
C2 CompilerThread0    39580 12881   !   4       org.gradle.internal.classloader.TransformReplacer::getInstrumentedClass (34 bytes)
Total: 1

VM state: not at safepoint (normal execution)

VM Mutex/Monitor currently owned by a thread: None

Heap address: 0x0000000080000000, size: 2048 MB, Compressed Oops mode: 32-bit

CDS archive(s) mapped at: [0x000002308c000000-0x000002308cc90000-0x000002308cc90000), size 13172736, SharedBaseAddress: 0x000002308c000000, ArchiveRelocationMode: 1.
Compressed class space mapped at: 0x000002308d000000-0x00000230a7000000, reserved size: 436207616
Narrow klass base: 0x000002308c000000, Narrow klass shift: 0, Narrow klass range: 0x100000000

GC Precious Log:
 CardTable entry size: 512
 Card Set container configuration: InlinePtr #cards 5 size 8 Array Of Cards #cards 12 size 40 Howl #buckets 4 coarsen threshold 1843 Howl Bitmap #cards 512 size 80 coarsen threshold 460 Card regions per heap region 1 cards per card region 2048
 CPUs: 8 total, 8 available
 Memory: 7971M
 Large Page Support: Disabled
 NUMA Support: Disabled
 Compressed Oops: Enabled (32-bit)
 Heap Region Size: 1M
 Heap Min Capacity: 8M
 Heap Initial Capacity: 126M
 Heap Max Capacity: 2G
 Pre-touch: Disabled
 Parallel Workers: 8
 Concurrent Workers: 2
 Concurrent Refinement Workers: 8
 Periodic GC: Disabled

Heap:
 garbage-first heap   total 204800K, used 164785K [0x0000000080000000, 0x0000000100000000)
  region size 1024K, 52 young (53248K), 4 survivors (4096K)
 Metaspace       used 99554K, committed 101888K, reserved 557056K
  class space    used 13938K, committed 15104K, reserved 425984K

Heap Regions: E=young(eden), S=young(survivor), O=old, HS=humongous(starts), HC=humongous(continues), CS=collection set, F=free, TAMS=top-at-mark-start, PB=parsable bottom
|   0|0x0000000080000000, 0x0000000080100000, 0x0000000080100000|100%| O|  |TAMS 0x0000000080000000| PB 0x0000000080000000| Untracked 
|   1|0x0000000080100000, 0x0000000080200000, 0x0000000080200000|100%| O|  |TAMS 0x0000000080100000| PB 0x0000000080100000| Untracked 
|   2|0x0000000080200000, 0x0000000080300000, 0x0000000080300000|100%|HS|  |TAMS 0x0000000080200000| PB 0x0000000080200000| Complete 
|   3|0x0000000080300000, 0x0000000080400000, 0x0000000080400000|100%|HC|  |TAMS 0x0000000080300000| PB 0x0000000080300000| Complete 
|   4|0x0000000080400000, 0x0000000080500000, 0x0000000080500000|100%|HC|  |TAMS 0x0000000080400000| PB 0x0000000080400000| Complete 
|   5|0x0000000080500000, 0x0000000080600000, 0x0000000080600000|100%|HC|  |TAMS 0x0000000080500000| PB 0x0000000080500000| Complete 
|   6|0x0000000080600000, 0x0000000080700000, 0x0000000080700000|100%| O|  |TAMS 0x0000000080600000| PB 0x0000000080600000| Untracked 
|   7|0x0000000080700000, 0x0000000080800000, 0x0000000080800000|100%| O|  |TAMS 0x0000000080700000| PB 0x0000000080700000| Untracked 
|   8|0x0000000080800000, 0x0000000080900000, 0x0000000080900000|100%| O|  |TAMS 0x0000000080800000| PB 0x0000000080800000| Untracked 
|   9|0x0000000080900000, 0x0000000080a00000, 0x0000000080a00000|100%|HS|  |TAMS 0x0000000080900000| PB 0x0000000080900000| Complete 
|  10|0x0000000080a00000, 0x0000000080b00000, 0x0000000080b00000|100%| O|  |TAMS 0x0000000080a00000| PB 0x0000000080a00000| Untracked 
|  11|0x0000000080b00000, 0x0000000080c00000, 0x0000000080c00000|100%| O|  |TAMS 0x0000000080b00000| PB 0x0000000080b00000| Untracked 
|  12|0x0000000080c00000, 0x0000000080d00000, 0x0000000080d00000|100%| O|  |TAMS 0x0000000080c00000| PB 0x0000000080c00000| Untracked 
|  13|0x0000000080d00000, 0x0000000080e00000, 0x0000000080e00000|100%| O|  |TAMS 0x0000000080d00000| PB 0x0000000080d00000| Untracked 
|  14|0x0000000080e00000, 0x0000000080f00000, 0x0000000080f00000|100%| O|  |TAMS 0x0000000080e00000| PB 0x0000000080e00000| Untracked 
|  15|0x0000000080f00000, 0x0000000081000000, 0x0000000081000000|100%| O|  |TAMS 0x0000000080f00000| PB 0x0000000080f00000| Untracked 
|  16|0x0000000081000000, 0x0000000081100000, 0x0000000081100000|100%| O|  |TAMS 0x0000000081000000| PB 0x0000000081000000| Untracked 
|  17|0x0000000081100000, 0x0000000081200000, 0x0000000081200000|100%| O|  |TAMS 0x0000000081100000| PB 0x0000000081100000| Untracked 
|  18|0x0000000081200000, 0x0000000081300000, 0x0000000081300000|100%| O|  |TAMS 0x0000000081200000| PB 0x0000000081200000| Untracked 
|  19|0x0000000081300000, 0x0000000081400000, 0x0000000081400000|100%| O|  |TAMS 0x0000000081300000| PB 0x0000000081300000| Untracked 
|  20|0x0000000081400000, 0x0000000081500000, 0x0000000081500000|100%| O|  |TAMS 0x0000000081400000| PB 0x0000000081400000| Untracked 
|  21|0x0000000081500000, 0x0000000081600000, 0x0000000081600000|100%| O|  |TAMS 0x0000000081500000| PB 0x0000000081500000| Untracked 
|  22|0x0000000081600000, 0x0000000081700000, 0x0000000081700000|100%| O|  |TAMS 0x0000000081600000| PB 0x0000000081600000| Untracked 
|  23|0x0000000081700000, 0x0000000081800000, 0x0000000081800000|100%| O|  |TAMS 0x0000000081700000| PB 0x0000000081700000| Untracked 
|  24|0x0000000081800000, 0x0000000081900000, 0x0000000081900000|100%| O|  |TAMS 0x0000000081800000| PB 0x0000000081800000| Untracked 
|  25|0x0000000081900000, 0x0000000081a00000, 0x0000000081a00000|100%| O|  |TAMS 0x0000000081900000| PB 0x0000000081900000| Untracked 
|  26|0x0000000081a00000, 0x0000000081b00000, 0x0000000081b00000|100%| O|  |TAMS 0x0000000081a00000| PB 0x0000000081a00000| Untracked 
|  27|0x0000000081b00000, 0x0000000081c00000, 0x0000000081c00000|100%| O|  |TAMS 0x0000000081b00000| PB 0x0000000081b00000| Untracked 
|  28|0x0000000081c00000, 0x0000000081d00000, 0x0000000081d00000|100%| O|  |TAMS 0x0000000081c00000| PB 0x0000000081c00000| Untracked 
|  29|0x0000000081d00000, 0x0000000081e00000, 0x0000000081e00000|100%| O|  |TAMS 0x0000000081d00000| PB 0x0000000081d00000| Untracked 
|  30|0x0000000081e00000, 0x0000000081f00000, 0x0000000081f00000|100%| O|  |TAMS 0x0000000081e00000| PB 0x0000000081e00000| Untracked 
|  31|0x0000000081f00000, 0x0000000082000000, 0x0000000082000000|100%| O|  |TAMS 0x0000000081f00000| PB 0x0000000081f00000| Untracked 
|  32|0x0000000082000000, 0x0000000082100000, 0x0000000082100000|100%| O|  |TAMS 0x0000000082000000| PB 0x0000000082000000| Untracked 
|  33|0x0000000082100000, 0x0000000082200000, 0x0000000082200000|100%| O|  |TAMS 0x0000000082100000| PB 0x0000000082100000| Untracked 
|  34|0x0000000082200000, 0x0000000082300000, 0x0000000082300000|100%| O|  |TAMS 0x0000000082200000| PB 0x0000000082200000| Untracked 
|  35|0x0000000082300000, 0x0000000082400000, 0x0000000082400000|100%| O|  |TAMS 0x0000000082300000| PB 0x0000000082300000| Untracked 
|  36|0x0000000082400000, 0x0000000082500000, 0x0000000082500000|100%| O|  |TAMS 0x0000000082400000| PB 0x0000000082400000| Untracked 
|  37|0x0000000082500000, 0x0000000082600000, 0x0000000082600000|100%| O|  |TAMS 0x0000000082500000| PB 0x0000000082500000| Untracked 
|  38|0x0000000082600000, 0x0000000082700000, 0x0000000082700000|100%| O|  |TAMS 0x0000000082600000| PB 0x0000000082600000| Untracked 
|  39|0x0000000082700000, 0x0000000082800000, 0x0000000082800000|100%| O|  |TAMS 0x0000000082700000| PB 0x0000000082700000| Untracked 
|  40|0x0000000082800000, 0x0000000082900000, 0x0000000082900000|100%|HS|  |TAMS 0x0000000082800000| PB 0x0000000082800000| Complete 
|  41|0x0000000082900000, 0x0000000082a00000, 0x0000000082a00000|100%|HC|  |TAMS 0x0000000082900000| PB 0x0000000082900000| Complete 
|  42|0x0000000082a00000, 0x0000000082b00000, 0x0000000082b00000|100%|HS|  |TAMS 0x0000000082a00000| PB 0x0000000082a00000| Complete 
|  43|0x0000000082b00000, 0x0000000082c00000, 0x0000000082c00000|100%|HC|  |TAMS 0x0000000082b00000| PB 0x0000000082b00000| Complete 
|  44|0x0000000082c00000, 0x0000000082d00000, 0x0000000082d00000|100%|HS|  |TAMS 0x0000000082c00000| PB 0x0000000082c00000| Complete 
|  45|0x0000000082d00000, 0x0000000082e00000, 0x0000000082e00000|100%|HC|  |TAMS 0x0000000082d00000| PB 0x0000000082d00000| Complete 
|  46|0x0000000082e00000, 0x0000000082f00000, 0x0000000082f00000|100%|HC|  |TAMS 0x0000000082e00000| PB 0x0000000082e00000| Complete 
|  47|0x0000000082f00000, 0x0000000083000000, 0x0000000083000000|100%|HC|  |TAMS 0x0000000082f00000| PB 0x0000000082f00000| Complete 
|  48|0x0000000083000000, 0x0000000083100000, 0x0000000083100000|100%|HS|  |TAMS 0x0000000083000000| PB 0x0000000083000000| Complete 
|  49|0x0000000083100000, 0x0000000083200000, 0x0000000083200000|100%|HC|  |TAMS 0x0000000083100000| PB 0x0000000083100000| Complete 
|  50|0x0000000083200000, 0x0000000083300000, 0x0000000083300000|100%|HC|  |TAMS 0x0000000083200000| PB 0x0000000083200000| Complete 
|  51|0x0000000083300000, 0x0000000083400000, 0x0000000083400000|100%|HC|  |TAMS 0x0000000083300000| PB 0x0000000083300000| Complete 
|  52|0x0000000083400000, 0x0000000083500000, 0x0000000083500000|100%| O|  |TAMS 0x0000000083400000| PB 0x0000000083400000| Untracked 
|  53|0x0000000083500000, 0x0000000083600000, 0x0000000083600000|100%| O|  |TAMS 0x0000000083500000| PB 0x0000000083500000| Untracked 
|  54|0x0000000083600000, 0x0000000083700000, 0x0000000083700000|100%| O|  |TAMS 0x0000000083600000| PB 0x0000000083600000| Untracked 
|  55|0x0000000083700000, 0x0000000083800000, 0x0000000083800000|100%| O|  |TAMS 0x0000000083700000| PB 0x0000000083700000| Untracked 
|  56|0x0000000083800000, 0x0000000083900000, 0x0000000083900000|100%| O|  |TAMS 0x0000000083800000| PB 0x0000000083800000| Untracked 
|  57|0x0000000083900000, 0x0000000083a00000, 0x0000000083a00000|100%| O|  |TAMS 0x0000000083900000| PB 0x0000000083900000| Untracked 
|  58|0x0000000083a00000, 0x0000000083b00000, 0x0000000083b00000|100%| O|  |TAMS 0x0000000083a00000| PB 0x0000000083a00000| Untracked 
|  59|0x0000000083b00000, 0x0000000083c00000, 0x0000000083c00000|100%| O|  |TAMS 0x0000000083b00000| PB 0x0000000083b00000| Untracked 
|  60|0x0000000083c00000, 0x0000000083d00000, 0x0000000083d00000|100%| O|  |TAMS 0x0000000083c00000| PB 0x0000000083c00000| Untracked 
|  61|0x0000000083d00000, 0x0000000083e00000, 0x0000000083e00000|100%| O|  |TAMS 0x0000000083d00000| PB 0x0000000083d00000| Untracked 
|  62|0x0000000083e00000, 0x0000000083f00000, 0x0000000083f00000|100%| O|  |TAMS 0x0000000083e00000| PB 0x0000000083e00000| Untracked 
|  63|0x0000000083f00000, 0x0000000084000000, 0x0000000084000000|100%| O|  |TAMS 0x0000000083f00000| PB 0x0000000083f00000| Untracked 
|  64|0x0000000084000000, 0x0000000084100000, 0x0000000084100000|100%| O|  |TAMS 0x0000000084000000| PB 0x0000000084000000| Untracked 
|  65|0x0000000084100000, 0x0000000084200000, 0x0000000084200000|100%| O|  |TAMS 0x0000000084100000| PB 0x0000000084100000| Untracked 
|  66|0x0000000084200000, 0x0000000084300000, 0x0000000084300000|100%| O|  |TAMS 0x0000000084200000| PB 0x0000000084200000| Untracked 
|  67|0x0000000084300000, 0x0000000084400000, 0x0000000084400000|100%| O|  |TAMS 0x0000000084300000| PB 0x0000000084300000| Untracked 
|  68|0x0000000084400000, 0x0000000084500000, 0x0000000084500000|100%| O|  |TAMS 0x0000000084400000| PB 0x0000000084400000| Untracked 
|  69|0x0000000084500000, 0x0000000084600000, 0x0000000084600000|100%| O|  |TAMS 0x0000000084500000| PB 0x0000000084500000| Untracked 
|  70|0x0000000084600000, 0x0000000084700000, 0x0000000084700000|100%| O|  |TAMS 0x0000000084600000| PB 0x0000000084600000| Untracked 
|  71|0x0000000084700000, 0x0000000084800000, 0x0000000084800000|100%| O|  |TAMS 0x0000000084700000| PB 0x0000000084700000| Untracked 
|  72|0x0000000084800000, 0x0000000084900000, 0x0000000084900000|100%| O|  |TAMS 0x0000000084800000| PB 0x0000000084800000| Untracked 
|  73|0x0000000084900000, 0x0000000084a00000, 0x0000000084a00000|100%|HS|  |TAMS 0x0000000084900000| PB 0x0000000084900000| Complete 
|  74|0x0000000084a00000, 0x0000000084b00000, 0x0000000084b00000|100%|HS|  |TAMS 0x0000000084a00000| PB 0x0000000084a00000| Complete 
|  75|0x0000000084b00000, 0x0000000084c00000, 0x0000000084c00000|100%|HS|  |TAMS 0x0000000084b00000| PB 0x0000000084b00000| Complete 
|  76|0x0000000084c00000, 0x0000000084d00000, 0x0000000084d00000|100%|HC|  |TAMS 0x0000000084c00000| PB 0x0000000084c00000| Complete 
|  77|0x0000000084d00000, 0x0000000084e00000, 0x0000000084e00000|100%|HS|  |TAMS 0x0000000084d00000| PB 0x0000000084d00000| Complete 
|  78|0x0000000084e00000, 0x0000000084f00000, 0x0000000084f00000|100%| O|  |TAMS 0x0000000084e00000| PB 0x0000000084e00000| Untracked 
|  79|0x0000000084f00000, 0x0000000085000000, 0x0000000085000000|100%|HS|  |TAMS 0x0000000084f00000| PB 0x0000000084f00000| Complete 
|  80|0x0000000085000000, 0x0000000085100000, 0x0000000085100000|100%|HS|  |TAMS 0x0000000085000000| PB 0x0000000085000000| Complete 
|  81|0x0000000085100000, 0x0000000085200000, 0x0000000085200000|100%|HS|  |TAMS 0x0000000085100000| PB 0x0000000085100000| Complete 
|  82|0x0000000085200000, 0x0000000085300000, 0x0000000085300000|100%|HC|  |TAMS 0x0000000085200000| PB 0x0000000085200000| Complete 
|  83|0x0000000085300000, 0x0000000085400000, 0x0000000085400000|100%|HS|  |TAMS 0x0000000085300000| PB 0x0000000085300000| Complete 
|  84|0x0000000085400000, 0x0000000085500000, 0x0000000085500000|100%| O|Cm|TAMS 0x0000000085400000| PB 0x0000000085400000| Complete 
|  85|0x0000000085500000, 0x0000000085600000, 0x0000000085600000|100%| O|  |TAMS 0x0000000085500000| PB 0x0000000085500000| Untracked 
|  86|0x0000000085600000, 0x0000000085700000, 0x0000000085700000|100%| O|  |TAMS 0x0000000085600000| PB 0x0000000085600000| Untracked 
|  87|0x0000000085700000, 0x0000000085800000, 0x0000000085800000|100%| O|  |TAMS 0x0000000085700000| PB 0x0000000085700000| Untracked 
|  88|0x0000000085800000, 0x0000000085900000, 0x0000000085900000|100%| O|  |TAMS 0x0000000085800000| PB 0x0000000085800000| Untracked 
|  89|0x0000000085900000, 0x0000000085a00000, 0x0000000085a00000|100%| O|  |TAMS 0x0000000085900000| PB 0x0000000085900000| Untracked 
|  90|0x0000000085a00000, 0x0000000085b00000, 0x0000000085b00000|100%| O|Cm|TAMS 0x0000000085a00000| PB 0x0000000085a00000| Complete 
|  91|0x0000000085b00000, 0x0000000085c00000, 0x0000000085c00000|100%| O|  |TAMS 0x0000000085b00000| PB 0x0000000085b00000| Untracked 
|  92|0x0000000085c00000, 0x0000000085d00000, 0x0000000085d00000|100%| O|  |TAMS 0x0000000085c00000| PB 0x0000000085c00000| Untracked 
|  93|0x0000000085d00000, 0x0000000085e00000, 0x0000000085e00000|100%| O|Cm|TAMS 0x0000000085d00000| PB 0x0000000085d00000| Complete 
|  94|0x0000000085e00000, 0x0000000085f00000, 0x0000000085f00000|100%| O|  |TAMS 0x0000000085e00000| PB 0x0000000085e00000| Untracked 
|  95|0x0000000085f00000, 0x0000000086000000, 0x0000000086000000|100%| O|  |TAMS 0x0000000085f00000| PB 0x0000000085f00000| Untracked 
|  96|0x0000000086000000, 0x0000000086100000, 0x0000000086100000|100%| O|  |TAMS 0x0000000086000000| PB 0x0000000086000000| Untracked 
|  97|0x0000000086100000, 0x0000000086200000, 0x0000000086200000|100%|HS|  |TAMS 0x0000000086100000| PB 0x0000000086100000| Complete 
|  98|0x0000000086200000, 0x0000000086300000, 0x0000000086300000|100%| O|  |TAMS 0x0000000086200000| PB 0x0000000086200000| Untracked 
|  99|0x0000000086300000, 0x0000000086400000, 0x0000000086400000|100%| O|  |TAMS 0x0000000086300000| PB 0x0000000086300000| Untracked 
| 100|0x0000000086400000, 0x0000000086500000, 0x0000000086500000|100%| O|  |TAMS 0x0000000086400000| PB 0x0000000086400000| Untracked 
| 101|0x0000000086500000, 0x0000000086600000, 0x0000000086600000|100%| O|  |TAMS 0x0000000086500000| PB 0x0000000086500000| Untracked 
| 102|0x0000000086600000, 0x0000000086700000, 0x0000000086700000|100%| O|  |TAMS 0x0000000086600000| PB 0x0000000086600000| Untracked 
| 103|0x0000000086700000, 0x0000000086800000, 0x0000000086800000|100%| O|  |TAMS 0x0000000086700000| PB 0x0000000086700000| Untracked 
| 104|0x0000000086800000, 0x0000000086900000, 0x0000000086900000|100%| O|  |TAMS 0x0000000086800000| PB 0x0000000086800000| Untracked 
| 105|0x0000000086900000, 0x0000000086a00000, 0x0000000086a00000|100%| O|  |TAMS 0x0000000086900000| PB 0x0000000086900000| Untracked 
| 106|0x0000000086a00000, 0x0000000086a00000, 0x0000000086b00000|  0%| F|  |TAMS 0x0000000086a00000| PB 0x0000000086a00000| Untracked 
| 107|0x0000000086b00000, 0x0000000086b00000, 0x0000000086c00000|  0%| F|  |TAMS 0x0000000086b00000| PB 0x0000000086b00000| Untracked 
| 108|0x0000000086c00000, 0x0000000086c00000, 0x0000000086d00000|  0%| F|  |TAMS 0x0000000086c00000| PB 0x0000000086c00000| Untracked 
| 109|0x0000000086d00000, 0x0000000086d00000, 0x0000000086e00000|  0%| F|  |TAMS 0x0000000086d00000| PB 0x0000000086d00000| Untracked 
| 110|0x0000000086e00000, 0x0000000086e00000, 0x0000000086f00000|  0%| F|  |TAMS 0x0000000086e00000| PB 0x0000000086e00000| Untracked 
| 111|0x0000000086f00000, 0x0000000086f00000, 0x0000000087000000|  0%| F|  |TAMS 0x0000000086f00000| PB 0x0000000086f00000| Untracked 
| 112|0x0000000087000000, 0x0000000087000000, 0x0000000087100000|  0%| F|  |TAMS 0x0000000087000000| PB 0x0000000087000000| Untracked 
| 113|0x0000000087100000, 0x0000000087100000, 0x0000000087200000|  0%| F|  |TAMS 0x0000000087100000| PB 0x0000000087100000| Untracked 
| 114|0x0000000087200000, 0x0000000087200000, 0x0000000087300000|  0%| F|  |TAMS 0x0000000087200000| PB 0x0000000087200000| Untracked 
| 115|0x0000000087300000, 0x0000000087300000, 0x0000000087400000|  0%| F|  |TAMS 0x0000000087300000| PB 0x0000000087300000| Untracked 
| 116|0x0000000087400000, 0x0000000087400000, 0x0000000087500000|  0%| F|  |TAMS 0x0000000087400000| PB 0x0000000087400000| Untracked 
| 117|0x0000000087500000, 0x0000000087500000, 0x0000000087600000|  0%| F|  |TAMS 0x0000000087500000| PB 0x0000000087500000| Untracked 
| 118|0x0000000087600000, 0x00000000876ec728, 0x0000000087700000| 92%| S|CS|TAMS 0x0000000087600000| PB 0x0000000087600000| Complete 
| 119|0x0000000087700000, 0x0000000087700000, 0x0000000087800000|  0%| F|  |TAMS 0x0000000087700000| PB 0x0000000087700000| Untracked 
| 120|0x0000000087800000, 0x0000000087800000, 0x0000000087900000|  0%| F|  |TAMS 0x0000000087800000| PB 0x0000000087800000| Untracked 
| 121|0x0000000087900000, 0x0000000087900000, 0x0000000087a00000|  0%| F|  |TAMS 0x0000000087900000| PB 0x0000000087900000| Untracked 
| 122|0x0000000087a00000, 0x0000000087a00000, 0x0000000087b00000|  0%| F|  |TAMS 0x0000000087a00000| PB 0x0000000087a00000| Untracked 
| 123|0x0000000087b00000, 0x0000000087b00000, 0x0000000087c00000|  0%| F|  |TAMS 0x0000000087b00000| PB 0x0000000087b00000| Untracked 
| 124|0x0000000087c00000, 0x0000000087c00000, 0x0000000087d00000|  0%| F|  |TAMS 0x0000000087c00000| PB 0x0000000087c00000| Untracked 
| 125|0x0000000087d00000, 0x0000000087e00000, 0x0000000087e00000|100%| S|CS|TAMS 0x0000000087d00000| PB 0x0000000087d00000| Complete 
| 126|0x0000000087e00000, 0x0000000087f00000, 0x0000000087f00000|100%| S|CS|TAMS 0x0000000087e00000| PB 0x0000000087e00000| Complete 
| 127|0x0000000087f00000, 0x0000000088000000, 0x0000000088000000|100%| S|CS|TAMS 0x0000000087f00000| PB 0x0000000087f00000| Complete 
| 128|0x0000000088000000, 0x0000000088000000, 0x0000000088100000|  0%| F|  |TAMS 0x0000000088000000| PB 0x0000000088000000| Untracked 
| 129|0x0000000088100000, 0x0000000088100000, 0x0000000088200000|  0%| F|  |TAMS 0x0000000088100000| PB 0x0000000088100000| Untracked 
| 130|0x0000000088200000, 0x0000000088200000, 0x0000000088300000|  0%| F|  |TAMS 0x0000000088200000| PB 0x0000000088200000| Untracked 
| 131|0x0000000088300000, 0x0000000088300000, 0x0000000088400000|  0%| F|  |TAMS 0x0000000088300000| PB 0x0000000088300000| Untracked 
| 132|0x0000000088400000, 0x0000000088400000, 0x0000000088500000|  0%| F|  |TAMS 0x0000000088400000| PB 0x0000000088400000| Untracked 
| 133|0x0000000088500000, 0x0000000088500000, 0x0000000088600000|  0%| F|  |TAMS 0x0000000088500000| PB 0x0000000088500000| Untracked 
| 134|0x0000000088600000, 0x0000000088600000, 0x0000000088700000|  0%| F|  |TAMS 0x0000000088600000| PB 0x0000000088600000| Untracked 
| 135|0x0000000088700000, 0x0000000088700000, 0x0000000088800000|  0%| F|  |TAMS 0x0000000088700000| PB 0x0000000088700000| Untracked 
| 136|0x0000000088800000, 0x0000000088800000, 0x0000000088900000|  0%| F|  |TAMS 0x0000000088800000| PB 0x0000000088800000| Untracked 
| 137|0x0000000088900000, 0x0000000088900000, 0x0000000088a00000|  0%| F|  |TAMS 0x0000000088900000| PB 0x0000000088900000| Untracked 
| 138|0x0000000088a00000, 0x0000000088a00000, 0x0000000088b00000|  0%| F|  |TAMS 0x0000000088a00000| PB 0x0000000088a00000| Untracked 
| 139|0x0000000088b00000, 0x0000000088b00000, 0x0000000088c00000|  0%| F|  |TAMS 0x0000000088b00000| PB 0x0000000088b00000| Untracked 
| 140|0x0000000088c00000, 0x0000000088c00000, 0x0000000088d00000|  0%| F|  |TAMS 0x0000000088c00000| PB 0x0000000088c00000| Untracked 
| 141|0x0000000088d00000, 0x0000000088d00000, 0x0000000088e00000|  0%| F|  |TAMS 0x0000000088d00000| PB 0x0000000088d00000| Untracked 
| 142|0x0000000088e00000, 0x0000000088e00000, 0x0000000088f00000|  0%| F|  |TAMS 0x0000000088e00000| PB 0x0000000088e00000| Untracked 
| 143|0x0000000088f00000, 0x0000000088f00000, 0x0000000089000000|  0%| F|  |TAMS 0x0000000088f00000| PB 0x0000000088f00000| Untracked 
| 144|0x0000000089000000, 0x0000000089000000, 0x0000000089100000|  0%| F|  |TAMS 0x0000000089000000| PB 0x0000000089000000| Untracked 
| 145|0x0000000089100000, 0x0000000089100000, 0x0000000089200000|  0%| F|  |TAMS 0x0000000089100000| PB 0x0000000089100000| Untracked 
| 146|0x0000000089200000, 0x0000000089200000, 0x0000000089300000|  0%| F|  |TAMS 0x0000000089200000| PB 0x0000000089200000| Untracked 
| 147|0x0000000089300000, 0x0000000089300000, 0x0000000089400000|  0%| F|  |TAMS 0x0000000089300000| PB 0x0000000089300000| Untracked 
| 148|0x0000000089400000, 0x0000000089491718, 0x0000000089500000| 56%| E|  |TAMS 0x0000000089400000| PB 0x0000000089400000| Complete 
| 149|0x0000000089500000, 0x0000000089600000, 0x0000000089600000|100%| E|CS|TAMS 0x0000000089500000| PB 0x0000000089500000| Complete 
| 150|0x0000000089600000, 0x0000000089700000, 0x0000000089700000|100%| E|CS|TAMS 0x0000000089600000| PB 0x0000000089600000| Complete 
| 151|0x0000000089700000, 0x0000000089800000, 0x0000000089800000|100%| E|CS|TAMS 0x0000000089700000| PB 0x0000000089700000| Complete 
| 152|0x0000000089800000, 0x0000000089900000, 0x0000000089900000|100%| E|CS|TAMS 0x0000000089800000| PB 0x0000000089800000| Complete 
| 153|0x0000000089900000, 0x0000000089a00000, 0x0000000089a00000|100%| E|CS|TAMS 0x0000000089900000| PB 0x0000000089900000| Complete 
| 154|0x0000000089a00000, 0x0000000089b00000, 0x0000000089b00000|100%| E|CS|TAMS 0x0000000089a00000| PB 0x0000000089a00000| Complete 
| 155|0x0000000089b00000, 0x0000000089c00000, 0x0000000089c00000|100%| E|CS|TAMS 0x0000000089b00000| PB 0x0000000089b00000| Complete 
| 156|0x0000000089c00000, 0x0000000089d00000, 0x0000000089d00000|100%| E|CS|TAMS 0x0000000089c00000| PB 0x0000000089c00000| Complete 
| 157|0x0000000089d00000, 0x0000000089e00000, 0x0000000089e00000|100%| E|CS|TAMS 0x0000000089d00000| PB 0x0000000089d00000| Complete 
| 158|0x0000000089e00000, 0x0000000089f00000, 0x0000000089f00000|100%| E|CS|TAMS 0x0000000089e00000| PB 0x0000000089e00000| Complete 
| 159|0x0000000089f00000, 0x000000008a000000, 0x000000008a000000|100%| E|CS|TAMS 0x0000000089f00000| PB 0x0000000089f00000| Complete 
| 160|0x000000008a000000, 0x000000008a100000, 0x000000008a100000|100%| E|CS|TAMS 0x000000008a000000| PB 0x000000008a000000| Complete 
| 161|0x000000008a100000, 0x000000008a200000, 0x000000008a200000|100%| E|CS|TAMS 0x000000008a100000| PB 0x000000008a100000| Complete 
| 162|0x000000008a200000, 0x000000008a300000, 0x000000008a300000|100%| E|CS|TAMS 0x000000008a200000| PB 0x000000008a200000| Complete 
| 163|0x000000008a300000, 0x000000008a400000, 0x000000008a400000|100%| E|CS|TAMS 0x000000008a300000| PB 0x000000008a300000| Complete 
| 164|0x000000008a400000, 0x000000008a500000, 0x000000008a500000|100%| E|CS|TAMS 0x000000008a400000| PB 0x000000008a400000| Complete 
| 165|0x000000008a500000, 0x000000008a600000, 0x000000008a600000|100%| E|CS|TAMS 0x000000008a500000| PB 0x000000008a500000| Complete 
| 166|0x000000008a600000, 0x000000008a700000, 0x000000008a700000|100%| E|CS|TAMS 0x000000008a600000| PB 0x000000008a600000| Complete 
| 167|0x000000008a700000, 0x000000008a800000, 0x000000008a800000|100%| E|CS|TAMS 0x000000008a700000| PB 0x000000008a700000| Complete 
| 168|0x000000008a800000, 0x000000008a900000, 0x000000008a900000|100%| E|CS|TAMS 0x000000008a800000| PB 0x000000008a800000| Complete 
| 169|0x000000008a900000, 0x000000008aa00000, 0x000000008aa00000|100%| E|CS|TAMS 0x000000008a900000| PB 0x000000008a900000| Complete 
| 170|0x000000008aa00000, 0x000000008ab00000, 0x000000008ab00000|100%| E|CS|TAMS 0x000000008aa00000| PB 0x000000008aa00000| Complete 
| 171|0x000000008ab00000, 0x000000008ac00000, 0x000000008ac00000|100%| E|CS|TAMS 0x000000008ab00000| PB 0x000000008ab00000| Complete 
| 172|0x000000008ac00000, 0x000000008ad00000, 0x000000008ad00000|100%| E|CS|TAMS 0x000000008ac00000| PB 0x000000008ac00000| Complete 
| 173|0x000000008ad00000, 0x000000008ae00000, 0x000000008ae00000|100%| E|CS|TAMS 0x000000008ad00000| PB 0x000000008ad00000| Complete 
| 174|0x000000008ae00000, 0x000000008af00000, 0x000000008af00000|100%| E|CS|TAMS 0x000000008ae00000| PB 0x000000008ae00000| Complete 
| 175|0x000000008af00000, 0x000000008b000000, 0x000000008b000000|100%| E|CS|TAMS 0x000000008af00000| PB 0x000000008af00000| Complete 
| 176|0x000000008b000000, 0x000000008b100000, 0x000000008b100000|100%| E|CS|TAMS 0x000000008b000000| PB 0x000000008b000000| Complete 
| 177|0x000000008b100000, 0x000000008b200000, 0x000000008b200000|100%| E|CS|TAMS 0x000000008b100000| PB 0x000000008b100000| Complete 
| 178|0x000000008b200000, 0x000000008b300000, 0x000000008b300000|100%| E|CS|TAMS 0x000000008b200000| PB 0x000000008b200000| Complete 
| 179|0x000000008b300000, 0x000000008b400000, 0x000000008b400000|100%| E|CS|TAMS 0x000000008b300000| PB 0x000000008b300000| Complete 
| 180|0x000000008b400000, 0x000000008b500000, 0x000000008b500000|100%| E|CS|TAMS 0x000000008b400000| PB 0x000000008b400000| Complete 
| 181|0x000000008b500000, 0x000000008b600000, 0x000000008b600000|100%| E|CS|TAMS 0x000000008b500000| PB 0x000000008b500000| Complete 
| 182|0x000000008b600000, 0x000000008b700000, 0x000000008b700000|100%| E|CS|TAMS 0x000000008b600000| PB 0x000000008b600000| Complete 
| 183|0x000000008b700000, 0x000000008b800000, 0x000000008b800000|100%| E|CS|TAMS 0x000000008b700000| PB 0x000000008b700000| Complete 
| 184|0x000000008b800000, 0x000000008b900000, 0x000000008b900000|100%| E|CS|TAMS 0x000000008b800000| PB 0x000000008b800000| Complete 
| 185|0x000000008b900000, 0x000000008ba00000, 0x000000008ba00000|100%| E|CS|TAMS 0x000000008b900000| PB 0x000000008b900000| Complete 
| 186|0x000000008ba00000, 0x000000008bb00000, 0x000000008bb00000|100%| E|CS|TAMS 0x000000008ba00000| PB 0x000000008ba00000| Complete 
| 187|0x000000008bb00000, 0x000000008bc00000, 0x000000008bc00000|100%| E|CS|TAMS 0x000000008bb00000| PB 0x000000008bb00000| Complete 
| 188|0x000000008bc00000, 0x000000008bd00000, 0x000000008bd00000|100%| E|CS|TAMS 0x000000008bc00000| PB 0x000000008bc00000| Complete 
| 189|0x000000008bd00000, 0x000000008be00000, 0x000000008be00000|100%| E|CS|TAMS 0x000000008bd00000| PB 0x000000008bd00000| Complete 
| 190|0x000000008be00000, 0x000000008bf00000, 0x000000008bf00000|100%| E|CS|TAMS 0x000000008be00000| PB 0x000000008be00000| Complete 
| 191|0x000000008bf00000, 0x000000008c000000, 0x000000008c000000|100%| E|CS|TAMS 0x000000008bf00000| PB 0x000000008bf00000| Complete 
| 192|0x000000008c000000, 0x000000008c100000, 0x000000008c100000|100%| E|CS|TAMS 0x000000008c000000| PB 0x000000008c000000| Complete 
| 193|0x000000008c100000, 0x000000008c200000, 0x000000008c200000|100%| E|CS|TAMS 0x000000008c100000| PB 0x000000008c100000| Complete 
| 194|0x000000008c200000, 0x000000008c300000, 0x000000008c300000|100%| E|CS|TAMS 0x000000008c200000| PB 0x000000008c200000| Complete 
|2043|0x00000000ffb00000, 0x00000000ffc00000, 0x00000000ffc00000|100%| E|CS|TAMS 0x00000000ffb00000| PB 0x00000000ffb00000| Complete 
|2044|0x00000000ffc00000, 0x00000000ffd00000, 0x00000000ffd00000|100%| O|  |TAMS 0x00000000ffc00000| PB 0x00000000ffc00000| Untracked 
|2045|0x00000000ffd00000, 0x00000000ffe00000, 0x00000000ffe00000|100%| O|  |TAMS 0x00000000ffd00000| PB 0x00000000ffd00000| Untracked 
|2046|0x00000000ffe00000, 0x00000000fff00000, 0x00000000fff00000|100%| O|  |TAMS 0x00000000ffe00000| PB 0x00000000ffe00000| Untracked 
|2047|0x00000000fff00000, 0x0000000100000000, 0x0000000100000000|100%| O|  |TAMS 0x00000000fff00000| PB 0x00000000fff00000| Untracked 

Card table byte_map: [0x00000230fe520000,0x00000230fe920000] _byte_map_base: 0x00000230fe120000

Marking Bits: (CMBitMap*) 0x00000230f5add790
 Bits: [0x0000023088000000, 0x000002308a000000)

Polling page: 0x00000230f3a30000

Metaspace:

Usage:
  Non-class:     83.62 MB used.
      Class:     13.61 MB used.
       Both:     97.23 MB used.

Virtual space:
  Non-class space:      128.00 MB reserved,      84.75 MB ( 66%) committed,  2 nodes.
      Class space:      416.00 MB reserved,      14.75 MB (  4%) committed,  1 nodes.
             Both:      544.00 MB reserved,      99.50 MB ( 18%) committed. 

Chunk freelists:
   Non-Class:  10.70 MB
       Class:  1.23 MB
        Both:  11.94 MB

MaxMetaspaceSize: 512.00 MB
CompressedClassSpaceSize: 416.00 MB
Initial GC threshold: 21.00 MB
Current GC threshold: 162.12 MB
CDS: on
 - commit_granule_bytes: 65536.
 - commit_granule_words: 8192.
 - virtual_space_node_default_size: 8388608.
 - enlarge_chunks_in_place: 1.
 - use_allocation_guard: 0.


Internal statistics:

num_allocs_failed_limit: 9.
num_arena_births: 4242.
num_arena_deaths: 0.
num_vsnodes_births: 3.
num_vsnodes_deaths: 0.
num_space_committed: 1592.
num_space_uncommitted: 0.
num_chunks_returned_to_freelist: 9.
num_chunks_taken_from_freelist: 9003.
num_chunk_merges: 9.
num_chunk_splits: 5813.
num_chunks_enlarged: 3558.
num_inconsistent_stats: 0.

CodeCache: size=131072Kb used=29809Kb max_used=29809Kb free=101262Kb
 bounds [0x0000023080000000, 0x0000023081d30000, 0x0000023088000000]
 total_blobs=11734 nmethods=10724 adapters=914
 compilation: enabled
              stopped_count=0, restarted_count=0
 full_count=0

Compilation events (20 events):
Event: 39.437 Thread 0x00000230ff384130 12911       1       org.gradle.internal.extensibility.DefaultConvention::access$200 (5 bytes)
Event: 39.437 Thread 0x00000230ff384130 nmethod 12911 0x00000230808f8e90 code [0x00000230808f9020, 0x00000230808f90d0]
Event: 39.448 Thread 0x00000230ff384130 12912       3       java.lang.Long::equals (30 bytes)
Event: 39.448 Thread 0x00000230ff384130 nmethod 12912 0x00000230808f7f90 code [0x00000230808f8140, 0x00000230808f8518]
Event: 39.454 Thread 0x00000230ff384130 12914       3       org.gradle.internal.instantiation.generator.AsmBackedClassGenerator$ClassBuilderImpl$7::<init> (115 bytes)
Event: 39.457 Thread 0x00000230ff384130 nmethod 12914 0x0000023080a1cb10 code [0x0000023080a1cee0, 0x0000023080a1ee18]
Event: 39.457 Thread 0x00000230ff384130 12915       3       org.gradle.internal.instantiation.generator.AsmBackedClassGenerator$ClassBuilderImpl::access$7900 (4 bytes)
Event: 39.457 Thread 0x00000230ff384130 nmethod 12915 0x0000023080a1c810 code [0x0000023080a1c9a0, 0x0000023080a1ca98]
Event: 39.457 Thread 0x00000230ff384130 12916       3       org.gradle.internal.instantiation.generator.AsmBackedClassGenerator$ClassBuilderImpl::access$8100 (4 bytes)
Event: 39.457 Thread 0x00000230ff384130 nmethod 12916 0x0000023080a1c510 code [0x0000023080a1c6a0, 0x0000023080a1c798]
Event: 39.457 Thread 0x00000230ff384130 12917       3       org.gradle.internal.instantiation.generator.AsmBackedClassGenerator$ClassBuilderImpl::access$8200 (4 bytes)
Event: 39.458 Thread 0x00000230ff384130 nmethod 12917 0x0000023080a1c210 code [0x0000023080a1c3a0, 0x0000023080a1c498]
Event: 39.458 Thread 0x00000230ff384130 12918       3       org.gradle.internal.instantiation.generator.AsmBackedClassGenerator$ClassBuilderImpl::access$8400 (4 bytes)
Event: 39.458 Thread 0x00000230ff384130 nmethod 12918 0x0000023080a1bf10 code [0x0000023080a1c0a0, 0x0000023080a1c198]
Event: 39.458 Thread 0x00000230ff384130 12919       3       org.gradle.internal.instantiation.generator.AsmBackedClassGenerator$ClassBuilderImpl::access$8500 (4 bytes)
Event: 39.458 Thread 0x00000230ff384130 nmethod 12919 0x0000023080a1bc10 code [0x0000023080a1bda0, 0x0000023080a1be98]
Event: 39.459 Thread 0x00000230ff384130 12920       1       org.gradle.internal.metaobject.BeanDynamicObject::access$300 (5 bytes)
Event: 39.459 Thread 0x00000230ff384130 nmethod 12920 0x0000023080a1b910 code [0x0000023080a1baa0, 0x0000023080a1bb50]
Event: 39.463 Thread 0x00000230ff384130 12921       3       org.gradle.api.DefaultTask::getState (5 bytes)
Event: 39.464 Thread 0x00000230ff384130 nmethod 12921 0x00000230814c9d90 code [0x00000230814c9f20, 0x00000230814ca040]

GC Heap History (20 events):
Event: 29.477 GC heap before
{Heap before GC invocations=32 (full 0):
 garbage-first heap   total 140288K, used 88196K [0x0000000080000000, 0x0000000100000000)
  region size 1024K, 8 young (8192K), 6 survivors (6144K)
 Metaspace       used 73454K, committed 75456K, reserved 491520K
  class space    used 10405K, committed 11392K, reserved 425984K
}
Event: 29.484 GC heap after
{Heap after GC invocations=33 (full 0):
 garbage-first heap   total 140288K, used 90009K [0x0000000080000000, 0x0000000100000000)
  region size 1024K, 2 young (2048K), 2 survivors (2048K)
 Metaspace       used 73454K, committed 75456K, reserved 491520K
  class space    used 10405K, committed 11392K, reserved 425984K
}
Event: 30.580 GC heap before
{Heap before GC invocations=34 (full 0):
 garbage-first heap   total 158720K, used 116633K [0x0000000080000000, 0x0000000100000000)
  region size 1024K, 24 young (24576K), 2 survivors (2048K)
 Metaspace       used 74008K, committed 76032K, reserved 491520K
  class space    used 10489K, committed 11520K, reserved 425984K
}
Event: 30.585 GC heap after
{Heap after GC invocations=35 (full 0):
 garbage-first heap   total 158720K, used 99482K [0x0000000080000000, 0x0000000100000000)
  region size 1024K, 3 young (3072K), 3 survivors (3072K)
 Metaspace       used 74008K, committed 76032K, reserved 491520K
  class space    used 10489K, committed 11520K, reserved 425984K
}
Event: 31.305 GC heap before
{Heap before GC invocations=35 (full 0):
 garbage-first heap   total 158720K, used 128154K [0x0000000080000000, 0x0000000100000000)
  region size 1024K, 31 young (31744K), 3 survivors (3072K)
 Metaspace       used 76208K, committed 78272K, reserved 557056K
  class space    used 10733K, committed 11776K, reserved 425984K
}
Event: 31.310 GC heap after
{Heap after GC invocations=36 (full 0):
 garbage-first heap   total 158720K, used 100440K [0x0000000080000000, 0x0000000100000000)
  region size 1024K, 4 young (4096K), 4 survivors (4096K)
 Metaspace       used 76208K, committed 78272K, reserved 557056K
  class space    used 10733K, committed 11776K, reserved 425984K
}
Event: 32.062 GC heap before
{Heap before GC invocations=36 (full 0):
 garbage-first heap   total 158720K, used 131160K [0x0000000080000000, 0x0000000100000000)
  region size 1024K, 34 young (34816K), 4 survivors (4096K)
 Metaspace       used 79431K, committed 81536K, reserved 557056K
  class space    used 11070K, committed 12160K, reserved 425984K
}
Event: 32.066 GC heap after
{Heap after GC invocations=37 (full 0):
 garbage-first heap   total 158720K, used 102673K [0x0000000080000000, 0x0000000100000000)
  region size 1024K, 4 young (4096K), 4 survivors (4096K)
 Metaspace       used 79431K, committed 81536K, reserved 557056K
  class space    used 11070K, committed 12160K, reserved 425984K
}
Event: 32.952 GC heap before
{Heap before GC invocations=38 (full 0):
 garbage-first heap   total 176128K, used 138513K [0x0000000080000000, 0x0000000100000000)
  region size 1024K, 35 young (35840K), 4 survivors (4096K)
 Metaspace       used 81291K, committed 83392K, reserved 557056K
  class space    used 11314K, committed 12352K, reserved 425984K
}
Event: 32.959 GC heap after
{Heap after GC invocations=39 (full 0):
 garbage-first heap   total 176128K, used 106841K [0x0000000080000000, 0x0000000100000000)
  region size 1024K, 5 young (5120K), 5 survivors (5120K)
 Metaspace       used 81291K, committed 83392K, reserved 557056K
  class space    used 11314K, committed 12352K, reserved 425984K
}
Event: 33.832 GC heap before
{Heap before GC invocations=39 (full 0):
 garbage-first heap   total 176128K, used 148825K [0x0000000080000000, 0x0000000100000000)
  region size 1024K, 46 young (47104K), 5 survivors (5120K)
 Metaspace       used 84239K, committed 86336K, reserved 557056K
  class space    used 11691K, committed 12736K, reserved 425984K
}
Event: 33.839 GC heap after
{Heap after GC invocations=40 (full 0):
 garbage-first heap   total 176128K, used 108225K [0x0000000080000000, 0x0000000100000000)
  region size 1024K, 3 young (3072K), 3 survivors (3072K)
 Metaspace       used 84239K, committed 86336K, reserved 557056K
  class space    used 11691K, committed 12736K, reserved 425984K
}
Event: 34.754 GC heap before
{Heap before GC invocations=40 (full 0):
 garbage-first heap   total 176128K, used 151233K [0x0000000080000000, 0x0000000100000000)
  region size 1024K, 45 young (46080K), 3 survivors (3072K)
 Metaspace       used 87363K, committed 89536K, reserved 557056K
  class space    used 12107K, committed 13184K, reserved 425984K
}
Event: 34.760 GC heap after
{Heap after GC invocations=41 (full 0):
 garbage-first heap   total 176128K, used 109480K [0x0000000080000000, 0x0000000100000000)
  region size 1024K, 4 young (4096K), 4 survivors (4096K)
 Metaspace       used 87363K, committed 89536K, reserved 557056K
  class space    used 12107K, committed 13184K, reserved 425984K
}
Event: 35.796 GC heap before
{Heap before GC invocations=42 (full 0):
 garbage-first heap   total 193536K, used 153512K [0x0000000080000000, 0x0000000100000000)
  region size 1024K, 48 young (49152K), 4 survivors (4096K)
 Metaspace       used 88804K, committed 90944K, reserved 557056K
  class space    used 12306K, committed 13376K, reserved 425984K
}
Event: 35.804 GC heap after
{Heap after GC invocations=43 (full 0):
 garbage-first heap   total 193536K, used 113586K [0x0000000080000000, 0x0000000100000000)
  region size 1024K, 6 young (6144K), 6 survivors (6144K)
 Metaspace       used 88804K, committed 90944K, reserved 557056K
  class space    used 12306K, committed 13376K, reserved 425984K
}
Event: 37.122 GC heap before
{Heap before GC invocations=43 (full 0):
 garbage-first heap   total 193536K, used 169906K [0x0000000080000000, 0x0000000100000000)
  region size 1024K, 60 young (61440K), 6 survivors (6144K)
 Metaspace       used 92835K, committed 95104K, reserved 557056K
  class space    used 12890K, committed 14016K, reserved 425984K
}
Event: 37.132 GC heap after
{Heap after GC invocations=44 (full 0):
 garbage-first heap   total 193536K, used 114528K [0x0000000080000000, 0x0000000100000000)
  region size 1024K, 6 young (6144K), 6 survivors (6144K)
 Metaspace       used 92835K, committed 95104K, reserved 557056K
  class space    used 12890K, committed 14016K, reserved 425984K
}
Event: 38.582 GC heap before
{Heap before GC invocations=44 (full 0):
 garbage-first heap   total 193536K, used 172896K [0x0000000080000000, 0x0000000100000000)
  region size 1024K, 63 young (64512K), 6 survivors (6144K)
 Metaspace       used 97168K, committed 99328K, reserved 557056K
  class space    used 13571K, committed 14656K, reserved 425984K
}
Event: 38.591 GC heap after
{Heap after GC invocations=45 (full 0):
 garbage-first heap   total 193536K, used 116657K [0x0000000080000000, 0x0000000100000000)
  region size 1024K, 4 young (4096K), 4 survivors (4096K)
 Metaspace       used 97168K, committed 99328K, reserved 557056K
  class space    used 13571K, committed 14656K, reserved 425984K
}

Dll operation events (15 events):
Event: 0.013 Loaded shared library E:\Programme\Java\jdk-21\bin\java.dll
Event: 0.060 Loaded shared library E:\Programme\Java\jdk-21\bin\jsvml.dll
Event: 0.125 Loaded shared library E:\Programme\Java\jdk-21\bin\zip.dll
Event: 0.139 Loaded shared library E:\Programme\Java\jdk-21\bin\instrument.dll
Event: 0.145 Loaded shared library E:\Programme\Java\jdk-21\bin\net.dll
Event: 0.147 Loaded shared library E:\Programme\Java\jdk-21\bin\nio.dll
Event: 0.151 Loaded shared library E:\Programme\Java\jdk-21\bin\zip.dll
Event: 0.552 Loaded shared library E:\Programme\Java\jdk-21\bin\jimage.dll
Event: 0.763 Loaded shared library E:\Programme\Java\jdk-21\bin\verify.dll
Event: 1.018 Loaded shared library C:\Users\JEREMIE\.gradle\native\c067742578af261105cb4f569cf0c3c89f3d7b1fecec35dd04571415982c5e48\windows-amd64\native-platform.dll
Event: 1.024 Loaded shared library C:\Users\JEREMIE\.gradle\native\100fb08df4bc3b14c8652ba06237920a3bd2aa13389f12d3474272988ae205f9\windows-amd64\native-platform-file-events.dll
Event: 2.758 Loaded shared library E:\Programme\Java\jdk-21\bin\management.dll
Event: 2.761 Loaded shared library E:\Programme\Java\jdk-21\bin\management_ext.dll
Event: 3.031 Loaded shared library E:\Programme\Java\jdk-21\bin\extnet.dll
Event: 3.382 Loaded shared library E:\Programme\Java\jdk-21\bin\sunmscapi.dll

Deoptimization events (20 events):
Event: 38.719 Thread 0x00000230ac900130 DEOPT PACKING pc=0x000002308023ea90 sp=0x00000044390f6520
Event: 38.719 Thread 0x00000230ac900130 DEOPT UNPACKING pc=0x00000230800546a2 sp=0x00000044390f6358 mode 2
Event: 39.009 Thread 0x00000230ac900130 Uncommon trap: trap_request=0xffffff45 fr.pc=0x0000023080770be4 relative=0x00000000000000c4
Event: 39.009 Thread 0x00000230ac900130 Uncommon trap: reason=unstable_if action=reinterpret pc=0x0000023080770be4 method=java.lang.invoke.LambdaForm$BasicType.basicType(C)Ljava/lang/invoke/LambdaForm$BasicType; @ 1 c2
Event: 39.009 Thread 0x00000230ac900130 DEOPT PACKING pc=0x0000023080770be4 sp=0x00000044390f55a0
Event: 39.009 Thread 0x00000230ac900130 DEOPT UNPACKING pc=0x00000230800546a2 sp=0x00000044390f5538 mode 2
Event: 39.020 Thread 0x00000230ac900130 Uncommon trap: trap_request=0xffffff45 fr.pc=0x0000023081973e08 relative=0x0000000000000068
Event: 39.020 Thread 0x00000230ac900130 Uncommon trap: reason=unstable_if action=reinterpret pc=0x0000023081973e08 method=java.lang.StringConcatHelper.stringOf(Ljava/lang/Object;)Ljava/lang/String; @ 1 c2
Event: 39.020 Thread 0x00000230ac900130 DEOPT PACKING pc=0x0000023081973e08 sp=0x00000044390f64f0
Event: 39.020 Thread 0x00000230ac900130 DEOPT UNPACKING pc=0x00000230800546a2 sp=0x00000044390f6480 mode 2
Event: 39.269 Thread 0x00000230ac900130 Uncommon trap: trap_request=0xfffffff4 fr.pc=0x0000023080b3d794 relative=0x0000000000000074
Event: 39.269 Thread 0x00000230ac900130 Uncommon trap: reason=null_check action=make_not_entrant pc=0x0000023080b3d794 method=java.lang.Class.isAnnotation()Z @ 1 c2
Event: 39.269 Thread 0x00000230ac900130 DEOPT PACKING pc=0x0000023080b3d794 sp=0x00000044390f5d70
Event: 39.269 Thread 0x00000230ac900130 DEOPT UNPACKING pc=0x00000230800546a2 sp=0x00000044390f5d00 mode 2
Event: 39.399 Thread 0x00000230ac900130 DEOPT PACKING pc=0x00000230819f5ce3 sp=0x00000044390f5db0
Event: 39.399 Thread 0x00000230ac900130 DEOPT UNPACKING pc=0x0000023080054e42 sp=0x00000044390f52b0 mode 0
Event: 39.450 Thread 0x00000230ac900130 Uncommon trap: trap_request=0xfffffff4 fr.pc=0x0000023081520f10 relative=0x0000000000008990
Event: 39.450 Thread 0x00000230ac900130 Uncommon trap: reason=null_check action=make_not_entrant pc=0x0000023081520f10 method=org.gradle.internal.instantiation.generator.AbstractClassGenerator$PropertyMetadata.addGetter(Lorg/gradle/internal/instantiation/generator/AbstractClassGenerator$MethodM
Event: 39.450 Thread 0x00000230ac900130 DEOPT PACKING pc=0x0000023081520f10 sp=0x00000044390f4ff0
Event: 39.450 Thread 0x00000230ac900130 DEOPT UNPACKING pc=0x00000230800546a2 sp=0x00000044390f4f00 mode 2

Classes loaded (20 events):
Event: 33.522 Loading class javax/xml/stream/XMLStreamException
Event: 33.522 Loading class javax/xml/stream/XMLStreamException done
Event: 36.520 Loading class java/util/concurrent/atomic/AtomicIntegerArray
Event: 36.520 Loading class java/util/concurrent/atomic/AtomicIntegerArray done
Event: 36.525 Loading class java/util/Currency
Event: 36.526 Loading class java/util/Currency done
Event: 36.536 Loading class java/util/concurrent/atomic/AtomicLongArray
Event: 36.537 Loading class java/util/concurrent/atomic/AtomicLongArray done
Event: 36.599 Loading class sun/reflect/generics/repository/FieldRepository
Event: 36.600 Loading class sun/reflect/generics/repository/FieldRepository done
Event: 36.631 Loading class jdk/internal/vm/annotation/ForceInline
Event: 36.632 Loading class jdk/internal/vm/annotation/ForceInline done
Event: 36.802 Loading class java/util/regex/Pattern$Caret
Event: 36.803 Loading class java/util/regex/Pattern$Caret done
Event: 38.232 Loading class java/net/Proxy
Event: 38.232 Loading class java/net/Proxy done
Event: 38.232 Loading class java/net/Proxy$Type
Event: 38.232 Loading class java/net/Proxy$Type done
Event: 38.309 Loading class java/io/FileReader
Event: 38.310 Loading class java/io/FileReader done

Classes unloaded (0 events):
No events

Classes redefined (0 events):
No events

Internal exceptions (20 events):
Event: 35.038 Thread 0x00000230ac900130 Exception <a 'java/lang/ClassNotFoundException'{0x000000008b24b608}: org/gradle/api/plugins/internal/NaggingJavaPluginConventionBeanInfo> (0x000000008b24b608) 
thrown [s\open\src\hotspot\share\classfile\systemDictionary.cpp, line 312]
Event: 35.040 Thread 0x00000230ac900130 Exception <a 'java/lang/ClassNotFoundException'{0x000000008b264888}: org/gradle/api/plugins/JavaPluginConventionBeanInfo> (0x000000008b264888) 
thrown [s\open\src\hotspot\share\classfile\systemDictionary.cpp, line 312]
Event: 35.042 Thread 0x00000230ac900130 Exception <a 'java/lang/ClassNotFoundException'{0x000000008b27dac8}: org/gradle/api/plugins/JavaPluginConventionCustomizer> (0x000000008b27dac8) 
thrown [s\open\src\hotspot\share\classfile\systemDictionary.cpp, line 312]
Event: 35.051 Thread 0x00000230ac900130 Exception <a 'java/lang/ClassNotFoundException'{0x000000008b2acd78}: org/gradle/api/plugins/internal/NaggingJavaPluginConventionCustomizer> (0x000000008b2acd78) 
thrown [s\open\src\hotspot\share\classfile\systemDictionary.cpp, line 312]
Event: 36.272 Thread 0x00000230ac900130 Exception <a 'java/lang/NoSuchMethodError'{0x000000008a3fea00}: 'java.lang.Object java.lang.invoke.DirectMethodHandle$Holder.newInvokeSpecial(java.lang.Object, java.lang.Object, java.lang.Object, java.lang.Object, java.lang.Object, java.lang.Object, java.lang.Object, java.lang.Object, java.lang.Object, java.lang.Object, java.lang.Object, java.lang.Object, java.lang.Object, java.lang.Object, java.lang.Object)'> (0x000000008a3fea00) 
thrown [s\open\src\hotspot\share\interpreter\linkResolver.cpp, line 773]
Event: 36.634 Thread 0x00000230ac900130 Exception <a 'java/lang/NoSuchMethodError'{0x0000000089348940}: 'void java.lang.invoke.Invokers$Holder.invokeExact_MT(java.lang.Object, java.lang.Object, java.lang.Object, java.lang.Object)'> (0x0000000089348940) 
thrown [s\open\src\hotspot\share\interpreter\linkResolver.cpp, line 773]
Event: 37.737 Thread 0x00000230ac900130 Implicit null exception at 0x000002308045a1ef to 0x000002308045bb4c
Event: 38.368 Thread 0x00000230ac900130 Exception <a 'java/lang/NoSuchMethodError'{0x0000000088ad2978}: 'void java.lang.invoke.DelegatingMethodHandle$Holder.reinvoke_L(java.lang.Object, java.lang.Object, int)'> (0x0000000088ad2978) 
thrown [s\open\src\hotspot\share\interpreter\linkResolver.cpp, line 773]
Event: 38.369 Thread 0x00000230ac900130 Exception <a 'java/lang/NoSuchMethodError'{0x0000000088ada4d0}: 'void java.lang.invoke.Invokers$Holder.invokeExact_MT(java.lang.Object, java.lang.Object, int, java.lang.Object)'> (0x0000000088ada4d0) 
thrown [s\open\src\hotspot\share\interpreter\linkResolver.cpp, line 773]
Event: 39.142 Thread 0x00000230ac900130 Exception <a 'java/lang/ClassNotFoundException'{0x000000008a955bc8}: com/android/build/gradle/internal/api/ApkVariantOutputImpl_DecoratedBeanInfo> (0x000000008a955bc8) 
thrown [s\open\src\hotspot\share\classfile\systemDictionary.cpp, line 312]
Event: 39.143 Thread 0x00000230ac900130 Exception <a 'java/lang/ClassNotFoundException'{0x000000008a9652c8}: com/android/build/gradle/internal/api/ApkVariantOutputImplBeanInfo> (0x000000008a9652c8) 
thrown [s\open\src\hotspot\share\classfile\systemDictionary.cpp, line 312]
Event: 39.145 Thread 0x00000230ac900130 Exception <a 'java/lang/ClassNotFoundException'{0x000000008a9749f8}: com/android/build/gradle/internal/api/BaseVariantOutputImplBeanInfo> (0x000000008a9749f8) 
thrown [s\open\src\hotspot\share\classfile\systemDictionary.cpp, line 312]
Event: 39.146 Thread 0x00000230ac900130 Exception <a 'java/lang/ClassNotFoundException'{0x000000008a984388}: com/android/build/gradle/internal/api/BaseVariantOutputImplCustomizer> (0x000000008a984388) 
thrown [s\open\src\hotspot\share\classfile\systemDictionary.cpp, line 312]
Event: 39.149 Thread 0x00000230ac900130 Exception <a 'java/lang/ClassNotFoundException'{0x000000008a9a6d50}: com/android/build/gradle/internal/api/ApkVariantOutputImplCustomizer> (0x000000008a9a6d50) 
thrown [s\open\src\hotspot\share\classfile\systemDictionary.cpp, line 312]
Event: 39.151 Thread 0x00000230ac900130 Exception <a 'java/lang/ClassNotFoundException'{0x000000008a9c4d10}: com/android/build/gradle/internal/api/ApkVariantOutputImpl_DecoratedCustomizer> (0x000000008a9c4d10) 
thrown [s\open\src\hotspot\share\classfile\systemDictionary.cpp, line 312]
Event: 39.289 Thread 0x00000230ac900130 Exception <a 'java/lang/ClassNotFoundException'{0x000000008a2b1a50}: com/android/build/gradle/internal/api/ReadOnlyBuildTypeBeanInfo> (0x000000008a2b1a50) 
thrown [s\open\src\hotspot\share\classfile\systemDictionary.cpp, line 312]
Event: 39.290 Thread 0x00000230ac900130 Exception <a 'java/lang/ClassNotFoundException'{0x000000008a2c10f0}: com/android/build/gradle/internal/api/ReadOnlyBaseConfigBeanInfo> (0x000000008a2c10f0) 
thrown [s\open\src\hotspot\share\classfile\systemDictionary.cpp, line 312]
Event: 39.291 Thread 0x00000230ac900130 Exception <a 'java/lang/ClassNotFoundException'{0x000000008a2d07b0}: com/android/build/gradle/internal/api/ReadOnlyBaseConfigCustomizer> (0x000000008a2d07b0) 
thrown [s\open\src\hotspot\share\classfile\systemDictionary.cpp, line 312]
Event: 39.294 Thread 0x00000230ac900130 Exception <a 'java/lang/ClassNotFoundException'{0x000000008a2f0da8}: com/android/build/gradle/internal/api/ReadOnlyBuildTypeCustomizer> (0x000000008a2f0da8) 
thrown [s\open\src\hotspot\share\classfile\systemDictionary.cpp, line 312]
Event: 39.450 Thread 0x00000230ac900130 Implicit null exception at 0x000002308151b514 to 0x0000023081520ed4

ZGC Phase Switch (0 events):
No events

VM Operations (20 events):
Event: 36.029 Executing VM operation: HandshakeAllThreads (Deoptimize)
Event: 36.030 Executing VM operation: HandshakeAllThreads (Deoptimize) done
Event: 37.032 Executing VM operation: Cleanup
Event: 37.033 Executing VM operation: Cleanup done
Event: 37.122 Executing VM operation: G1CollectForAllocation (G1 Evacuation Pause)
Event: 37.132 Executing VM operation: G1CollectForAllocation (G1 Evacuation Pause) done
Event: 38.137 Executing VM operation: Cleanup
Event: 38.138 Executing VM operation: Cleanup done
Event: 38.306 Executing VM operation: HandshakeAllThreads (Deoptimize)
Event: 38.306 Executing VM operation: HandshakeAllThreads (Deoptimize) done
Event: 38.312 Executing VM operation: HandshakeAllThreads (Deoptimize)
Event: 38.312 Executing VM operation: HandshakeAllThreads (Deoptimize) done
Event: 38.581 Executing VM operation: G1CollectForAllocation (G1 Evacuation Pause)
Event: 38.591 Executing VM operation: G1CollectForAllocation (G1 Evacuation Pause) done
Event: 38.751 Executing VM operation: G1PauseRemark
Event: 38.761 Executing VM operation: G1PauseRemark done
Event: 38.838 Executing VM operation: G1PauseCleanup
Event: 38.838 Executing VM operation: G1PauseCleanup done
Event: 39.373 Executing VM operation: HandshakeAllThreads (Deoptimize)
Event: 39.373 Executing VM operation: HandshakeAllThreads (Deoptimize) done

Events (20 events):
Event: 38.758 Thread 0x00000230ff35f8a0 flushing nmethod 0x0000023080962090
Event: 38.758 Thread 0x00000230ff35f8a0 flushing nmethod 0x0000023080968c10
Event: 38.758 Thread 0x00000230ff35f8a0 flushing nmethod 0x0000023080a1b610
Event: 38.758 Thread 0x00000230ff35f8a0 flushing nmethod 0x0000023080a71310
Event: 38.758 Thread 0x00000230ff35f8a0 flushing nmethod 0x0000023080aa9c10
Event: 38.758 Thread 0x00000230ff35f8a0 flushing nmethod 0x0000023080ad9290
Event: 38.758 Thread 0x00000230ff35f8a0 flushing nmethod 0x0000023080ce3c90
Event: 38.758 Thread 0x00000230ff35f8a0 flushing nmethod 0x0000023080d7e490
Event: 38.758 Thread 0x00000230ff35f8a0 flushing nmethod 0x0000023080dd0c10
Event: 38.758 Thread 0x00000230ff35f8a0 flushing nmethod 0x0000023080ee1890
Event: 38.758 Thread 0x00000230ff35f8a0 flushing nmethod 0x0000023080f53f90
Event: 38.758 Thread 0x00000230ff35f8a0 flushing nmethod 0x0000023081036010
Event: 38.758 Thread 0x00000230ff35f8a0 flushing nmethod 0x00000230809e1910
Event: 38.758 Thread 0x00000230ff35f8a0 flushing nmethod 0x0000023080ac4c90
Event: 38.758 Thread 0x00000230ff35f8a0 flushing nmethod 0x0000023080ac9190
Event: 38.758 Thread 0x00000230ff35f8a0 flushing nmethod 0x0000023080b0e110
Event: 38.758 Thread 0x00000230ff35f8a0 flushing nmethod 0x00000230810a7c90
Event: 38.758 Thread 0x00000230ff35f8a0 flushing nmethod 0x00000230810ceb90
Event: 38.758 Thread 0x00000230ff35f8a0 flushing nmethod 0x0000023081553e10
Event: 38.758 Thread 0x00000230ff35f8a0 flushing nmethod 0x0000023081611b10


Dynamic libraries:
0x00007ff69b1c0000 - 0x00007ff69b1d0000 	E:\Programme\Java\jdk-21\bin\java.exe
0x00007ffc385d0000 - 0x00007ffc387e8000 	C:\WINDOWS\SYSTEM32\ntdll.dll
0x00007ffc36ac0000 - 0x00007ffc36b84000 	C:\WINDOWS\System32\KERNEL32.DLL
0x00007ffc356e0000 - 0x00007ffc35ab3000 	C:\WINDOWS\System32\KERNELBASE.dll
0x00007ffc35f90000 - 0x00007ffc360a1000 	C:\WINDOWS\System32\ucrtbase.dll
0x00007ffbf1fb0000 - 0x00007ffbf1fc9000 	E:\Programme\Java\jdk-21\bin\jli.dll
0x00007ffc36d90000 - 0x00007ffc36e41000 	C:\WINDOWS\System32\ADVAPI32.dll
0x00007ffc36a00000 - 0x00007ffc36aa7000 	C:\WINDOWS\System32\msvcrt.dll
0x00007ffc371e0000 - 0x00007ffc37288000 	C:\WINDOWS\System32\sechost.dll
0x00007ffc0baf0000 - 0x00007ffc0bb0b000 	E:\Programme\Java\jdk-21\bin\VCRUNTIME140.dll
0x00007ffc35be0000 - 0x00007ffc35c08000 	C:\WINDOWS\System32\bcrypt.dll
0x00007ffc36bc0000 - 0x00007ffc36cd8000 	C:\WINDOWS\System32\RPCRT4.dll
0x00007ffc37020000 - 0x00007ffc371d2000 	C:\WINDOWS\System32\USER32.dll
0x00007ffc35df0000 - 0x00007ffc35e16000 	C:\WINDOWS\System32\win32u.dll
0x00007ffc36b90000 - 0x00007ffc36bb9000 	C:\WINDOWS\System32\GDI32.dll
0x00007ffc35ac0000 - 0x00007ffc35bdb000 	C:\WINDOWS\System32\gdi32full.dll
0x00007ffc35d50000 - 0x00007ffc35dea000 	C:\WINDOWS\System32\msvcp_win.dll
0x00007ffc1c660000 - 0x00007ffc1c8fc000 	C:\WINDOWS\WinSxS\amd64_microsoft.windows.common-controls_6595b64144ccf1df_6.0.22621.6060_none_2712eda17382d24b\COMCTL32.dll
0x00007ffc350b0000 - 0x00007ffc350ba000 	C:\WINDOWS\SYSTEM32\VERSION.dll
0x00007ffc38100000 - 0x00007ffc38131000 	C:\WINDOWS\System32\IMM32.DLL
0x00000000704f0000 - 0x00000000704fd000 	C:\Program Files (x86)\360\Total Security\safemon\SafeWrapper.dll
0x00007ffc2d690000 - 0x00007ffc2d795000 	C:\Program Files (x86)\360\Total Security\safemon\libzdtp64.dll
0x00007ffc376a0000 - 0x00007ffc37f3c000 	C:\WINDOWS\System32\SHELL32.dll
0x00007ffc360b0000 - 0x00007ffc361ef000 	C:\WINDOWS\System32\wintypes.dll
0x00007ffc37290000 - 0x00007ffc37621000 	C:\WINDOWS\System32\combase.dll
0x00007ffc37630000 - 0x00007ffc37699000 	C:\WINDOWS\System32\SHLWAPI.dll
0x00007ffc1f9d0000 - 0x00007ffc1f9dc000 	E:\Programme\Java\jdk-21\bin\vcruntime140_1.dll
0x00007ffbf1860000 - 0x00007ffbf18ee000 	E:\Programme\Java\jdk-21\bin\msvcp140.dll
0x00007ffbb23c0000 - 0x00007ffbb30dd000 	E:\Programme\Java\jdk-21\bin\server\jvm.dll
0x00007ffc38510000 - 0x00007ffc38581000 	C:\WINDOWS\System32\WS2_32.dll
0x00007ffc355b0000 - 0x00007ffc355fd000 	C:\WINDOWS\SYSTEM32\POWRPROF.dll
0x00007ffc2e3e0000 - 0x00007ffc2e414000 	C:\WINDOWS\SYSTEM32\WINMM.dll
0x00007ffc35590000 - 0x00007ffc355a3000 	C:\WINDOWS\SYSTEM32\UMPDC.dll
0x00007ffc34650000 - 0x00007ffc34668000 	C:\WINDOWS\SYSTEM32\kernel.appcore.dll
0x00007ffc1e300000 - 0x00007ffc1e30a000 	E:\Programme\Java\jdk-21\bin\jimage.dll
0x00007ffc32f40000 - 0x00007ffc33173000 	C:\WINDOWS\SYSTEM32\DBGHELP.DLL
0x00007ffc36920000 - 0x00007ffc369f8000 	C:\WINDOWS\System32\OLEAUT32.dll
0x00007ffc102f0000 - 0x00007ffc10322000 	C:\WINDOWS\SYSTEM32\dbgcore.DLL
0x00007ffc35cd0000 - 0x00007ffc35d4b000 	C:\WINDOWS\System32\bcryptPrimitives.dll
0x00007ffc060d0000 - 0x00007ffc060df000 	E:\Programme\Java\jdk-21\bin\instrument.dll
0x00007ffc0b4e0000 - 0x00007ffc0b4ff000 	E:\Programme\Java\jdk-21\bin\java.dll
0x00007ffc33570000 - 0x00007ffc33e8a000 	C:\WINDOWS\SYSTEM32\windows.storage.dll
0x00007ffc36270000 - 0x00007ffc36374000 	C:\WINDOWS\System32\SHCORE.dll
0x00007ffc35610000 - 0x00007ffc35635000 	C:\WINDOWS\SYSTEM32\profapi.dll
0x00007ffbe4930000 - 0x00007ffbe4a07000 	E:\Programme\Java\jdk-21\bin\jsvml.dll
0x00007ffc03e00000 - 0x00007ffc03e18000 	E:\Programme\Java\jdk-21\bin\zip.dll
0x00007ffc1e2d0000 - 0x00007ffc1e2e0000 	E:\Programme\Java\jdk-21\bin\net.dll
0x00007ffc30cd0000 - 0x00007ffc30dfc000 	C:\WINDOWS\SYSTEM32\WINHTTP.dll
0x00007ffc34b30000 - 0x00007ffc34b99000 	C:\WINDOWS\system32\mswsock.dll
0x00007ffc04020000 - 0x00007ffc04036000 	E:\Programme\Java\jdk-21\bin\nio.dll
0x00007ffc1e280000 - 0x00007ffc1e290000 	E:\Programme\Java\jdk-21\bin\verify.dll
0x00007ffc029b0000 - 0x00007ffc029d7000 	C:\Users\JEREMIE\.gradle\native\c067742578af261105cb4f569cf0c3c89f3d7b1fecec35dd04571415982c5e48\windows-amd64\native-platform.dll
0x00007ffbe8150000 - 0x00007ffbe8294000 	C:\Users\JEREMIE\.gradle\native\100fb08df4bc3b14c8652ba06237920a3bd2aa13389f12d3474272988ae205f9\windows-amd64\native-platform-file-events.dll
0x00007ffc1fcc0000 - 0x00007ffc1fcca000 	E:\Programme\Java\jdk-21\bin\management.dll
0x00007ffc19600000 - 0x00007ffc1960b000 	E:\Programme\Java\jdk-21\bin\management_ext.dll
0x00007ffc38500000 - 0x00007ffc38508000 	C:\WINDOWS\System32\PSAPI.DLL
0x00007ffc34d80000 - 0x00007ffc34d9b000 	C:\WINDOWS\SYSTEM32\CRYPTSP.dll
0x00007ffc345b0000 - 0x00007ffc345e7000 	C:\WINDOWS\system32\rsaenh.dll
0x00007ffc34c20000 - 0x00007ffc34c48000 	C:\WINDOWS\SYSTEM32\USERENV.dll
0x00007ffc34da0000 - 0x00007ffc34dac000 	C:\WINDOWS\SYSTEM32\CRYPTBASE.dll
0x00007ffc340f0000 - 0x00007ffc3411d000 	C:\WINDOWS\SYSTEM32\IPHLPAPI.DLL
0x00007ffc36fb0000 - 0x00007ffc36fb9000 	C:\WINDOWS\System32\NSI.dll
0x00007ffc1e200000 - 0x00007ffc1e209000 	E:\Programme\Java\jdk-21\bin\extnet.dll
0x00007ffc1c900000 - 0x00007ffc1c90e000 	E:\Programme\Java\jdk-21\bin\sunmscapi.dll
0x00007ffc35e20000 - 0x00007ffc35f88000 	C:\WINDOWS\System32\CRYPT32.dll
0x00007ffc34f40000 - 0x00007ffc34f6e000 	C:\WINDOWS\SYSTEM32\ncrypt.dll
0x00007ffc34f00000 - 0x00007ffc34f37000 	C:\WINDOWS\SYSTEM32\NTASN1.dll
0x00007ffc2e710000 - 0x00007ffc2e718000 	C:\WINDOWS\system32\wshunix.dll
0x00007ffc1faf0000 - 0x00007ffc1fb07000 	C:\WINDOWS\system32\napinsp.dll
0x00007ffc1e210000 - 0x00007ffc1e22b000 	C:\WINDOWS\system32\pnrpnsp.dll
0x00007ffc34160000 - 0x00007ffc34258000 	C:\WINDOWS\SYSTEM32\DNSAPI.dll
0x00007ffc2da90000 - 0x00007ffc2daa1000 	C:\WINDOWS\System32\winrnr.dll
0x00007ffc2ddc0000 - 0x00007ffc2ddd5000 	C:\WINDOWS\system32\wshbth.dll
0x00007ffbd33d0000 - 0x00007ffbd33f1000 	C:\WINDOWS\system32\nlansp_c.dll
0x00007ffc2da80000 - 0x00007ffc2da8a000 	C:\Windows\System32\rasadhlp.dll
0x00007ffc2dd30000 - 0x00007ffc2ddb4000 	C:\WINDOWS\System32\fwpuclnt.dll

dbghelp: loaded successfully - version: 4.0.5 - missing functions: none
symbol engine: initialized successfully - sym options: 0x614 - pdb path: .;E:\Programme\Java\jdk-21\bin;C:\WINDOWS\SYSTEM32;C:\WINDOWS\WinSxS\amd64_microsoft.windows.common-controls_6595b64144ccf1df_6.0.22621.6060_none_2712eda17382d24b;C:\Program Files (x86)\360\Total Security\safemon;E:\Programme\Java\jdk-21\bin\server;C:\Users\JEREMIE\.gradle\native\c067742578af261105cb4f569cf0c3c89f3d7b1fecec35dd04571415982c5e48\windows-amd64;C:\Users\JEREMIE\.gradle\native\100fb08df4bc3b14c8652ba06237920a3bd2aa13389f12d3474272988ae205f9\windows-amd64

VM Arguments:
jvm_args: -XX:MaxMetaspaceSize=512m -XX:ReservedCodeCacheSize=128m -XX:+HeapDumpOnOutOfMemoryError --add-opens=java.base/java.util=ALL-UNNAMED --add-opens=java.base/java.lang=ALL-UNNAMED --add-opens=java.base/java.lang.invoke=ALL-UNNAMED --add-opens=java.prefs/java.util.prefs=ALL-UNNAMED --add-exports=jdk.compiler/com.sun.tools.javac.api=ALL-UNNAMED --add-exports=jdk.compiler/com.sun.tools.javac.util=ALL-UNNAMED --add-opens=java.base/java.nio.charset=ALL-UNNAMED --add-opens=java.base/java.net=ALL-UNNAMED --add-opens=java.base/java.util.concurrent.atomic=ALL-UNNAMED -Xmx2G -Dfile.encoding=utf8 -Duser.country=CM -Duser.language=fr -Duser.variant -javaagent:C:\Users\JEREMIE\.gradle\wrapper\dists\gradle-8.10.2-all\7iv73wktx1xtkvlq19urqw1wm\gradle-8.10.2\lib\agents\gradle-instrumentation-agent-8.10.2.jar 
java_command: org.gradle.launcher.daemon.bootstrap.GradleDaemon 8.10.2
java_class_path (initial): C:\Users\JEREMIE\.gradle\wrapper\dists\gradle-8.10.2-all\7iv73wktx1xtkvlq19urqw1wm\gradle-8.10.2\lib\gradle-daemon-main-8.10.2.jar
Launcher Type: SUN_STANDARD

[Global flags]
     intx CICompilerCount                          = 4                                         {product} {ergonomic}
   size_t CompressedClassSpaceSize                 = 436207616                                 {product} {ergonomic}
     uint ConcGCThreads                            = 2                                         {product} {ergonomic}
     uint G1ConcRefinementThreads                  = 8                                         {product} {ergonomic}
   size_t G1HeapRegionSize                         = 1048576                                   {product} {ergonomic}
    uintx GCDrainStackTargetSize                   = 64                                        {product} {ergonomic}
     bool HeapDumpOnOutOfMemoryError               = true                                   {manageable} {command line}
   size_t InitialHeapSize                          = 132120576                                 {product} {ergonomic}
   size_t MarkStackSize                            = 4194304                                   {product} {ergonomic}
   size_t MaxHeapSize                              = 2147483648                                {product} {command line}
   size_t MaxMetaspaceSize                         = 536870912                                 {product} {command line}
   size_t MaxNewSize                               = 1287651328                                {product} {ergonomic}
   size_t MinHeapDeltaBytes                        = 1048576                                   {product} {ergonomic}
   size_t MinHeapSize                              = 8388608                                   {product} {ergonomic}
    uintx NonNMethodCodeHeapSize                   = 4096                                   {pd product} {ergonomic}
    uintx NonProfiledCodeHeapSize                  = 0                                      {pd product} {ergonomic}
    uintx ProfiledCodeHeapSize                     = 0                                      {pd product} {ergonomic}
    uintx ReservedCodeCacheSize                    = 134217728                              {pd product} {command line}
   size_t SoftMaxHeapSize                          = 2147483648                             {manageable} {ergonomic}
     bool UseCompressedOops                        = true                           {product lp64_product} {ergonomic}
     bool UseG1GC                                  = true                                      {product} {ergonomic}
     bool UseLargePagesIndividualAllocation        = false                                  {pd product} {ergonomic}

Logging:
Log output configuration:
 #0: stdout all=warning uptime,level,tags foldmultilines=false
 #1: stderr all=off uptime,level,tags foldmultilines=false

Environment Variables:
JAVA_HOME=E:\Programme\Java\jdk-21
PATH=C:\Program Files\Common Files\Oracle\Java\javapath;E:\Programme\Vmware\bin\;E:\Programme\Python39\Scripts\;E:\Programme\Python39\;C:\WINDOWS\system32;C:\WINDOWS;C:\WINDOWS\System32\Wbem;C:\WINDOWS\System32\WindowsPowerShell\v1.0\;C:\WINDOWS\System32\OpenSSH\;E:\Programme\Java\jdk-21\bin;E:\Programme\flutter\flutter\bin;E:\Programme\;E:\Programme\platform-tools;E:\Programme\Git\Git\cmd;C:\apktools;E:\Programme\python38_32bit\Scripts\;E:\Programme\python38_32bit\;C:\Users\JEREMIE\AppData\Local\Microsoft\WindowsApps;E:\Programme\VSCode\Microsoft VS Code\bin;E:\Programme\MinGW\bin;C:\Users\JEREMIE\AppData\Roaming\npm;E:\Programme\flutter\flutter\bin;E:\Programme\jdk-24\bin;;C:\Users\JEREMIE\.lmstudio\bin;E:\Programme\Nmap;C:\Users\JEREMIE\AppData\Local\Programs\Antigravity\bin
USERNAME=JEREMIE
OS=Windows_NT
PROCESSOR_IDENTIFIER=Intel64 Family 6 Model 142 Stepping 12, GenuineIntel
TMP=C:\Users\JEREMIE\AppData\Local\Temp
TEMP=C:\Users\JEREMIE\AppData\Local\Temp




Periodic native trim disabled

---------------  S Y S T E M  ---------------

OS:
 Windows 11 , 64 bit Build 22621 (10.0.22621.5415)
OS uptime: 2 days 7:23 hours

CPU: total 8 (initial active 8) (4 cores per cpu, 2 threads per core) family 6 model 142 stepping 12 microcode 0xfa, cx8, cmov, fxsr, ht, mmx, 3dnowpref, sse, sse2, sse3, ssse3, sse4.1, sse4.2, popcnt, lzcnt, tsc, tscinvbit, avx, avx2, aes, erms, clmul, bmi1, bmi2, adx, fma, vzeroupper, clflush, clflushopt, rdtscp, f16c
Processor Information for all 8 processors :
  Max Mhz: 1992, Current Mhz: 796, Mhz Limit: 796

Memory: 4k page, system-wide physical 7971M (390M free)
TotalPageFile size 24750M (AvailPageFile size 2M)
current process WorkingSet (physical memory assigned to process): 477M, peak: 477M
current process commit charge ("private bytes"): 519M, peak: 520M

vm_info: Java HotSpot(TM) 64-Bit Server VM (21.0.8+12-LTS-250) for windows-amd64 JRE (21.0.8+12-LTS-250), built on 2025-06-27T08:11:22Z by "mach5one" with MS VC++ 17.6 (VS2022)

END.
