#
# There is insufficient memory for the Java Runtime Environment to continue.
# Native memory allocation (malloc) failed to allocate 2450816 bytes. Error detail: Chunk::new
# Possible reasons:
#   The system is out of physical RAM or swap space
#   This process is running with CompressedOops enabled, and the Java Heap may be blocking the growth of the native heap
# Possible solutions:
#   Reduce memory load on the system
#   Increase physical memory or swap space
#   Check if swap backing store is full
#   Decrease Java heap size (-Xmx/-Xms)
#   Decrease number of Java threads
#   Decrease Java thread stack sizes (-Xss)
#   Set larger code cache with -XX:ReservedCodeCacheSize=
#   JVM is running with Unscaled Compressed Oops mode in which the Java heap is
#     placed in the first 4GB address space. The Java Heap base address is the
#     maximum limit for the native heap growth. Please use -XX:HeapBaseMinAddress
#     to set the Java Heap base and to place the Java Heap above 4GB virtual address.
# This output file may be truncated or incomplete.
#
#  Out of Memory Error (arena.cpp:168), pid=35956, tid=40344
#
# JRE version: OpenJDK Runtime Environment Temurin-21.0.9+10 (21.0.9+10) (build 21.0.9+10-LTS)
# Java VM: OpenJDK 64-Bit Server VM Temurin-21.0.9+10 (21.0.9+10-LTS, mixed mode, sharing, tiered, compressed oops, compressed class ptrs, parallel gc, windows-amd64)
# No core dump will be written. Minidumps are not enabled by default on client versions of Windows
#

---------------  S U M M A R Y ------------

Command Line: --add-modules=ALL-SYSTEM --add-opens=java.base/java.util=ALL-UNNAMED --add-opens=java.base/java.lang=ALL-UNNAMED --add-opens=java.base/sun.nio.fs=ALL-UNNAMED -Declipse.application=org.eclipse.jdt.ls.core.id1 -Dosgi.bundles.defaultStartLevel=4 -Declipse.product=org.eclipse.jdt.ls.core.product -Djava.import.generatesMetadataFilesAtProjectRoot=false -DDetectVMInstallationsJob.disabled=true -Dfile.encoding=utf8 -XX:+UseParallelGC -XX:GCTimeRatio=4 -XX:AdaptiveSizePolicyWeight=90 -Dsun.zip.disableMemoryMapping=true -Xmx2G -Xms100m -Xlog:disable -javaagent:c:\Users\JEREMIE\.vscode\extensions\redhat.java-1.52.0-win32-x64\lombok\lombok-1.18.39-4050.jar -XX:+HeapDumpOnOutOfMemoryError -XX:HeapDumpPath=c:\Users\JEREMIE\AppData\Roaming\Code\User\workspaceStorage\0d0dc66021fd9c084b5d0c9a4c556c2b\redhat.java -Daether.dependencyCollector.impl=bf c:\Users\JEREMIE\.vscode\extensions\redhat.java-1.52.0-win32-x64\server\plugins\org.eclipse.equinox.launcher_1.7.100.v20251111-0406.jar -configuration c:\Users\JEREMIE\AppData\Roaming\Code\User\globalStorage\redhat.java\1.52.0\config_win -data c:\Users\JEREMIE\AppData\Roaming\Code\User\workspaceStorage\0d0dc66021fd9c084b5d0c9a4c556c2b\redhat.java\jdt_ws --pipe=\\.\pipe\lsp-2d9d2fffc4e1237fe0b4b0161711c013-sock

Host: Intel(R) Core(TM) i7-8565U CPU @ 1.80GHz, 8 cores, 7G,  Windows 11 , 64 bit Build 22621 (10.0.22621.5415)
Time: Wed Feb 25 18:47:53 2026 Paris, Madrid elapsed time: 1028.549921 seconds (0d 0h 17m 8s)

---------------  T H R E A D  ---------------

Current thread (0x0000024713041310):  JavaThread "C2 CompilerThread0" daemon [_thread_in_native, id=40344, stack(0x0000009e51f00000,0x0000009e52000000) (1024K)]


Current CompileTask:
C2:1028550 12115   !   4       org.eclipse.jdt.internal.core.search.indexing.BinaryIndexer::indexDocument (1172 bytes)

Stack: [0x0000009e51f00000,0x0000009e52000000]
Native frames: (J=compiled Java code, j=interpreted, Vv=VM code, C=native code)
V  [jvm.dll+0x6d6e29]
V  [jvm.dll+0x8b4b76]
V  [jvm.dll+0x8b712e]
V  [jvm.dll+0x8b7813]
V  [jvm.dll+0x283d86]
V  [jvm.dll+0xc66ed]
V  [jvm.dll+0xc6c31]
V  [jvm.dll+0x3be53b]
V  [jvm.dll+0x38ab92]
V  [jvm.dll+0x389fda]
V  [jvm.dll+0x24bfa0]
V  [jvm.dll+0x24b580]
V  [jvm.dll+0x1cb13e]
V  [jvm.dll+0x25b29d]
V  [jvm.dll+0x25982a]
V  [jvm.dll+0x3f7ea6]
V  [jvm.dll+0x85e9ad]
V  [jvm.dll+0x6d565d]
C  [ucrtbase.dll+0x29333]
C  [KERNEL32.DLL+0x1259d]
C  [ntdll.dll+0x5af78]


---------------  P R O C E S S  ---------------

Threads class SMR info:
_java_thread_list=0x000002477e4b0370, length=51, elements={
0x0000024710d41df0, 0x000002471315d580, 0x0000024713034fb0, 0x0000024713038c20,
0x0000024713039a50, 0x000002471303a960, 0x000002471303e4d0, 0x0000024713041310,
0x000002476c3a5290, 0x000002476c577c00, 0x000002476c5b72c0, 0x000002476cc4c490,
0x000002476cba0c90, 0x000002476cf326d0, 0x000002476cf3db20, 0x000002477172ccc0,
0x000002476cd404e0, 0x00000247717f0b30, 0x000002476cea2550, 0x000002477120cad0,
0x000002477120a370, 0x000002477120b720, 0x000002477120b090, 0x000002477120aa00,
0x00000247714dba50, 0x00000247714da6a0, 0x00000247714dc0e0, 0x00000247714db3c0,
0x00000247714dce00, 0x00000247714deed0, 0x00000247714dad30, 0x00000247714dd490,
0x00000247714ddb20, 0x00000247714de1b0, 0x00000247714e1630, 0x000002476c6e2ed0,
0x000002476c6e8420, 0x000002476c6e5cc0, 0x000002476c6e4fa0, 0x000002476c6e6350,
0x000002476c6e69e0, 0x000002476c6ea4f0, 0x000002476c6e7070, 0x000002476c6e9140,
0x00000247714de840, 0x00000247714dc770, 0x00000247714e0910, 0x00000247714e0fa0,
0x00000247714df560, 0x00000247714dfbf0, 0x000002476c6e3560
}

Java Threads: ( => current thread )
  0x0000024710d41df0 JavaThread "main"                              [_thread_blocked, id=40092, stack(0x0000009e51500000,0x0000009e51600000) (1024K)]
  0x000002471315d580 JavaThread "Reference Handler"          daemon [_thread_blocked, id=40376, stack(0x0000009e51900000,0x0000009e51a00000) (1024K)]
  0x0000024713034fb0 JavaThread "Finalizer"                  daemon [_thread_blocked, id=40368, stack(0x0000009e51a00000,0x0000009e51b00000) (1024K)]
  0x0000024713038c20 JavaThread "Signal Dispatcher"          daemon [_thread_blocked, id=40148, stack(0x0000009e51b00000,0x0000009e51c00000) (1024K)]
  0x0000024713039a50 JavaThread "Attach Listener"            daemon [_thread_blocked, id=40432, stack(0x0000009e51c00000,0x0000009e51d00000) (1024K)]
  0x000002471303a960 JavaThread "Service Thread"             daemon [_thread_blocked, id=40428, stack(0x0000009e51d00000,0x0000009e51e00000) (1024K)]
  0x000002471303e4d0 JavaThread "Monitor Deflation Thread"   daemon [_thread_blocked, id=40424, stack(0x0000009e51e00000,0x0000009e51f00000) (1024K)]
=>0x0000024713041310 JavaThread "C2 CompilerThread0"         daemon [_thread_in_native, id=40344, stack(0x0000009e51f00000,0x0000009e52000000) (1024K)]
  0x000002476c3a5290 JavaThread "C1 CompilerThread0"         daemon [_thread_blocked, id=40176, stack(0x0000009e52000000,0x0000009e52100000) (1024K)]
  0x000002476c577c00 JavaThread "Common-Cleaner"             daemon [_thread_blocked, id=40192, stack(0x0000009e52100000,0x0000009e52200000) (1024K)]
  0x000002476c5b72c0 JavaThread "Notification Thread"        daemon [_thread_blocked, id=40364, stack(0x0000009e52200000,0x0000009e52300000) (1024K)]
  0x000002476cc4c490 JavaThread "Active Thread: Equinox Container: b5fbc21a-82ae-4d16-afbf-2affb5692ac3"        [_thread_blocked, id=39468, stack(0x0000009e52900000,0x0000009e52a00000) (1024K)]
  0x000002476cba0c90 JavaThread "Refresh Thread: Equinox Container: b5fbc21a-82ae-4d16-afbf-2affb5692ac3" daemon [_thread_blocked, id=37588, stack(0x0000009e52b00000,0x0000009e52c00000) (1024K)]
  0x000002476cf326d0 JavaThread "Framework Event Dispatcher: Equinox Container: b5fbc21a-82ae-4d16-afbf-2affb5692ac3" daemon [_thread_blocked, id=39588, stack(0x0000009e52a00000,0x0000009e52b00000) (1024K)]
  0x000002476cf3db20 JavaThread "Start Level: Equinox Container: b5fbc21a-82ae-4d16-afbf-2affb5692ac3" daemon [_thread_blocked, id=39604, stack(0x0000009e52d00000,0x0000009e52e00000) (1024K)]
  0x000002477172ccc0 JavaThread "Bundle File Closer"         daemon [_thread_blocked, id=39172, stack(0x0000009e52f00000,0x0000009e53000000) (1024K)]
  0x000002476cd404e0 JavaThread "SCR Component Actor"        daemon [_thread_blocked, id=27512, stack(0x0000009e53000000,0x0000009e53100000) (1024K)]
  0x00000247717f0b30 JavaThread "Worker-JM"                         [_thread_blocked, id=40824, stack(0x0000009e53100000,0x0000009e53200000) (1024K)]
  0x000002476cea2550 JavaThread "JNA Cleaner"                daemon [_thread_blocked, id=40756, stack(0x0000009e52e00000,0x0000009e52f00000) (1024K)]
  0x000002477120cad0 JavaThread "Java indexing"              daemon [_thread_in_native, id=40328, stack(0x0000009e53600000,0x0000009e53700000) (1024K)]
  0x000002477120a370 JavaThread "Worker-3"                          [_thread_blocked, id=40464, stack(0x0000009e53700000,0x0000009e53800000) (1024K)]
  0x000002477120b720 JavaThread "Worker-4"                          [_thread_blocked, id=38280, stack(0x0000009e53a00000,0x0000009e53b00000) (1024K)]
  0x000002477120b090 JavaThread "Thread-1"                   daemon [_thread_in_native, id=37268, stack(0x0000009e53c00000,0x0000009e53d00000) (1024K)]
  0x000002477120aa00 JavaThread "Thread-2"                   daemon [_thread_in_native, id=40220, stack(0x0000009e53d00000,0x0000009e53e00000) (1024K)]
  0x00000247714dba50 JavaThread "Thread-3"                   daemon [_thread_in_native, id=39692, stack(0x0000009e53e00000,0x0000009e53f00000) (1024K)]
  0x00000247714da6a0 JavaThread "Thread-4"                   daemon [_thread_in_native, id=40864, stack(0x0000009e53f00000,0x0000009e54000000) (1024K)]
  0x00000247714dc0e0 JavaThread "Thread-5"                   daemon [_thread_in_native, id=37228, stack(0x0000009e54000000,0x0000009e54100000) (1024K)]
  0x00000247714db3c0 JavaThread "Thread-6"                   daemon [_thread_in_native, id=36276, stack(0x0000009e54100000,0x0000009e54200000) (1024K)]
  0x00000247714dce00 JavaThread "Thread-7"                   daemon [_thread_in_native, id=39608, stack(0x0000009e54200000,0x0000009e54300000) (1024K)]
  0x00000247714deed0 JavaThread "Thread-8"                   daemon [_thread_in_native, id=40888, stack(0x0000009e54300000,0x0000009e54400000) (1024K)]
  0x00000247714dad30 JavaThread "Thread-9"                   daemon [_thread_in_native, id=40456, stack(0x0000009e54400000,0x0000009e54500000) (1024K)]
  0x00000247714dd490 JavaThread "pool-2-thread-1"                   [_thread_blocked, id=40844, stack(0x0000009e54500000,0x0000009e54600000) (1024K)]
  0x00000247714ddb20 JavaThread "WorkspaceEventsHandler"            [_thread_blocked, id=40836, stack(0x0000009e54600000,0x0000009e54700000) (1024K)]
  0x00000247714de1b0 JavaThread "pool-1-thread-1"                   [_thread_blocked, id=39620, stack(0x0000009e54700000,0x0000009e54800000) (1024K)]
  0x00000247714e1630 JavaThread "Timer-0"                           [_thread_blocked, id=20964, stack(0x0000009e54f00000,0x0000009e55000000) (1024K)]
  0x000002476c6e2ed0 JavaThread "Timer-1"                           [_thread_blocked, id=33044, stack(0x0000009e51300000,0x0000009e51400000) (1024K)]
  0x000002476c6e8420 JavaThread "Worker-6: Updating project configurations"        [_thread_blocked, id=43800, stack(0x0000009e53300000,0x0000009e53400000) (1024K)]
  0x000002476c6e5cc0 JavaThread "Worker-7: Register Watchers"        [_thread_blocked, id=42064, stack(0x0000009e53500000,0x0000009e53600000) (1024K)]
  0x000002476c6e4fa0 JavaThread "Timer-2"                           [_thread_blocked, id=37688, stack(0x0000009e51400000,0x0000009e51500000) (1024K)]
  0x000002476c6e6350 JavaThread "Timer-3"                           [_thread_blocked, id=42848, stack(0x0000009e53400000,0x0000009e53500000) (1024K)]
  0x000002476c6e69e0 JavaThread "Timer-4"                           [_thread_blocked, id=37436, stack(0x0000009e53800000,0x0000009e53900000) (1024K)]
  0x000002476c6ea4f0 JavaThread "Timer-5"                           [_thread_blocked, id=43044, stack(0x0000009e53900000,0x0000009e53a00000) (1024K)]
  0x000002476c6e7070 JavaThread "Timer-6"                           [_thread_blocked, id=43384, stack(0x0000009e54900000,0x0000009e54a00000) (1024K)]
  0x000002476c6e9140 JavaThread "Timer-7"                           [_thread_blocked, id=42980, stack(0x0000009e54a00000,0x0000009e54b00000) (1024K)]
  0x00000247714de840 JavaThread "Timer-8"                           [_thread_blocked, id=47064, stack(0x0000009e53b00000,0x0000009e53c00000) (1024K)]
  0x00000247714dc770 JavaThread "Timer-9"                           [_thread_blocked, id=47092, stack(0x0000009e54800000,0x0000009e54900000) (1024K)]
  0x00000247714e0910 JavaThread "Worker-8: Java indexing... "        [_thread_blocked, id=45776, stack(0x0000009e54c00000,0x0000009e54d00000) (1024K)]
  0x00000247714e0fa0 JavaThread "Worker-9"                          [_thread_blocked, id=46340, stack(0x0000009e54d00000,0x0000009e54e00000) (1024K)]
  0x00000247714df560 JavaThread "Timer-10"                          [_thread_blocked, id=42776, stack(0x0000009e55000000,0x0000009e55100000) (1024K)]
  0x00000247714dfbf0 JavaThread "Connection worker"                 [_thread_in_native, id=43784, stack(0x0000009e55100000,0x0000009e55200000) (1024K)]
  0x000002476c6e3560 JavaThread "pool-6-thread-1"                   [_thread_blocked, id=42320, stack(0x0000009e55200000,0x0000009e55300000) (1024K)]
Total: 51

Other Threads:
  0x00000247130336b0 VMThread "VM Thread"                           [id=40372, stack(0x0000009e51800000,0x0000009e51900000) (1024K)]
  0x0000024712f2ca00 WatcherThread "VM Periodic Task Thread"        [id=34376, stack(0x0000009e51700000,0x0000009e51800000) (1024K)]
  0x00000247130e86f0 WorkerThread "GC Thread#0"                     [id=40036, stack(0x0000009e51600000,0x0000009e51700000) (1024K)]
  0x000002476c8c0ae0 WorkerThread "GC Thread#1"                     [id=39952, stack(0x0000009e52300000,0x0000009e52400000) (1024K)]
  0x000002476c8c2220 WorkerThread "GC Thread#2"                     [id=39956, stack(0x0000009e52400000,0x0000009e52500000) (1024K)]
  0x000002476cb23530 WorkerThread "GC Thread#3"                     [id=40300, stack(0x0000009e52500000,0x0000009e52600000) (1024K)]
  0x000002476cb238d0 WorkerThread "GC Thread#4"                     [id=40304, stack(0x0000009e52600000,0x0000009e52700000) (1024K)]
  0x000002476c698cb0 WorkerThread "GC Thread#5"                     [id=26524, stack(0x0000009e52700000,0x0000009e52800000) (1024K)]
  0x000002476c699050 WorkerThread "GC Thread#6"                     [id=23616, stack(0x0000009e52800000,0x0000009e52900000) (1024K)]
  0x000002476ce35430 WorkerThread "GC Thread#7"                     [id=39596, stack(0x0000009e52c00000,0x0000009e52d00000) (1024K)]
Total: 10

Threads with active compile tasks:
C2 CompilerThread0  1028707 12115   !   4       org.eclipse.jdt.internal.core.search.indexing.BinaryIndexer::indexDocument (1172 bytes)
Total: 1

VM state: not at safepoint (normal execution)

VM Mutex/Monitor currently owned by a thread: None

Heap address: 0x0000000080000000, size: 2048 MB, Compressed Oops mode: 32-bit

CDS archive(s) mapped at: [0x000002472a000000-0x000002472aba0000-0x000002472aba0000), size 12189696, SharedBaseAddress: 0x000002472a000000, ArchiveRelocationMode: 1.
Compressed class space mapped at: 0x000002472b000000-0x000002476b000000, reserved size: 1073741824
Narrow klass base: 0x000002472a000000, Narrow klass shift: 0, Narrow klass range: 0x100000000

GC Precious Log:
 CardTable entry size: 512
 CPUs: 8 total, 8 available
 Memory: 7971M
 Large Page Support: Disabled
 NUMA Support: Disabled
 Compressed Oops: Enabled (32-bit)
 Alignments: Space 512K, Generation 512K, Heap 2M
 Heap Min Capacity: 100M
 Heap Initial Capacity: 100M
 Heap Max Capacity: 2G
 Pre-touch: Disabled
 Parallel Workers: 8

Heap:
 PSYoungGen      total 4608K, used 1296K [0x00000000d5580000, 0x00000000d5b00000, 0x0000000100000000)
  eden space 4096K, 22% used [0x00000000d5580000,0x00000000d5664380,0x00000000d5980000)
  from space 512K, 75% used [0x00000000d5a00000,0x00000000d5a60000,0x00000000d5a80000)
  to   space 512K, 0% used [0x00000000d5a80000,0x00000000d5a80000,0x00000000d5b00000)
 ParOldGen       total 646656K, used 646315K [0x0000000080000000, 0x00000000a7780000, 0x00000000d5580000)
  object space 646656K, 99% used [0x0000000080000000,0x00000000a772ad98,0x00000000a7780000)
 Metaspace       used 76521K, committed 78080K, reserved 1179648K
  class space    used 9448K, committed 10112K, reserved 1048576K

Card table byte_map: [0x0000024712a40000,0x0000024712e50000] _byte_map_base: 0x0000024712640000

Marking Bits: (ParMarkBitMap*) 0x00007ffc5f622460
 Begin Bits: [0x0000024725550000, 0x0000024727550000)
 End Bits:   [0x0000024727550000, 0x0000024729550000)

Polling page: 0x0000024710eb0000

Metaspace:

Usage:
  Non-class:     65.50 MB used.
      Class:      9.23 MB used.
       Both:     74.73 MB used.

Virtual space:
  Non-class space:      128.00 MB reserved,      66.38 MB ( 52%) committed,  2 nodes.
      Class space:        1.00 GB reserved,       9.88 MB ( <1%) committed,  1 nodes.
             Both:        1.12 GB reserved,      76.25 MB (  7%) committed. 

Chunk freelists:
   Non-Class:  13.64 MB
       Class:  6.06 MB
        Both:  19.70 MB

MaxMetaspaceSize: unlimited
CompressedClassSpaceSize: 1.00 GB
Initial GC threshold: 21.00 MB
Current GC threshold: 97.31 MB
CDS: on
 - commit_granule_bytes: 65536.
 - commit_granule_words: 8192.
 - virtual_space_node_default_size: 8388608.
 - enlarge_chunks_in_place: 1.
 - use_allocation_guard: 0.


Internal statistics:

num_allocs_failed_limit: 15.
num_arena_births: 1460.
num_arena_deaths: 14.
num_vsnodes_births: 3.
num_vsnodes_deaths: 0.
num_space_committed: 1220.
num_space_uncommitted: 0.
num_chunks_returned_to_freelist: 29.
num_chunks_taken_from_freelist: 4833.
num_chunk_merges: 20.
num_chunk_splits: 3028.
num_chunks_enlarged: 1761.
num_inconsistent_stats: 0.

CodeHeap 'non-profiled nmethods': size=120000Kb used=9808Kb max_used=9808Kb free=110191Kb
 bounds [0x000002471dd70000, 0x000002471e710000, 0x00000247252a0000]
CodeHeap 'profiled nmethods': size=120000Kb used=23385Kb max_used=23385Kb free=96614Kb
 bounds [0x00000247162a0000, 0x0000024717980000, 0x000002471d7d0000]
CodeHeap 'non-nmethods': size=5760Kb used=1456Kb max_used=1546Kb free=4303Kb
 bounds [0x000002471d7d0000, 0x000002471da40000, 0x000002471dd70000]
CodeCache: size=245760Kb, used=34649Kb, max_used=34739Kb, free=211108Kb
 total_blobs=12160, nmethods=11388, adapters=678, full_count=0
Compilation: enabled, stopped_count=0, restarted_count=0

Compilation events (20 events):
Event: 1026.524 Thread 0x000002476c3a5290 12106       3       org.eclipse.jdt.internal.compiler.classfmt.FieldInfoWithTypeAnnotation::<init> (12 bytes)
Event: 1026.525 Thread 0x000002476c3a5290 nmethod 12106 0x0000024717962390 code [0x0000024717962540, 0x00000247179626b0]
Event: 1026.881 Thread 0x000002476c3a5290 12107       3       org.eclipse.jdt.internal.compiler.classfmt.MethodInfo::createMethod (710 bytes)
Event: 1026.885 Thread 0x000002476c3a5290 nmethod 12107 0x0000024717962790 code [0x0000024717962c80, 0x0000024717965b70]
Event: 1026.885 Thread 0x000002476c3a5290 12108  s    3       org.eclipse.jdt.internal.compiler.classfmt.MethodInfo::readModifierRelatedAttributes (213 bytes)
Event: 1026.887 Thread 0x000002476c3a5290 nmethod 12108 0x0000024717966c90 code [0x0000024717966f00, 0x0000024717967d20]
Event: 1027.321 Thread 0x0000024713041310 nmethod 12102% 0x000002471e6e5390 code [0x000002471e6e5ce0, 0x000002471e6ef5a8]
Event: 1027.322 Thread 0x0000024713041310 12109   !   4       org.eclipse.jdt.internal.core.search.indexing.BinaryContainer::isValidPackageNameForClassOrisModule (158 bytes)
Event: 1027.379 Thread 0x0000024713041310 nmethod 12109 0x000002471e6f6f10 code [0x000002471e6f71c0, 0x000002471e6f8470]
Event: 1027.380 Thread 0x0000024713041310 12110 % !   4       org.eclipse.jdt.internal.core.search.indexing.BinaryIndexer::indexDocument @ 956 (1172 bytes)
Event: 1027.435 Thread 0x000002476c3a5290 12112  s    3       java.lang.StringBuffer::append (13 bytes)
Event: 1027.435 Thread 0x000002476c3a5290 nmethod 12112 0x0000024717968210 code [0x00000247179683c0, 0x00000247179685f0]
Event: 1027.542 Thread 0x000002476c3a5290 12114       3       org.eclipse.jdt.internal.compiler.parser.Scanner::internalScanIdentifierOrKeyword (5041 bytes)
Event: 1027.558 Thread 0x0000024713041310 nmethod 12110% 0x000002471e6f8f90 code [0x000002471e6f9360, 0x000002471e6fbb78]
Event: 1027.559 Thread 0x0000024713041310 12111       4       org.eclipse.jdt.internal.compiler.classfmt.MethodInfo::createMethod (710 bytes)
Event: 1027.568 Thread 0x000002476c3a5290 nmethod 12114 0x0000024717968690 code [0x0000024717969660, 0x0000024717974370]
Event: 1027.711 Thread 0x0000024713041310 nmethod 12111 0x000002471e6fdd90 code [0x000002471e6fe0a0, 0x000002471e7012c0]
Event: 1027.712 Thread 0x0000024713041310 12113  s    4       org.eclipse.jdt.internal.compiler.classfmt.MethodInfo::readModifierRelatedAttributes (213 bytes)
Event: 1027.758 Thread 0x0000024713041310 nmethod 12113 0x000002471e702690 code [0x000002471e7028a0, 0x000002471e703b50]
Event: 1027.758 Thread 0x0000024713041310 12115   !   4       org.eclipse.jdt.internal.core.search.indexing.BinaryIndexer::indexDocument (1172 bytes)

GC Heap History (20 events):
Event: 1027.908 GC heap before
{Heap before GC invocations=1059 (full 3):
 PSYoungGen      total 5120K, used 4416K [0x00000000d5580000, 0x00000000d5b00000, 0x0000000100000000)
  eden space 4096K, 100% used [0x00000000d5580000,0x00000000d5980000,0x00000000d5980000)
  from space 1024K, 31% used [0x00000000d5980000,0x00000000d59d0000,0x00000000d5a80000)
  to   space 512K, 0% used [0x00000000d5a80000,0x00000000d5a80000,0x00000000d5b00000)
 ParOldGen       total 642048K, used 641751K [0x0000000080000000, 0x00000000a7300000, 0x00000000d5580000)
  object space 642048K, 99% used [0x0000000080000000,0x00000000a72b5d80,0x00000000a7300000)
 Metaspace       used 76521K, committed 78080K, reserved 1179648K
  class space    used 9448K, committed 10112K, reserved 1048576K
}
Event: 1027.913 GC heap after
{Heap after GC invocations=1059 (full 3):
 PSYoungGen      total 4608K, used 448K [0x00000000d5580000, 0x00000000d5b00000, 0x0000000100000000)
  eden space 4096K, 0% used [0x00000000d5580000,0x00000000d5580000,0x00000000d5980000)
  from space 512K, 87% used [0x00000000d5a80000,0x00000000d5af0000,0x00000000d5b00000)
  to   space 512K, 0% used [0x00000000d5a00000,0x00000000d5a00000,0x00000000d5a80000)
 ParOldGen       total 642048K, used 641919K [0x0000000080000000, 0x00000000a7300000, 0x00000000d5580000)
  object space 642048K, 99% used [0x0000000080000000,0x00000000a72dfd80,0x00000000a7300000)
 Metaspace       used 76521K, committed 78080K, reserved 1179648K
  class space    used 9448K, committed 10112K, reserved 1048576K
}
Event: 1027.967 GC heap before
{Heap before GC invocations=1060 (full 3):
 PSYoungGen      total 4608K, used 4544K [0x00000000d5580000, 0x00000000d5b00000, 0x0000000100000000)
  eden space 4096K, 100% used [0x00000000d5580000,0x00000000d5980000,0x00000000d5980000)
  from space 512K, 87% used [0x00000000d5a80000,0x00000000d5af0000,0x00000000d5b00000)
  to   space 512K, 0% used [0x00000000d5a00000,0x00000000d5a00000,0x00000000d5a80000)
 ParOldGen       total 642048K, used 641919K [0x0000000080000000, 0x00000000a7300000, 0x00000000d5580000)
  object space 642048K, 99% used [0x0000000080000000,0x00000000a72dfd80,0x00000000a7300000)
 Metaspace       used 76521K, committed 78080K, reserved 1179648K
  class space    used 9448K, committed 10112K, reserved 1048576K
}
Event: 1027.971 GC heap after
{Heap after GC invocations=1060 (full 3):
 PSYoungGen      total 4608K, used 384K [0x00000000d5580000, 0x00000000d5b00000, 0x0000000100000000)
  eden space 4096K, 0% used [0x00000000d5580000,0x00000000d5580000,0x00000000d5980000)
  from space 512K, 75% used [0x00000000d5a00000,0x00000000d5a60000,0x00000000d5a80000)
  to   space 512K, 0% used [0x00000000d5a80000,0x00000000d5a80000,0x00000000d5b00000)
 ParOldGen       total 642560K, used 642271K [0x0000000080000000, 0x00000000a7380000, 0x00000000d5580000)
  object space 642560K, 99% used [0x0000000080000000,0x00000000a7337d80,0x00000000a7380000)
 Metaspace       used 76521K, committed 78080K, reserved 1179648K
  class space    used 9448K, committed 10112K, reserved 1048576K
}
Event: 1028.013 GC heap before
{Heap before GC invocations=1061 (full 3):
 PSYoungGen      total 4608K, used 4473K [0x00000000d5580000, 0x00000000d5b00000, 0x0000000100000000)
  eden space 4096K, 99% used [0x00000000d5580000,0x00000000d597e400,0x00000000d5980000)
  from space 512K, 75% used [0x00000000d5a00000,0x00000000d5a60000,0x00000000d5a80000)
  to   space 512K, 0% used [0x00000000d5a80000,0x00000000d5a80000,0x00000000d5b00000)
 ParOldGen       total 642560K, used 642271K [0x0000000080000000, 0x00000000a7380000, 0x00000000d5580000)
  object space 642560K, 99% used [0x0000000080000000,0x00000000a7337d80,0x00000000a7380000)
 Metaspace       used 76521K, committed 78080K, reserved 1179648K
  class space    used 9448K, committed 10112K, reserved 1048576K
}
Event: 1028.019 GC heap after
{Heap after GC invocations=1061 (full 3):
 PSYoungGen      total 4608K, used 425K [0x00000000d5580000, 0x00000000d5b00000, 0x0000000100000000)
  eden space 4096K, 0% used [0x00000000d5580000,0x00000000d5580000,0x00000000d5980000)
  from space 512K, 83% used [0x00000000d5a80000,0x00000000d5aea588,0x00000000d5b00000)
  to   space 512K, 0% used [0x00000000d5a00000,0x00000000d5a00000,0x00000000d5a80000)
 ParOldGen       total 642560K, used 642527K [0x0000000080000000, 0x00000000a7380000, 0x00000000d5580000)
  object space 642560K, 99% used [0x0000000080000000,0x00000000a7377d80,0x00000000a7380000)
 Metaspace       used 76521K, committed 78080K, reserved 1179648K
  class space    used 9448K, committed 10112K, reserved 1048576K
}
Event: 1028.081 GC heap before
{Heap before GC invocations=1062 (full 3):
 PSYoungGen      total 4608K, used 4521K [0x00000000d5580000, 0x00000000d5b00000, 0x0000000100000000)
  eden space 4096K, 99% used [0x00000000d5580000,0x00000000d597fef0,0x00000000d5980000)
  from space 512K, 83% used [0x00000000d5a80000,0x00000000d5aea588,0x00000000d5b00000)
  to   space 512K, 0% used [0x00000000d5a00000,0x00000000d5a00000,0x00000000d5a80000)
 ParOldGen       total 642560K, used 642527K [0x0000000080000000, 0x00000000a7380000, 0x00000000d5580000)
  object space 642560K, 99% used [0x0000000080000000,0x00000000a7377d80,0x00000000a7380000)
 Metaspace       used 76521K, committed 78080K, reserved 1179648K
  class space    used 9448K, committed 10112K, reserved 1048576K
}
Event: 1028.085 GC heap after
{Heap after GC invocations=1062 (full 3):
 PSYoungGen      total 4608K, used 320K [0x00000000d5580000, 0x00000000d5b00000, 0x0000000100000000)
  eden space 4096K, 0% used [0x00000000d5580000,0x00000000d5580000,0x00000000d5980000)
  from space 512K, 62% used [0x00000000d5a00000,0x00000000d5a50000,0x00000000d5a80000)
  to   space 512K, 0% used [0x00000000d5a80000,0x00000000d5a80000,0x00000000d5b00000)
 ParOldGen       total 643072K, used 642783K [0x0000000080000000, 0x00000000a7400000, 0x00000000d5580000)
  object space 643072K, 99% used [0x0000000080000000,0x00000000a73b7d80,0x00000000a7400000)
 Metaspace       used 76521K, committed 78080K, reserved 1179648K
  class space    used 9448K, committed 10112K, reserved 1048576K
}
Event: 1028.124 GC heap before
{Heap before GC invocations=1063 (full 3):
 PSYoungGen      total 4608K, used 4416K [0x00000000d5580000, 0x00000000d5b00000, 0x0000000100000000)
  eden space 4096K, 100% used [0x00000000d5580000,0x00000000d5980000,0x00000000d5980000)
  from space 512K, 62% used [0x00000000d5a00000,0x00000000d5a50000,0x00000000d5a80000)
  to   space 512K, 0% used [0x00000000d5a80000,0x00000000d5a80000,0x00000000d5b00000)
 ParOldGen       total 643072K, used 642783K [0x0000000080000000, 0x00000000a7400000, 0x00000000d5580000)
  object space 643072K, 99% used [0x0000000080000000,0x00000000a73b7d80,0x00000000a7400000)
 Metaspace       used 76521K, committed 78080K, reserved 1179648K
  class space    used 9448K, committed 10112K, reserved 1048576K
}
Event: 1028.128 GC heap after
{Heap after GC invocations=1063 (full 3):
 PSYoungGen      total 4608K, used 320K [0x00000000d5580000, 0x00000000d5b00000, 0x0000000100000000)
  eden space 4096K, 0% used [0x00000000d5580000,0x00000000d5580000,0x00000000d5980000)
  from space 512K, 62% used [0x00000000d5a80000,0x00000000d5ad0000,0x00000000d5b00000)
  to   space 512K, 0% used [0x00000000d5a00000,0x00000000d5a00000,0x00000000d5a80000)
 ParOldGen       total 643072K, used 643015K [0x0000000080000000, 0x00000000a7400000, 0x00000000d5580000)
  object space 643072K, 99% used [0x0000000080000000,0x00000000a73f1d80,0x00000000a7400000)
 Metaspace       used 76521K, committed 78080K, reserved 1179648K
  class space    used 9448K, committed 10112K, reserved 1048576K
}
Event: 1028.173 GC heap before
{Heap before GC invocations=1064 (full 3):
 PSYoungGen      total 4608K, used 4416K [0x00000000d5580000, 0x00000000d5b00000, 0x0000000100000000)
  eden space 4096K, 100% used [0x00000000d5580000,0x00000000d5980000,0x00000000d5980000)
  from space 512K, 62% used [0x00000000d5a80000,0x00000000d5ad0000,0x00000000d5b00000)
  to   space 512K, 0% used [0x00000000d5a00000,0x00000000d5a00000,0x00000000d5a80000)
 ParOldGen       total 643072K, used 643015K [0x0000000080000000, 0x00000000a7400000, 0x00000000d5580000)
  object space 643072K, 99% used [0x0000000080000000,0x00000000a73f1d80,0x00000000a7400000)
 Metaspace       used 76521K, committed 78080K, reserved 1179648K
  class space    used 9448K, committed 10112K, reserved 1048576K
}
Event: 1028.177 GC heap after
{Heap after GC invocations=1064 (full 3):
 PSYoungGen      total 4608K, used 352K [0x00000000d5580000, 0x00000000d5b00000, 0x0000000100000000)
  eden space 4096K, 0% used [0x00000000d5580000,0x00000000d5580000,0x00000000d5980000)
  from space 512K, 68% used [0x00000000d5a00000,0x00000000d5a58000,0x00000000d5a80000)
  to   space 512K, 0% used [0x00000000d5a80000,0x00000000d5a80000,0x00000000d5b00000)
 ParOldGen       total 643584K, used 643271K [0x0000000080000000, 0x00000000a7480000, 0x00000000d5580000)
  object space 643584K, 99% used [0x0000000080000000,0x00000000a7431d80,0x00000000a7480000)
 Metaspace       used 76521K, committed 78080K, reserved 1179648K
  class space    used 9448K, committed 10112K, reserved 1048576K
}
Event: 1028.228 GC heap before
{Heap before GC invocations=1065 (full 3):
 PSYoungGen      total 4608K, used 4444K [0x00000000d5580000, 0x00000000d5b00000, 0x0000000100000000)
  eden space 4096K, 99% used [0x00000000d5580000,0x00000000d597f248,0x00000000d5980000)
  from space 512K, 68% used [0x00000000d5a00000,0x00000000d5a58000,0x00000000d5a80000)
  to   space 512K, 0% used [0x00000000d5a80000,0x00000000d5a80000,0x00000000d5b00000)
 ParOldGen       total 643584K, used 643271K [0x0000000080000000, 0x00000000a7480000, 0x00000000d5580000)
  object space 643584K, 99% used [0x0000000080000000,0x00000000a7431d80,0x00000000a7480000)
 Metaspace       used 76521K, committed 78080K, reserved 1179648K
  class space    used 9448K, committed 10112K, reserved 1048576K
}
Event: 1028.234 GC heap after
{Heap after GC invocations=1065 (full 3):
 PSYoungGen      total 4608K, used 480K [0x00000000d5580000, 0x00000000d5b00000, 0x0000000100000000)
  eden space 4096K, 0% used [0x00000000d5580000,0x00000000d5580000,0x00000000d5980000)
  from space 512K, 93% used [0x00000000d5a80000,0x00000000d5af8000,0x00000000d5b00000)
  to   space 512K, 0% used [0x00000000d5a00000,0x00000000d5a00000,0x00000000d5a80000)
 ParOldGen       total 643584K, used 643567K [0x0000000080000000, 0x00000000a7480000, 0x00000000d5580000)
  object space 643584K, 99% used [0x0000000080000000,0x00000000a747bd80,0x00000000a7480000)
 Metaspace       used 76521K, committed 78080K, reserved 1179648K
  class space    used 9448K, committed 10112K, reserved 1048576K
}
Event: 1028.264 GC heap before
{Heap before GC invocations=1066 (full 3):
 PSYoungGen      total 4608K, used 4576K [0x00000000d5580000, 0x00000000d5b00000, 0x0000000100000000)
  eden space 4096K, 100% used [0x00000000d5580000,0x00000000d5980000,0x00000000d5980000)
  from space 512K, 93% used [0x00000000d5a80000,0x00000000d5af8000,0x00000000d5b00000)
  to   space 512K, 0% used [0x00000000d5a00000,0x00000000d5a00000,0x00000000d5a80000)
 ParOldGen       total 643584K, used 643567K [0x0000000080000000, 0x00000000a7480000, 0x00000000d5580000)
  object space 643584K, 99% used [0x0000000080000000,0x00000000a747bd80,0x00000000a7480000)
 Metaspace       used 76521K, committed 78080K, reserved 1179648K
  class space    used 9448K, committed 10112K, reserved 1048576K
}
Event: 1028.270 GC heap after
{Heap after GC invocations=1066 (full 3):
 PSYoungGen      total 4608K, used 492K [0x00000000d5580000, 0x00000000d5b00000, 0x0000000100000000)
  eden space 4096K, 0% used [0x00000000d5580000,0x00000000d5580000,0x00000000d5980000)
  from space 512K, 96% used [0x00000000d5a00000,0x00000000d5a7b010,0x00000000d5a80000)
  to   space 512K, 0% used [0x00000000d5a80000,0x00000000d5a80000,0x00000000d5b00000)
 ParOldGen       total 644096K, used 643871K [0x0000000080000000, 0x00000000a7500000, 0x00000000d5580000)
  object space 644096K, 99% used [0x0000000080000000,0x00000000a74c7d80,0x00000000a7500000)
 Metaspace       used 76521K, committed 78080K, reserved 1179648K
  class space    used 9448K, committed 10112K, reserved 1048576K
}
Event: 1028.322 GC heap before
{Heap before GC invocations=1067 (full 3):
 PSYoungGen      total 4608K, used 4588K [0x00000000d5580000, 0x00000000d5b00000, 0x0000000100000000)
  eden space 4096K, 100% used [0x00000000d5580000,0x00000000d5980000,0x00000000d5980000)
  from space 512K, 96% used [0x00000000d5a00000,0x00000000d5a7b010,0x00000000d5a80000)
  to   space 512K, 0% used [0x00000000d5a80000,0x00000000d5a80000,0x00000000d5b00000)
 ParOldGen       total 644096K, used 643871K [0x0000000080000000, 0x00000000a7500000, 0x00000000d5580000)
  object space 644096K, 99% used [0x0000000080000000,0x00000000a74c7d80,0x00000000a7500000)
 Metaspace       used 76521K, committed 78080K, reserved 1179648K
  class space    used 9448K, committed 10112K, reserved 1048576K
}
Event: 1028.325 GC heap after
{Heap after GC invocations=1067 (full 3):
 PSYoungGen      total 4608K, used 384K [0x00000000d5580000, 0x00000000d5b00000, 0x0000000100000000)
  eden space 4096K, 0% used [0x00000000d5580000,0x00000000d5580000,0x00000000d5980000)
  from space 512K, 75% used [0x00000000d5a80000,0x00000000d5ae0000,0x00000000d5b00000)
  to   space 512K, 0% used [0x00000000d5a00000,0x00000000d5a00000,0x00000000d5a80000)
 ParOldGen       total 644608K, used 644251K [0x0000000080000000, 0x00000000a7580000, 0x00000000d5580000)
  object space 644608K, 99% used [0x0000000080000000,0x00000000a7526d90,0x00000000a7580000)
 Metaspace       used 76521K, committed 78080K, reserved 1179648K
  class space    used 9448K, committed 10112K, reserved 1048576K
}
Event: 1028.428 GC heap before
{Heap before GC invocations=1068 (full 3):
 PSYoungGen      total 4608K, used 4480K [0x00000000d5580000, 0x00000000d5b00000, 0x0000000100000000)
  eden space 4096K, 100% used [0x00000000d5580000,0x00000000d5980000,0x00000000d5980000)
  from space 512K, 75% used [0x00000000d5a80000,0x00000000d5ae0000,0x00000000d5b00000)
  to   space 512K, 0% used [0x00000000d5a00000,0x00000000d5a00000,0x00000000d5a80000)
 ParOldGen       total 644608K, used 644251K [0x0000000080000000, 0x00000000a7580000, 0x00000000d5580000)
  object space 644608K, 99% used [0x0000000080000000,0x00000000a7526d90,0x00000000a7580000)
 Metaspace       used 76521K, committed 78080K, reserved 1179648K
  class space    used 9448K, committed 10112K, reserved 1048576K
}
Event: 1028.433 GC heap after
{Heap after GC invocations=1068 (full 3):
 PSYoungGen      total 4608K, used 320K [0x00000000d5580000, 0x00000000d5b00000, 0x0000000100000000)
  eden space 4096K, 0% used [0x00000000d5580000,0x00000000d5580000,0x00000000d5980000)
  from space 512K, 62% used [0x00000000d5a00000,0x00000000d5a50000,0x00000000d5a80000)
  to   space 512K, 0% used [0x00000000d5a80000,0x00000000d5a80000,0x00000000d5b00000)
 ParOldGen       total 645632K, used 645395K [0x0000000080000000, 0x00000000a7680000, 0x00000000d5580000)
  object space 645632K, 99% used [0x0000000080000000,0x00000000a7644d98,0x00000000a7680000)
 Metaspace       used 76521K, committed 78080K, reserved 1179648K
  class space    used 9448K, committed 10112K, reserved 1048576K
}

Dll operation events (15 events):
Event: 0.040 Loaded shared library c:\Users\JEREMIE\.vscode\extensions\redhat.java-1.52.0-win32-x64\jre\21.0.9-win32-x86_64\bin\java.dll
Event: 0.402 Loaded shared library c:\Users\JEREMIE\.vscode\extensions\redhat.java-1.52.0-win32-x64\jre\21.0.9-win32-x86_64\bin\zip.dll
Event: 0.488 Loaded shared library C:\Users\JEREMIE\.vscode\extensions\redhat.java-1.52.0-win32-x64\jre\21.0.9-win32-x86_64\bin\instrument.dll
Event: 0.501 Loaded shared library C:\Users\JEREMIE\.vscode\extensions\redhat.java-1.52.0-win32-x64\jre\21.0.9-win32-x86_64\bin\net.dll
Event: 0.506 Loaded shared library C:\Users\JEREMIE\.vscode\extensions\redhat.java-1.52.0-win32-x64\jre\21.0.9-win32-x86_64\bin\nio.dll
Event: 0.512 Loaded shared library C:\Users\JEREMIE\.vscode\extensions\redhat.java-1.52.0-win32-x64\jre\21.0.9-win32-x86_64\bin\zip.dll
Event: 0.578 Loaded shared library C:\Users\JEREMIE\.vscode\extensions\redhat.java-1.52.0-win32-x64\jre\21.0.9-win32-x86_64\bin\jimage.dll
Event: 0.808 Loaded shared library c:\Users\JEREMIE\.vscode\extensions\redhat.java-1.52.0-win32-x64\jre\21.0.9-win32-x86_64\bin\verify.dll
Event: 3.376 Loaded shared library C:\Users\JEREMIE\AppData\Roaming\Code\User\globalStorage\redhat.java\1.52.0\config_win\org.eclipse.equinox.launcher\org.eclipse.equinox.launcher.win32.win32.x86_64_1.2.1500.v20260121-1430\eclipse_11919.dll
Event: 6.331 Loaded shared library C:\Users\JEREMIE\AppData\Local\Temp\jna--990932293\jna1694316534705313343.dll
Event: 10.915 Loaded shared library C:\Users\JEREMIE\.vscode\extensions\redhat.java-1.52.0-win32-x64\jre\21.0.9-win32-x86_64\bin\sunmscapi.dll
Event: 11.266 Loaded shared library C:\Users\JEREMIE\.vscode\extensions\redhat.java-1.52.0-win32-x64\jre\21.0.9-win32-x86_64\bin\extnet.dll
Event: 21.173 Loaded shared library C:\Users\JEREMIE\.gradle\native\c067742578af261105cb4f569cf0c3c89f3d7b1fecec35dd04571415982c5e48\windows-amd64\native-platform.dll
Event: 24.896 Loaded shared library C:\Users\JEREMIE\.vscode\extensions\redhat.java-1.52.0-win32-x64\jre\21.0.9-win32-x86_64\bin\management.dll
Event: 24.900 Loaded shared library C:\Users\JEREMIE\.vscode\extensions\redhat.java-1.52.0-win32-x64\jre\21.0.9-win32-x86_64\bin\management_ext.dll

Deoptimization events (20 events):
Event: 1025.811 Thread 0x000002477120cad0 Uncommon trap: trap_request=0xffffffc6 fr.pc=0x000002471e67e99c relative=0x0000000000008d5c
Event: 1025.811 Thread 0x000002477120cad0 Uncommon trap: reason=bimorphic_or_optimized_type_check action=maybe_recompile pc=0x000002471e67e99c method=org.eclipse.jdt.internal.core.search.indexing.BinaryIndexer.indexDocument()V @ 999 c2
Event: 1025.811 Thread 0x000002477120cad0 DEOPT PACKING pc=0x000002471e67e99c sp=0x0000009e536febd0
Event: 1025.811 Thread 0x000002477120cad0 DEOPT UNPACKING pc=0x000002471d823aa2 sp=0x0000009e536feb90 mode 2
Event: 1025.812 Thread 0x000002477120cad0 Uncommon trap: trap_request=0xffffffc6 fr.pc=0x000002471e67e99c relative=0x0000000000008d5c
Event: 1025.812 Thread 0x000002477120cad0 Uncommon trap: reason=bimorphic_or_optimized_type_check action=maybe_recompile pc=0x000002471e67e99c method=org.eclipse.jdt.internal.core.search.indexing.BinaryIndexer.indexDocument()V @ 999 c2
Event: 1025.812 Thread 0x000002477120cad0 DEOPT PACKING pc=0x000002471e67e99c sp=0x0000009e536febd0
Event: 1025.812 Thread 0x000002477120cad0 DEOPT UNPACKING pc=0x000002471d823aa2 sp=0x0000009e536feb90 mode 2
Event: 1026.879 Thread 0x000002477120cad0 Uncommon trap: trap_request=0xffffff45 fr.pc=0x000002471e6bb4b8 relative=0x0000000000002898
Event: 1026.879 Thread 0x000002477120cad0 Uncommon trap: reason=unstable_if action=reinterpret pc=0x000002471e6bb4b8 method=org.eclipse.jdt.internal.compiler.classfmt.MethodInfo.createMethod([B[IIJ)Lorg/eclipse/jdt/internal/compiler/classfmt/MethodInfo; @ 167 c2
Event: 1026.879 Thread 0x000002477120cad0 DEOPT PACKING pc=0x000002471e6bb4b8 sp=0x0000009e536fe9c0
Event: 1026.879 Thread 0x000002477120cad0 DEOPT UNPACKING pc=0x000002471d823aa2 sp=0x0000009e536fe930 mode 2
Event: 1026.880 Thread 0x000002477120cad0 Uncommon trap: trap_request=0xffffff45 fr.pc=0x000002471de163d0 relative=0x0000000000000cd0
Event: 1026.880 Thread 0x000002477120cad0 Uncommon trap: reason=unstable_if action=reinterpret pc=0x000002471de163d0 method=org.eclipse.jdt.internal.compiler.classfmt.MethodInfo.readModifierRelatedAttributes()V @ 136 c2
Event: 1026.880 Thread 0x000002477120cad0 DEOPT PACKING pc=0x000002471de163d0 sp=0x0000009e536feaa0
Event: 1026.880 Thread 0x000002477120cad0 DEOPT UNPACKING pc=0x000002471d823aa2 sp=0x0000009e536fea68 mode 2
Event: 1027.541 Thread 0x000002477120cad0 Uncommon trap: trap_request=0xffffff45 fr.pc=0x000002471e6d45f4 relative=0x0000000000001bb4
Event: 1027.541 Thread 0x000002477120cad0 Uncommon trap: reason=unstable_if action=reinterpret pc=0x000002471e6d45f4 method=org.eclipse.jdt.internal.compiler.parser.Scanner.internalScanIdentifierOrKeyword(II[C)Lorg/eclipse/jdt/internal/compiler/parser/TerminalToken; @ 2938 c2
Event: 1027.541 Thread 0x000002477120cad0 DEOPT PACKING pc=0x000002471e6d45f4 sp=0x0000009e536fecc0
Event: 1027.541 Thread 0x000002477120cad0 DEOPT UNPACKING pc=0x000002471d823aa2 sp=0x0000009e536fec60 mode 2

Classes loaded (20 events):
Event: 849.264 Loading class java/nio/channels/spi/AbstractSelector$1
Event: 849.268 Loading class java/nio/channels/spi/AbstractSelector$1 done
Event: 849.411 Loading class java/util/concurrent/Executors$AutoShutdownDelegatedExecutorService
Event: 849.412 Loading class java/util/concurrent/Executors$AutoShutdownDelegatedExecutorService done
Event: 850.804 Loading class java/lang/UnsupportedClassVersionError
Event: 850.804 Loading class java/lang/UnsupportedClassVersionError done
Event: 869.992 Loading class java/time/Ser
Event: 869.996 Loading class java/time/Ser done
Event: 951.047 Loading class java/io/ObjectInputStream$Caches
Event: 951.048 Loading class java/io/ObjectInputStream$Caches done
Event: 951.048 Loading class java/io/ObjectInputStream$Caches$1
Event: 951.049 Loading class java/io/ObjectInputStream$Caches$1 done
Event: 1013.173 Loading class sun/reflect/generics/tree/IntSignature
Event: 1013.176 Loading class sun/reflect/generics/tree/IntSignature done
Event: 1013.474 Loading class sun/nio/ch/ChannelOutputStream
Event: 1013.476 Loading class sun/nio/ch/ChannelOutputStream done
Event: 1014.670 Loading class java/util/ArrayDeque$DeqSpliterator
Event: 1014.676 Loading class java/util/ArrayDeque$DeqSpliterator done
Event: 1015.406 Loading class sun/net/util/SocketExceptions
Event: 1015.407 Loading class sun/net/util/SocketExceptions done

Classes unloaded (7 events):
Event: 7.439 Thread 0x00000247130336b0 Unloading class 0x000002472b1a3800 'java/lang/invoke/LambdaForm$MH+0x000002472b1a3800'
Event: 7.439 Thread 0x00000247130336b0 Unloading class 0x000002472b1a3400 'java/lang/invoke/LambdaForm$MH+0x000002472b1a3400'
Event: 7.439 Thread 0x00000247130336b0 Unloading class 0x000002472b1a3000 'java/lang/invoke/LambdaForm$MH+0x000002472b1a3000'
Event: 7.439 Thread 0x00000247130336b0 Unloading class 0x000002472b1a2c00 'java/lang/invoke/LambdaForm$MH+0x000002472b1a2c00'
Event: 7.439 Thread 0x00000247130336b0 Unloading class 0x000002472b1a2800 'java/lang/invoke/LambdaForm$BMH+0x000002472b1a2800'
Event: 7.439 Thread 0x00000247130336b0 Unloading class 0x000002472b1a2400 'java/lang/invoke/LambdaForm$DMH+0x000002472b1a2400'
Event: 7.439 Thread 0x00000247130336b0 Unloading class 0x000002472b1a1000 'java/lang/invoke/LambdaForm$DMH+0x000002472b1a1000'

Classes redefined (0 events):
No events

Internal exceptions (20 events):
Event: 1015.851 Thread 0x000002477120cad0 Exception <a 'sun/nio/fs/WindowsException'{0x00000000d59e0780}> (0x00000000d59e0780) 
thrown [s\src\hotspot\share\prims\jni.cpp, line 520]
Event: 1016.531 Thread 0x000002477120cad0 Exception <a 'sun/nio/fs/WindowsException'{0x00000000d58090b0}> (0x00000000d58090b0) 
thrown [s\src\hotspot\share\prims\jni.cpp, line 520]
Event: 1017.050 Thread 0x000002477120a370 Exception <a 'sun/nio/fs/WindowsException'{0x00000000d5788b90}> (0x00000000d5788b90) 
thrown [s\src\hotspot\share\prims\jni.cpp, line 520]
Event: 1017.050 Thread 0x000002477120a370 Exception <a 'sun/nio/fs/WindowsException'{0x00000000d57893f8}> (0x00000000d57893f8) 
thrown [s\src\hotspot\share\prims\jni.cpp, line 520]
Event: 1017.161 Thread 0x000002477120a370 Exception <a 'sun/nio/fs/WindowsException'{0x00000000d5b1d7b8}> (0x00000000d5b1d7b8) 
thrown [s\src\hotspot\share\prims\jni.cpp, line 520]
Event: 1017.161 Thread 0x000002477120a370 Exception <a 'sun/nio/fs/WindowsException'{0x00000000d5b1e020}> (0x00000000d5b1e020) 
thrown [s\src\hotspot\share\prims\jni.cpp, line 520]
Event: 1017.161 Thread 0x000002477120a370 Exception <a 'sun/nio/fs/WindowsException'{0x00000000d5b7dc80}> (0x00000000d5b7dc80) 
thrown [s\src\hotspot\share\prims\jni.cpp, line 520]
Event: 1017.161 Thread 0x000002477120a370 Exception <a 'sun/nio/fs/WindowsException'{0x00000000d5b7e4e8}> (0x00000000d5b7e4e8) 
thrown [s\src\hotspot\share\prims\jni.cpp, line 520]
Event: 1017.176 Thread 0x000002477120a370 Exception <a 'sun/nio/fs/WindowsException'{0x00000000d560be28}> (0x00000000d560be28) 
thrown [s\src\hotspot\share\prims\jni.cpp, line 520]
Event: 1017.176 Thread 0x000002477120a370 Exception <a 'sun/nio/fs/WindowsException'{0x00000000d560c690}> (0x00000000d560c690) 
thrown [s\src\hotspot\share\prims\jni.cpp, line 520]
Event: 1017.181 Thread 0x000002477120a370 Exception <a 'sun/nio/fs/WindowsException'{0x00000000d57cc370}> (0x00000000d57cc370) 
thrown [s\src\hotspot\share\prims\jni.cpp, line 520]
Event: 1017.181 Thread 0x000002477120a370 Exception <a 'sun/nio/fs/WindowsException'{0x00000000d57ccbd8}> (0x00000000d57ccbd8) 
thrown [s\src\hotspot\share\prims\jni.cpp, line 520]
Event: 1022.924 Thread 0x000002477120cad0 Exception <a 'sun/nio/fs/WindowsException'{0x00000000d577a148}> (0x00000000d577a148) 
thrown [s\src\hotspot\share\prims\jni.cpp, line 520]
Event: 1023.350 Thread 0x000002477120cad0 Implicit null exception at 0x000002471e6b174e to 0x000002471e6b2548
Event: 1024.178 Thread 0x000002477120cad0 Exception <a 'sun/nio/fs/WindowsException'{0x00000000d57c8208}> (0x00000000d57c8208) 
thrown [s\src\hotspot\share\prims\jni.cpp, line 520]
Event: 1024.344 Thread 0x000002477120cad0 Exception <a 'sun/nio/fs/WindowsException'{0x00000000d586df68}> (0x00000000d586df68) 
thrown [s\src\hotspot\share\prims\jni.cpp, line 520]
Event: 1024.466 Thread 0x000002477120cad0 Exception <a 'sun/nio/fs/WindowsException'{0x00000000d5822be8}> (0x00000000d5822be8) 
thrown [s\src\hotspot\share\prims\jni.cpp, line 520]
Event: 1024.507 Thread 0x000002477120cad0 Exception <a 'sun/nio/fs/WindowsException'{0x00000000d558d6b0}> (0x00000000d558d6b0) 
thrown [s\src\hotspot\share\prims\jni.cpp, line 520]
Event: 1024.545 Thread 0x000002477120cad0 Exception <a 'sun/nio/fs/WindowsException'{0x00000000d579ae30}> (0x00000000d579ae30) 
thrown [s\src\hotspot\share\prims\jni.cpp, line 520]
Event: 1025.441 Thread 0x000002477120cad0 Exception <a 'sun/nio/fs/WindowsException'{0x00000000d58dbf78}> (0x00000000d58dbf78) 
thrown [s\src\hotspot\share\prims\jni.cpp, line 520]

ZGC Phase Switch (0 events):
No events

VM Operations (20 events):
Event: 1027.908 Executing VM operation: ParallelGCFailedAllocation (Allocation Failure)
Event: 1027.913 Executing VM operation: ParallelGCFailedAllocation (Allocation Failure) done
Event: 1027.967 Executing VM operation: ParallelGCFailedAllocation (Allocation Failure)
Event: 1027.971 Executing VM operation: ParallelGCFailedAllocation (Allocation Failure) done
Event: 1028.013 Executing VM operation: ParallelGCFailedAllocation (Allocation Failure)
Event: 1028.019 Executing VM operation: ParallelGCFailedAllocation (Allocation Failure) done
Event: 1028.081 Executing VM operation: ParallelGCFailedAllocation (Allocation Failure)
Event: 1028.085 Executing VM operation: ParallelGCFailedAllocation (Allocation Failure) done
Event: 1028.124 Executing VM operation: ParallelGCFailedAllocation (Allocation Failure)
Event: 1028.128 Executing VM operation: ParallelGCFailedAllocation (Allocation Failure) done
Event: 1028.173 Executing VM operation: ParallelGCFailedAllocation (Allocation Failure)
Event: 1028.177 Executing VM operation: ParallelGCFailedAllocation (Allocation Failure) done
Event: 1028.228 Executing VM operation: ParallelGCFailedAllocation (Allocation Failure)
Event: 1028.234 Executing VM operation: ParallelGCFailedAllocation (Allocation Failure) done
Event: 1028.264 Executing VM operation: ParallelGCFailedAllocation (Allocation Failure)
Event: 1028.270 Executing VM operation: ParallelGCFailedAllocation (Allocation Failure) done
Event: 1028.322 Executing VM operation: ParallelGCFailedAllocation (Allocation Failure)
Event: 1028.325 Executing VM operation: ParallelGCFailedAllocation (Allocation Failure) done
Event: 1028.428 Executing VM operation: ParallelGCFailedAllocation (Allocation Failure)
Event: 1028.433 Executing VM operation: ParallelGCFailedAllocation (Allocation Failure) done

Memory protections (0 events):
No events

Nmethod flushes (20 events):
Event: 24.372 Thread 0x00000247130336b0 flushing  nmethod 0x0000024716b77f10
Event: 24.372 Thread 0x00000247130336b0 flushing  nmethod 0x0000024716b78790
Event: 24.372 Thread 0x00000247130336b0 flushing  nmethod 0x0000024716b78d10
Event: 24.372 Thread 0x00000247130336b0 flushing  nmethod 0x0000024716b79410
Event: 24.372 Thread 0x00000247130336b0 flushing  nmethod 0x0000024716b79c10
Event: 24.372 Thread 0x00000247130336b0 flushing  nmethod 0x0000024716b7a110
Event: 24.372 Thread 0x00000247130336b0 flushing  nmethod 0x0000024716b7ae90
Event: 24.372 Thread 0x00000247130336b0 flushing  nmethod 0x0000024716b81210
Event: 24.372 Thread 0x00000247130336b0 flushing  nmethod 0x0000024716b94710
Event: 24.372 Thread 0x00000247130336b0 flushing  nmethod 0x0000024716b9b510
Event: 24.372 Thread 0x00000247130336b0 flushing  nmethod 0x0000024716b9ed90
Event: 24.372 Thread 0x00000247130336b0 flushing  nmethod 0x0000024716ba2590
Event: 24.372 Thread 0x00000247130336b0 flushing  nmethod 0x0000024716ba2b90
Event: 24.372 Thread 0x00000247130336b0 flushing  nmethod 0x0000024716bab110
Event: 24.372 Thread 0x00000247130336b0 flushing  nmethod 0x0000024716baf090
Event: 24.372 Thread 0x00000247130336b0 flushing  nmethod 0x0000024716bc9d10
Event: 24.372 Thread 0x00000247130336b0 flushing  nmethod 0x0000024716bd0010
Event: 24.372 Thread 0x00000247130336b0 flushing  nmethod 0x0000024716bda890
Event: 24.372 Thread 0x00000247130336b0 flushing  nmethod 0x0000024716bde090
Event: 24.372 Thread 0x00000247130336b0 flushing  nmethod 0x0000024716c11610

Events (20 events):
Event: 1014.749 Thread 0x000002477120b720 Thread added: 0x00000247714e0910
Event: 1015.297 Thread 0x000002477120b720 Thread added: 0x00000247714e0fa0
Event: 1015.302 Thread 0x000002476c6e8420 Thread added: 0x00000247714df560
Event: 1015.335 Thread 0x000002476c6e8420 Thread added: 0x00000247714dfbf0
Event: 1015.375 Thread 0x000002477120a370 Thread added: 0x000002476c6e5630
Event: 1015.380 Thread 0x000002476c6e5630 Thread exited: 0x000002476c6e5630
Event: 1015.399 Thread 0x00000247714dfbf0 Thread added: 0x000002476c6e3560
Event: 1015.401 Thread 0x000002477120a370 Thread added: 0x000002476c6e97d0
Event: 1015.402 Thread 0x000002476c6e97d0 Thread added: 0x000002476c6e5630
Event: 1015.403 Thread 0x000002476c6e97d0 Thread added: 0x000002476c6e7700
Event: 1015.403 Thread 0x000002476c6e97d0 Thread added: 0x000002476c6e7d90
Event: 1015.403 Thread 0x000002476c6e97d0 Thread added: 0x000002477120bdb0
Event: 1015.408 Thread 0x000002477120bdb0 Thread exited: 0x000002477120bdb0
Event: 1015.409 Thread 0x000002476c6e5630 Thread exited: 0x000002476c6e5630
Event: 1015.409 Thread 0x000002476c6e7d90 Thread exited: 0x000002476c6e7d90
Event: 1015.409 Thread 0x000002476c6e7700 Thread exited: 0x000002476c6e7700
Event: 1015.409 Thread 0x000002476c6e97d0 Thread exited: 0x000002476c6e97d0
Event: 1018.576 Thread 0x000002476c3a5290 Thread added: 0x00000247744fa160
Event: 1020.015 Thread 0x00000247744fa160 Thread exited: 0x00000247744fa160
Event: 1020.577 Thread 0x00000247744f93c0 Thread exited: 0x00000247744f93c0


Dynamic libraries:
0x00007ff6aa7c0000 - 0x00007ff6aa7ce000 	c:\Users\JEREMIE\.vscode\extensions\redhat.java-1.52.0-win32-x64\jre\21.0.9-win32-x86_64\bin\java.exe
0x00007ffcf5470000 - 0x00007ffcf5688000 	C:\WINDOWS\SYSTEM32\ntdll.dll
0x00007ffcf4700000 - 0x00007ffcf47c4000 	C:\WINDOWS\System32\KERNEL32.DLL
0x00007ffcf2aa0000 - 0x00007ffcf2e73000 	C:\WINDOWS\System32\KERNELBASE.dll
0x00007ffcf2720000 - 0x00007ffcf2831000 	C:\WINDOWS\System32\ucrtbase.dll
0x00007ffccd9e0000 - 0x00007ffccd9f8000 	c:\Users\JEREMIE\.vscode\extensions\redhat.java-1.52.0-win32-x64\jre\21.0.9-win32-x86_64\bin\jli.dll
0x00007ffcf5270000 - 0x00007ffcf5422000 	C:\WINDOWS\System32\USER32.dll
0x00007ffcf2e80000 - 0x00007ffcf2ea6000 	C:\WINDOWS\System32\win32u.dll
0x00007ffcf3140000 - 0x00007ffcf3169000 	C:\WINDOWS\System32\GDI32.dll
0x00007ffcf2900000 - 0x00007ffcf2a1b000 	C:\WINDOWS\System32\gdi32full.dll
0x00007ffcf2f30000 - 0x00007ffcf2fca000 	C:\WINDOWS\System32\msvcp_win.dll
0x00007ffccd6c0000 - 0x00007ffccd6de000 	c:\Users\JEREMIE\.vscode\extensions\redhat.java-1.52.0-win32-x64\jre\21.0.9-win32-x86_64\bin\VCRUNTIME140.dll
0x00007ffcda760000 - 0x00007ffcda9fc000 	C:\WINDOWS\WinSxS\amd64_microsoft.windows.common-controls_6595b64144ccf1df_6.0.22621.6060_none_2712eda17382d24b\COMCTL32.dll
0x00007ffcf4300000 - 0x00007ffcf43a7000 	C:\WINDOWS\System32\msvcrt.dll
0x00007ffcf4a20000 - 0x00007ffcf4a51000 	C:\WINDOWS\System32\IMM32.DLL
0x000000006eb90000 - 0x000000006eb9d000 	C:\Program Files (x86)\360\Total Security\safemon\SafeWrapper.dll
0x00007ffcf43b0000 - 0x00007ffcf4461000 	C:\WINDOWS\System32\ADVAPI32.dll
0x00007ffcf3170000 - 0x00007ffcf3218000 	C:\WINDOWS\System32\sechost.dll
0x00007ffcf2580000 - 0x00007ffcf25a8000 	C:\WINDOWS\System32\bcrypt.dll
0x00007ffcf47d0000 - 0x00007ffcf48e8000 	C:\WINDOWS\System32\RPCRT4.dll
0x00007ffcea3d0000 - 0x00007ffcea4d5000 	C:\Program Files (x86)\360\Total Security\safemon\libzdtp64.dll
0x00007ffcf3220000 - 0x00007ffcf3abc000 	C:\WINDOWS\System32\SHELL32.dll
0x00007ffcf2fd0000 - 0x00007ffcf310f000 	C:\WINDOWS\System32\wintypes.dll
0x00007ffcf4ed0000 - 0x00007ffcf5261000 	C:\WINDOWS\System32\combase.dll
0x00007ffcf4c80000 - 0x00007ffcf4ce9000 	C:\WINDOWS\System32\SHLWAPI.dll
0x00007ffcf1f50000 - 0x00007ffcf1f5a000 	C:\WINDOWS\SYSTEM32\VERSION.dll
0x00007ffccd930000 - 0x00007ffccd93c000 	c:\Users\JEREMIE\.vscode\extensions\redhat.java-1.52.0-win32-x64\jre\21.0.9-win32-x86_64\bin\vcruntime140_1.dll
0x00007ffcbcf10000 - 0x00007ffcbcf9d000 	c:\Users\JEREMIE\.vscode\extensions\redhat.java-1.52.0-win32-x64\jre\21.0.9-win32-x86_64\bin\msvcp140.dll
0x00007ffc5e960000 - 0x00007ffc5f700000 	c:\Users\JEREMIE\.vscode\extensions\redhat.java-1.52.0-win32-x64\jre\21.0.9-win32-x86_64\bin\server\jvm.dll
0x00007ffcf4470000 - 0x00007ffcf44e1000 	C:\WINDOWS\System32\WS2_32.dll
0x00007ffcf2450000 - 0x00007ffcf249d000 	C:\WINDOWS\SYSTEM32\POWRPROF.dll
0x00007ffcedc00000 - 0x00007ffcedc34000 	C:\WINDOWS\SYSTEM32\WINMM.dll
0x00007ffcf2430000 - 0x00007ffcf2443000 	C:\WINDOWS\SYSTEM32\UMPDC.dll
0x00007ffcf14f0000 - 0x00007ffcf1508000 	C:\WINDOWS\SYSTEM32\kernel.appcore.dll
0x00007ffccd850000 - 0x00007ffccd85a000 	c:\Users\JEREMIE\.vscode\extensions\redhat.java-1.52.0-win32-x64\jre\21.0.9-win32-x86_64\bin\jimage.dll
0x00007ffceff20000 - 0x00007ffcf0153000 	C:\WINDOWS\SYSTEM32\DBGHELP.DLL
0x00007ffcf3fd0000 - 0x00007ffcf40a8000 	C:\WINDOWS\System32\OLEAUT32.dll
0x00007ffccd250000 - 0x00007ffccd282000 	C:\WINDOWS\SYSTEM32\dbgcore.DLL
0x00007ffcf2a20000 - 0x00007ffcf2a9b000 	C:\WINDOWS\System32\bcryptPrimitives.dll
0x00007ffcc4fb0000 - 0x00007ffcc4fbf000 	c:\Users\JEREMIE\.vscode\extensions\redhat.java-1.52.0-win32-x64\jre\21.0.9-win32-x86_64\bin\instrument.dll
0x00007ffccd6a0000 - 0x00007ffccd6c0000 	c:\Users\JEREMIE\.vscode\extensions\redhat.java-1.52.0-win32-x64\jre\21.0.9-win32-x86_64\bin\java.dll
0x00007ffcf0410000 - 0x00007ffcf0d2a000 	C:\WINDOWS\SYSTEM32\windows.storage.dll
0x00007ffcf4a60000 - 0x00007ffcf4b64000 	C:\WINDOWS\System32\SHCORE.dll
0x00007ffcf24b0000 - 0x00007ffcf24d5000 	C:\WINDOWS\SYSTEM32\profapi.dll
0x00007ffccd130000 - 0x00007ffccd148000 	c:\Users\JEREMIE\.vscode\extensions\redhat.java-1.52.0-win32-x64\jre\21.0.9-win32-x86_64\bin\zip.dll
0x00007ffccd5c0000 - 0x00007ffccd5d0000 	C:\Users\JEREMIE\.vscode\extensions\redhat.java-1.52.0-win32-x64\jre\21.0.9-win32-x86_64\bin\net.dll
0x00007ffcee940000 - 0x00007ffceea6c000 	C:\WINDOWS\SYSTEM32\WINHTTP.dll
0x00007ffcf19d0000 - 0x00007ffcf1a39000 	C:\WINDOWS\system32\mswsock.dll
0x00007ffcc4fc0000 - 0x00007ffcc4fd6000 	C:\Users\JEREMIE\.vscode\extensions\redhat.java-1.52.0-win32-x64\jre\21.0.9-win32-x86_64\bin\nio.dll
0x00007ffcc4fa0000 - 0x00007ffcc4fb0000 	c:\Users\JEREMIE\.vscode\extensions\redhat.java-1.52.0-win32-x64\jre\21.0.9-win32-x86_64\bin\verify.dll
0x00007ffcbdb40000 - 0x00007ffcbdb85000 	C:\Users\JEREMIE\AppData\Roaming\Code\User\globalStorage\redhat.java\1.52.0\config_win\org.eclipse.equinox.launcher\org.eclipse.equinox.launcher.win32.win32.x86_64_1.2.1500.v20260121-1430\eclipse_11919.dll
0x00007ffcf4540000 - 0x00007ffcf46e1000 	C:\WINDOWS\System32\ole32.dll
0x00007ffcf1c20000 - 0x00007ffcf1c3b000 	C:\WINDOWS\SYSTEM32\CRYPTSP.dll
0x00007ffcf1450000 - 0x00007ffcf1487000 	C:\WINDOWS\system32\rsaenh.dll
0x00007ffcf1ac0000 - 0x00007ffcf1ae8000 	C:\WINDOWS\SYSTEM32\USERENV.dll
0x00007ffcf1c40000 - 0x00007ffcf1c4c000 	C:\WINDOWS\SYSTEM32\CRYPTBASE.dll
0x00007ffcf0f90000 - 0x00007ffcf0fbd000 	C:\WINDOWS\SYSTEM32\IPHLPAPI.DLL
0x00007ffcf4cf0000 - 0x00007ffcf4cf9000 	C:\WINDOWS\System32\NSI.dll
0x00007ffc9ad20000 - 0x00007ffc9ad69000 	C:\Users\JEREMIE\AppData\Local\Temp\jna--990932293\jna1694316534705313343.dll
0x00007ffcf4d00000 - 0x00007ffcf4d08000 	C:\WINDOWS\System32\PSAPI.DLL
0x00007ffceeba0000 - 0x00007ffceebb9000 	C:\WINDOWS\SYSTEM32\dhcpcsvc6.DLL
0x00007ffcee580000 - 0x00007ffcee59f000 	C:\WINDOWS\SYSTEM32\dhcpcsvc.DLL
0x00007ffcc7180000 - 0x00007ffcc718e000 	C:\Users\JEREMIE\.vscode\extensions\redhat.java-1.52.0-win32-x64\jre\21.0.9-win32-x86_64\bin\sunmscapi.dll
0x00007ffcf25b0000 - 0x00007ffcf2718000 	C:\WINDOWS\System32\CRYPT32.dll
0x00007ffcf1de0000 - 0x00007ffcf1e0e000 	C:\WINDOWS\SYSTEM32\ncrypt.dll
0x00007ffcf1da0000 - 0x00007ffcf1dd7000 	C:\WINDOWS\SYSTEM32\NTASN1.dll
0x00007ffcf1000000 - 0x00007ffcf10f8000 	C:\WINDOWS\SYSTEM32\DNSAPI.dll
0x00007ffce4d70000 - 0x00007ffce4d7a000 	C:\Windows\System32\rasadhlp.dll
0x00007ffcebc20000 - 0x00007ffcebca4000 	C:\WINDOWS\System32\fwpuclnt.dll
0x00007ffcc5060000 - 0x00007ffcc5069000 	C:\Users\JEREMIE\.vscode\extensions\redhat.java-1.52.0-win32-x64\jre\21.0.9-win32-x86_64\bin\extnet.dll
0x00007ffcb14d0000 - 0x00007ffcb14f7000 	C:\Users\JEREMIE\.gradle\native\c067742578af261105cb4f569cf0c3c89f3d7b1fecec35dd04571415982c5e48\windows-amd64\native-platform.dll
0x00007ffcccd20000 - 0x00007ffcccd2a000 	C:\Users\JEREMIE\.vscode\extensions\redhat.java-1.52.0-win32-x64\jre\21.0.9-win32-x86_64\bin\management.dll
0x00007ffcc75b0000 - 0x00007ffcc75bc000 	C:\Users\JEREMIE\.vscode\extensions\redhat.java-1.52.0-win32-x64\jre\21.0.9-win32-x86_64\bin\management_ext.dll
0x00007ffcef3d0000 - 0x00007ffcef3d8000 	C:\WINDOWS\system32\wshunix.dll

JVMTI agents:
c:\Users\JEREMIE\.vscode\extensions\redhat.java-1.52.0-win32-x64\lombok\lombok-1.18.39-4050.jar path:c:\Users\JEREMIE\.vscode\extensions\redhat.java-1.52.0-win32-x64\jre\21.0.9-win32-x86_64\bin\instrument.dll, loaded, initialized, instrumentlib options:none

dbghelp: loaded successfully - version: 4.0.5 - missing functions: none
symbol engine: initialized successfully - sym options: 0x614 - pdb path: .;c:\Users\JEREMIE\.vscode\extensions\redhat.java-1.52.0-win32-x64\jre\21.0.9-win32-x86_64\bin;C:\WINDOWS\SYSTEM32;C:\WINDOWS\WinSxS\amd64_microsoft.windows.common-controls_6595b64144ccf1df_6.0.22621.6060_none_2712eda17382d24b;C:\Program Files (x86)\360\Total Security\safemon;c:\Users\JEREMIE\.vscode\extensions\redhat.java-1.52.0-win32-x64\jre\21.0.9-win32-x86_64\bin\server;C:\Users\JEREMIE\AppData\Roaming\Code\User\globalStorage\redhat.java\1.52.0\config_win\org.eclipse.equinox.launcher\org.eclipse.equinox.launcher.win32.win32.x86_64_1.2.1500.v20260121-1430;C:\Users\JEREMIE\AppData\Local\Temp\jna--990932293;C:\Users\JEREMIE\.gradle\native\c067742578af261105cb4f569cf0c3c89f3d7b1fecec35dd04571415982c5e48\windows-amd64

VM Arguments:
jvm_args: --add-modules=ALL-SYSTEM --add-opens=java.base/java.util=ALL-UNNAMED --add-opens=java.base/java.lang=ALL-UNNAMED --add-opens=java.base/sun.nio.fs=ALL-UNNAMED -Declipse.application=org.eclipse.jdt.ls.core.id1 -Dosgi.bundles.defaultStartLevel=4 -Declipse.product=org.eclipse.jdt.ls.core.product -Djava.import.generatesMetadataFilesAtProjectRoot=false -DDetectVMInstallationsJob.disabled=true -Dfile.encoding=utf8 -XX:+UseParallelGC -XX:GCTimeRatio=4 -XX:AdaptiveSizePolicyWeight=90 -Dsun.zip.disableMemoryMapping=true -Xmx2G -Xms100m -Xlog:disable -javaagent:c:\Users\JEREMIE\.vscode\extensions\redhat.java-1.52.0-win32-x64\lombok\lombok-1.18.39-4050.jar -XX:+HeapDumpOnOutOfMemoryError -XX:HeapDumpPath=c:\Users\JEREMIE\AppData\Roaming\Code\User\workspaceStorage\0d0dc66021fd9c084b5d0c9a4c556c2b\redhat.java -Daether.dependencyCollector.impl=bf 
java_command: c:\Users\JEREMIE\.vscode\extensions\redhat.java-1.52.0-win32-x64\server\plugins\org.eclipse.equinox.launcher_1.7.100.v20251111-0406.jar -configuration c:\Users\JEREMIE\AppData\Roaming\Code\User\globalStorage\redhat.java\1.52.0\config_win -data c:\Users\JEREMIE\AppData\Roaming\Code\User\workspaceStorage\0d0dc66021fd9c084b5d0c9a4c556c2b\redhat.java\jdt_ws --pipe=\\.\pipe\lsp-2d9d2fffc4e1237fe0b4b0161711c013-sock
java_class_path (initial): c:\Users\JEREMIE\.vscode\extensions\redhat.java-1.52.0-win32-x64\server\plugins\org.eclipse.equinox.launcher_1.7.100.v20251111-0406.jar
Launcher Type: SUN_STANDARD

[Global flags]
    uintx AdaptiveSizePolicyWeight                 = 90                                        {product} {command line}
     intx CICompilerCount                          = 4                                         {product} {ergonomic}
    uintx GCTimeRatio                              = 4                                         {product} {command line}
     bool HeapDumpOnOutOfMemoryError               = true                                   {manageable} {command line}
    ccstr HeapDumpPath                             = c:\Users\JEREMIE\AppData\Roaming\Code\User\workspaceStorage\0d0dc66021fd9c084b5d0c9a4c556c2b\redhat.java         {manageable} {command line}
   size_t InitialHeapSize                          = 104857600                                 {product} {command line}
   size_t MaxHeapSize                              = 2147483648                                {product} {command line}
   size_t MaxNewSize                               = 715653120                                 {product} {ergonomic}
   size_t MinHeapDeltaBytes                        = 524288                                    {product} {ergonomic}
   size_t MinHeapSize                              = 104857600                                 {product} {command line}
   size_t NewSize                                  = 34603008                                  {product} {ergonomic}
    uintx NonNMethodCodeHeapSize                   = 5839372                                {pd product} {ergonomic}
    uintx NonProfiledCodeHeapSize                  = 122909434                              {pd product} {ergonomic}
   size_t OldSize                                  = 70254592                                  {product} {ergonomic}
    uintx ProfiledCodeHeapSize                     = 122909434                              {pd product} {ergonomic}
    uintx ReservedCodeCacheSize                    = 251658240                              {pd product} {ergonomic}
     bool SegmentedCodeCache                       = true                                      {product} {ergonomic}
   size_t SoftMaxHeapSize                          = 2147483648                             {manageable} {ergonomic}
     bool UseCompressedOops                        = true                           {product lp64_product} {ergonomic}
     bool UseLargePagesIndividualAllocation        = false                                  {pd product} {ergonomic}
     bool UseParallelGC                            = true                                      {product} {command line}

Logging:
Log output configuration:
 #0: stdout all=off uptime,level,tags foldmultilines=false
 #1: stderr all=off uptime,level,tags foldmultilines=false

Release file:
JAVA_VERSION="21.0.9" 
MODULES="java.base java.compiler java.datatransfer java.xml java.prefs java.desktop java.instrument java.logging java.management java.security.sasl java.naming java.rmi java.management.rmi java.net.http java.scripting java.security.jgss java.transaction.xa java.sql java.sql.rowset java.xml.crypto java.se java.smartcardio jdk.accessibility jdk.internal.jvmstat jdk.attach jdk.charsets jdk.internal.opt jdk.zipfs jdk.compiler jdk.crypto.ec jdk.crypto.cryptoki jdk.crypto.mscapi jdk.dynalink jdk.internal.ed jdk.editpad jdk.hotspot.agent jdk.httpserver jdk.internal.le jdk.internal.vm.ci jdk.internal.vm.compiler jdk.internal.vm.compiler.management jdk.jartool jdk.javadoc jdk.jcmd jdk.management jdk.management.agent jdk.jconsole jdk.jdeps jdk.jdwp.agent jdk.jdi jdk.jfr jdk.jshell jdk.jsobject jdk.jstatd jdk.localedata jdk.management.jfr jdk.naming.dns jdk.naming.rmi jdk.net jdk.nio.mapmode jdk.random jdk.sctp jdk.security.auth jdk.security.jgss jdk.unsupported jdk.unsupported.desktop jdk.xml.dom" 

Environment Variables:
JAVA_HOME=E:\Programme\Java\jdk-21
PATH=C:\Program Files\Common Files\Oracle\Java\javapath;E:\Programme\Vmware\bin\;E:\Programme\Python39\Scripts\;E:\Programme\Python39\;C:\WINDOWS\system32;C:\WINDOWS;C:\WINDOWS\System32\Wbem;C:\WINDOWS\System32\WindowsPowerShell\v1.0\;C:\WINDOWS\System32\OpenSSH\;E:\Programme\Java\jdk-21\bin;E:\Programme\flutter\flutter\bin;E:\Programme\;E:\Programme\platform-tools;E:\Programme\Git\Git\cmd;C:\apktools;E:\Programme\python38_32bit\Scripts\;E:\Programme\python38_32bit\;C:\Users\JEREMIE\AppData\Local\Microsoft\WindowsApps;E:\Programme\VSCode\Microsoft VS Code\bin;E:\Programme\MinGW\bin;C:\Users\JEREMIE\AppData\Roaming\npm;E:\Programme\flutter\flutter\bin;E:\Programme\jdk-24\bin;;C:\Users\JEREMIE\.lmstudio\bin;E:\Programme\Nmap;C:\Users\JEREMIE\AppData\Local\Programs\Antigravity\bin
USERNAME=JEREMIE
OS=Windows_NT
PROCESSOR_IDENTIFIER=Intel64 Family 6 Model 142 Stepping 12, GenuineIntel
TMP=C:\Users\JEREMIE\AppData\Local\Temp
TEMP=C:\Users\JEREMIE\AppData\Local\Temp




Periodic native trim disabled

---------------  S Y S T E M  ---------------

OS:
 Windows 11 , 64 bit Build 22621 (10.0.22621.5415)
OS uptime: 0 days 16:33 hours

CPU: total 8 (initial active 8) (4 cores per cpu, 2 threads per core) family 6 model 142 stepping 12 microcode 0xfa, cx8, cmov, fxsr, ht, mmx, 3dnowpref, sse, sse2, sse3, ssse3, sse4.1, sse4.2, popcnt, lzcnt, tsc, tscinvbit, avx, avx2, aes, erms, clmul, bmi1, bmi2, adx, fma, vzeroupper, clflush, clflushopt, rdtscp, f16c
Processor Information for the first 8 processors :
  Max Mhz: 1992, Current Mhz: 796, Mhz Limit: 796

Memory: 4k page, system-wide physical 7971M (327M free)
TotalPageFile size 24750M (AvailPageFile size 7M)
current process WorkingSet (physical memory assigned to process): 415M, peak: 642M
current process commit charge ("private bytes"): 979M, peak: 981M

vm_info: OpenJDK 64-Bit Server VM (21.0.9+10-LTS) for windows-amd64 JRE (21.0.9+10-LTS), built on 2025-10-21T00:00:00Z by "admin" with unknown MS VC++:1942

END.
